<?xml version="1.0" encoding="utf-8"?><testsuites name="pytest tests"><testsuite name="pytest" errors="0" failures="0" skipped="3" tests="2007" time="171.724" timestamp="2025-11-11T14:39:00.396007-05:00" hostname="tyler-ThinkPad-T480s"><testcase classname="src.claude_skills.claude_skills.tests.integration.test_ai_tools_cli" name="test_detect_available_tools_discovers_mock_binaries" time="0.002" /><testcase classname="src.claude_skills.claude_skills.tests.integration.test_ai_tools_cli" name="test_check_tool_available_with_version" time="0.010" /><testcase classname="src.claude_skills.claude_skills.tests.integration.test_ai_tools_cli" name="test_detect_available_tools_without_version_check" time="0.002" /><testcase classname="src.claude_skills.claude_skills.tests.integration.test_ai_tools_cli" name="test_detect_available_tools_when_none_available" time="0.001" /><testcase classname="src.claude_skills.claude_skills.tests.integration.test_ai_tools_cli" name="test_detect_available_tools_handles_partial_availability" time="0.001" /><testcase classname="src.claude_skills.claude_skills.tests.integration.test_ai_tools_cli" name="test_build_tool_command_executes_successfully" time="0.003" /><testcase classname="src.claude_skills.claude_skills.tests.integration.test_ai_tools_cli" name="test_build_tool_command_handles_special_characters" time="0.003" /><testcase classname="src.claude_skills.claude_skills.tests.integration.test_ai_tools_cli" name="test_build_tool_command_uses_list_invocation" time="0.001" /><testcase classname="src.claude_skills.claude_skills.tests.integration.test_ai_tools_cli" name="test_execute_tool_runs_mock_binary" time="0.004" /><testcase classname="src.claude_skills.claude_skills.tests.integration.test_ai_tools_cli" name="test_execute_tool_captures_timing_metadata" time="0.005" /><testcase classname="src.claude_skills.claude_skills.tests.integration.test_ai_tools_cli" name="test_execute_tool_handles_missing_tool" time="0.001" /><testcase classname="src.claude_skills.claude_skills.tests.integration.test_ai_tools_cli" name="test_execute_tool_handles_stderr_only_output" time="0.005" /><testcase classname="src.claude_skills.claude_skills.tests.integration.test_ai_tools_cli" name="test_execute_tool_handles_large_output" time="0.011" /><testcase classname="src.claude_skills.claude_skills.tests.integration.test_ai_tools_cli" name="test_execute_tool_handles_unicode_output" time="0.007" /><testcase classname="src.claude_skills.claude_skills.tests.integration.test_ai_tools_cli" name="test_execute_tool_handles_non_zero_exit" time="0.005" /><testcase classname="src.claude_skills.claude_skills.tests.integration.test_ai_tools_cli" name="test_execute_tool_handles_timeout" time="0.206" /><testcase classname="src.claude_skills.claude_skills.tests.integration.test_ai_tools_cli" name="test_execute_tool_handles_crash_exit_code" time="0.022" /><testcase classname="src.claude_skills.claude_skills.tests.integration.test_ai_tools_cli" name="test_execute_tools_parallel_all_success" time="0.028" /><testcase classname="src.claude_skills.claude_skills.tests.integration.test_ai_tools_cli" name="test_execute_tools_parallel_partial_failure" time="0.011" /><testcase classname="src.claude_skills.claude_skills.tests.integration.test_ai_tools_cli" name="test_execute_tools_parallel_collects_statistics" time="0.010" /><testcase classname="src.claude_skills.claude_skills.tests.integration.test_ai_tools_cli" name="test_execute_tools_parallel_empty_tool_list" time="0.001" /><testcase classname="src.claude_skills.claude_skills.tests.integration.test_ai_tools_cli" name="test_execute_tools_parallel_all_fail" time="0.008" /><testcase classname="src.claude_skills.claude_skills.tests.integration.test_ai_tools_cli" name="test_cli_check_tools_reports_mock_binaries" time="0.284" /><testcase classname="src.claude_skills.claude_skills.tests.integration.test_ai_tools_cli" name="test_cli_check_tools_handles_missing_binaries" time="0.280" /><testcase classname="src.claude_skills.claude_skills.tests.integration.test_ai_tools_cli" name="test_real_tools_optional_smoke" time="0.000"><skipped type="pytest.skip" message="Real tool smoke tests disabled (set SDD_TEST_USE_REAL_TOOLS=1 to enable)">/home/tyler/Documents/GitHub/claude-sdd-toolkit/src/claude_skills/claude_skills/tests/integration/test_ai_tools_cli.py:477: Real tool smoke tests disabled (set SDD_TEST_USE_REAL_TOOLS=1 to enable)</skipped></testcase><testcase classname="src.claude_skills.claude_skills.tests.integration.test_bulk_modify.TestBulkModificationWorkflow" name="test_complete_workflow_markdown_to_modifications" time="0.003" /><testcase classname="src.claude_skills.claude_skills.tests.integration.test_bulk_modify.TestBulkModificationWorkflow" name="test_parse_json_review_format" time="0.001" /><testcase classname="src.claude_skills.claude_skills.tests.integration.test_bulk_modify.TestBulkModificationWorkflow" name="test_empty_review_produces_no_suggestions" time="0.001" /><testcase classname="src.claude_skills.claude_skills.tests.integration.test_bulk_modify.TestBulkModificationWorkflow" name="test_malformed_suggestions_handled_gracefully" time="0.001" /><testcase classname="src.claude_skills.claude_skills.tests.integration.test_bulk_modify.TestBulkModificationWorkflow" name="test_review_to_verification_node_creation" time="0.001" /><testcase classname="src.claude_skills.claude_skills.tests.integration.test_bulk_modify.TestErrorHandling" name="test_nonexistent_review_file" time="0.000" /><testcase classname="src.claude_skills.claude_skills.tests.integration.test_bulk_modify.TestErrorHandling" name="test_invalid_json_review" time="0.001" /><testcase classname="src.claude_skills.claude_skills.tests.integration.test_bulk_modify.TestErrorHandling" name="test_unsupported_file_format" time="0.001" /><testcase classname="src.claude_skills.claude_skills.tests.integration.test_bulk_modify.TestErrorHandling" name="test_modifications_file_not_found" time="0.001" /><testcase classname="src.claude_skills.claude_skills.tests.integration.test_doc_cli" name="test_doc_help_lists_key_subcommands" time="0.280" /><testcase classname="src.claude_skills.claude_skills.tests.integration.test_doc_cli" name="test_doc_requires_subcommand" time="0.285" /><testcase classname="src.claude_skills.claude_skills.tests.integration.test_fidelity_incremental_workflow" name="test_get_file_changes_falls_back_on_first_run" time="0.003" /><testcase classname="src.claude_skills.claude_skills.tests.integration.test_fidelity_incremental_workflow" name="test_incremental_file_changes_detect_modifications" time="0.003" /><testcase classname="src.claude_skills.claude_skills.tests.integration.test_fidelity_report_views" name="test_model_comparison_table_renders_expected_sections" time="0.007" /><testcase classname="src.claude_skills.claude_skills.tests.integration.test_fidelity_report_views" name="test_consensus_matrix_handles_categorised_issues" time="0.003" /><testcase classname="src.claude_skills.claude_skills.tests.integration.test_fidelity_report_views" name="test_generate_json_contains_metadata_and_responses" time="0.000" /><testcase classname="src.claude_skills.claude_skills.tests.integration.test_list_commands.TestListSpecsCLI" name="test_list_specs_help" time="0.276" /><testcase classname="src.claude_skills.claude_skills.tests.integration.test_list_commands.TestListSpecsCLI" name="test_list_specs_text_output" time="0.288" /><testcase classname="src.claude_skills.claude_skills.tests.integration.test_list_commands.TestListSpecsCLI" name="test_list_specs_json_output" time="0.323" /><testcase classname="src.claude_skills.claude_skills.tests.integration.test_list_commands.TestListSpecsCLI" name="test_list_specs_empty_directory" time="0.272" /><testcase classname="src.claude_skills.claude_skills.tests.integration.test_list_commands.TestListSpecsCLI" name="test_list_specs_filter_by_status" time="0.582" /><testcase classname="src.claude_skills.claude_skills.tests.integration.test_list_commands.TestListSpecsCLI" name="test_list_specs_progress_calculation" time="0.283" /><testcase classname="src.claude_skills.claude_skills.tests.integration.test_list_commands.TestListSpecsCLI" name="test_list_specs_verbose_output" time="0.277" /><testcase classname="src.claude_skills.claude_skills.tests.integration.test_list_commands.TestListSpecsCLI" name="test_list_specs_multiple_specs" time="0.281" /><testcase classname="src.claude_skills.claude_skills.tests.integration.test_list_commands.TestListSpecsCLI" name="test_list_specs_json_no_ansi_codes" time="0.280" /><testcase classname="src.claude_skills.claude_skills.tests.integration.test_list_commands.TestQueryTasksCLI" name="test_query_tasks_help" time="0.288" /><testcase classname="src.claude_skills.claude_skills.tests.integration.test_list_commands.TestQueryTasksCLI" name="test_query_tasks_text_output" time="0.269" /><testcase classname="src.claude_skills.claude_skills.tests.integration.test_list_commands.TestQueryTasksCLI" name="test_query_tasks_json_output" time="0.273" /><testcase classname="src.claude_skills.claude_skills.tests.integration.test_list_commands.TestQueryTasksCLI" name="test_query_tasks_filter_by_status" time="0.283" /><testcase classname="src.claude_skills.claude_skills.tests.integration.test_list_commands.TestQueryTasksCLI" name="test_query_tasks_filter_by_type" time="0.280" /><testcase classname="src.claude_skills.claude_skills.tests.integration.test_list_commands.TestQueryTasksCLI" name="test_query_tasks_filter_by_parent" time="0.284" /><testcase classname="src.claude_skills.claude_skills.tests.integration.test_list_commands.TestQueryTasksCLI" name="test_query_tasks_empty_result" time="0.277" /><testcase classname="src.claude_skills.claude_skills.tests.integration.test_list_commands.TestQueryTasksCLI" name="test_query_tasks_json_no_ansi_codes" time="0.295" /><testcase classname="src.claude_skills.claude_skills.tests.integration.test_list_commands.TestCheckDepsCLI" name="test_check_deps_help" time="0.288" /><testcase classname="src.claude_skills.claude_skills.tests.integration.test_list_commands.TestCheckDepsCLI" name="test_check_deps_text_output" time="0.326" /><testcase classname="src.claude_skills.claude_skills.tests.integration.test_list_commands.TestCheckDepsCLI" name="test_check_deps_json_output" time="0.290" /><testcase classname="src.claude_skills.claude_skills.tests.integration.test_list_commands.TestCheckDepsCLI" name="test_check_deps_with_blocked_task" time="0.275" /><testcase classname="src.claude_skills.claude_skills.tests.integration.test_list_commands.TestCheckDepsCLI" name="test_check_deps_json_no_ansi_codes" time="0.287" /><testcase classname="src.claude_skills.claude_skills.tests.integration.test_modify_validation.TestValidationRollback" name="test_transaction_rollback_on_exception" time="0.001" /><testcase classname="src.claude_skills.claude_skills.tests.integration.test_modify_validation.TestValidationRollback" name="test_add_node_with_invalid_type" time="0.001" /><testcase classname="src.claude_skills.claude_skills.tests.integration.test_modify_validation.TestValidationRollback" name="test_add_node_with_empty_title" time="0.001" /><testcase classname="src.claude_skills.claude_skills.tests.integration.test_modify_validation.TestValidationRollback" name="test_add_node_with_duplicate_id" time="0.001" /><testcase classname="src.claude_skills.claude_skills.tests.integration.test_modify_validation.TestValidationRollback" name="test_add_node_with_nonexistent_parent" time="0.001" /><testcase classname="src.claude_skills.claude_skills.tests.integration.test_modify_validation.TestValidationRollback" name="test_remove_node_with_children_no_cascade" time="0.001" /><testcase classname="src.claude_skills.claude_skills.tests.integration.test_modify_validation.TestValidationRollback" name="test_remove_node_nonexistent" time="0.001" /><testcase classname="src.claude_skills.claude_skills.tests.integration.test_modify_validation.TestValidationRollback" name="test_update_field_invalid_status" time="0.001" /><testcase classname="src.claude_skills.claude_skills.tests.integration.test_modify_validation.TestValidationRollback" name="test_update_field_protected_field" time="0.001" /><testcase classname="src.claude_skills.claude_skills.tests.integration.test_modify_validation.TestValidationRollback" name="test_move_node_creates_circular_dependency" time="0.001" /><testcase classname="src.claude_skills.claude_skills.tests.integration.test_modify_validation.TestValidationRollback" name="test_move_node_to_nonexistent_parent" time="0.001" /><testcase classname="src.claude_skills.claude_skills.tests.integration.test_modify_validation.TestValidationRollback" name="test_transactional_modify_with_validation" time="0.001" /><testcase classname="src.claude_skills.claude_skills.tests.integration.test_modify_validation.TestValidationRollback" name="test_apply_modifications_with_validation" time="0.001" /><testcase classname="src.claude_skills.claude_skills.tests.integration.test_modify_validation.TestValidationRollback" name="test_apply_modifications_with_missing_fields" time="0.001" /><testcase classname="src.claude_skills.claude_skills.tests.integration.test_modify_validation.TestValidationRollback" name="test_apply_modifications_with_invalid_json" time="0.001" /><testcase classname="src.claude_skills.claude_skills.tests.integration.test_modify_validation.TestValidationRollback" name="test_apply_modifications_with_nonexistent_file" time="0.001" /><testcase classname="src.claude_skills.claude_skills.tests.integration.test_modify_validation.TestValidationRollback" name="test_complex_rollback_scenario" time="0.001" /><testcase classname="src.claude_skills.claude_skills.tests.integration.test_modify_validation.TestValidationEdgeCases" name="test_add_node_with_invalid_dependencies_structure" time="0.001" /><testcase classname="src.claude_skills.claude_skills.tests.integration.test_modify_validation.TestValidationEdgeCases" name="test_update_metadata_with_invalid_type" time="0.001" /><testcase classname="src.claude_skills.claude_skills.tests.integration.test_modify_validation.TestValidationEdgeCases" name="test_remove_spec_root" time="0.001" /><testcase classname="src.claude_skills.claude_skills.tests.integration.test_modify_validation.TestValidationEdgeCases" name="test_move_spec_root" time="0.001" /><testcase classname="src.claude_skills.claude_skills.tests.integration.test_provider_orchestration" name="test_parallel_execution_handles_mixed_results" time="0.003" /><testcase classname="src.claude_skills.claude_skills.tests.integration.test_provider_orchestration" name="test_orchestrator_falls_back_to_available_tool" time="0.002" /><testcase classname="src.claude_skills.claude_skills.tests.integration.test_provider_orchestration" name="test_orchestrator_raises_when_no_tools_available" time="0.001" /><testcase classname="src.claude_skills.claude_skills.tests.integration.test_run_tests_consultation_cli" name="test_check_tools_help_command" time="0.275" /><testcase classname="src.claude_skills.claude_skills.tests.integration.test_run_tests_consultation_cli" name="test_check_tools_json_reports_available" time="0.270" /><testcase classname="src.claude_skills.claude_skills.tests.integration.test_run_tests_consultation_cli" name="test_consult_help_command" time="0.275" /><testcase classname="src.claude_skills.claude_skills.tests.integration.test_run_tests_consultation_cli" name="test_consult_requires_failure_type" time="0.291" /><testcase classname="src.claude_skills.claude_skills.tests.integration.test_run_tests_consultation_cli" name="test_consult_accepts_failure_matrix[assertion]" time="0.300" /><testcase classname="src.claude_skills.claude_skills.tests.integration.test_run_tests_consultation_cli" name="test_consult_accepts_failure_matrix[exception]" time="0.290" /><testcase classname="src.claude_skills.claude_skills.tests.integration.test_run_tests_consultation_cli" name="test_consult_accepts_failure_matrix[import]" time="0.277" /><testcase classname="src.claude_skills.claude_skills.tests.integration.test_run_tests_consultation_cli" name="test_consult_accepts_failure_matrix[fixture]" time="0.302" /><testcase classname="src.claude_skills.claude_skills.tests.integration.test_run_tests_consultation_cli" name="test_consult_accepts_failure_matrix[timeout]" time="0.283" /><testcase classname="src.claude_skills.claude_skills.tests.integration.test_run_tests_consultation_cli" name="test_consult_list_routing_table" time="0.276" /><testcase classname="src.claude_skills.claude_skills.tests.integration.test_run_tests_consultation_cli" name="test_consult_auto_selects_tool_in_dry_run" time="0.287" /><testcase classname="src.claude_skills.claude_skills.tests.integration.test_run_tests_consultation_cli" name="test_consult_prompt_mode_respects_dry_run" time="0.317" /><testcase classname="src.claude_skills.claude_skills.tests.integration.test_run_tests_consultation_cli" name="test_consult_multi_agent_dry_run" time="0.322" /><testcase classname="src.claude_skills.claude_skills.tests.integration.test_run_tests_consultation_cli" name="test_consult_reports_invalid_tool" time="0.282" /><testcase classname="src.claude_skills.claude_skills.tests.integration.test_run_tests_consultation_cli" name="test_consult_skips_when_no_tools_available" time="0.278" /><testcase classname="src.claude_skills.claude_skills.tests.integration.test_run_tests_consultation_cli" name="test_consult_with_test_code" time="0.284" /><testcase classname="src.claude_skills.claude_skills.tests.integration.test_run_tests_consultation_cli" name="test_consult_with_impl_code" time="0.284" /><testcase classname="src.claude_skills.claude_skills.tests.integration.test_run_tests_consultation_cli" name="test_consult_with_both_code_inputs" time="0.285" /><testcase classname="src.claude_skills.claude_skills.tests.integration.test_run_tests_consultation_cli" name="test_consult_handles_missing_code_path" time="0.295" /><testcase classname="src.claude_skills.claude_skills.tests.integration.test_run_tests_consultation_cli" name="test_discover_summary_command" time="0.415" /><testcase classname="src.claude_skills.claude_skills.tests.integration.test_run_tests_consultation_cli" name="test_discover_tree_command" time="0.336" /><testcase classname="src.claude_skills.claude_skills.tests.integration.test_run_tests_consultation_cli" name="test_run_help_command" time="0.271" /><testcase classname="src.claude_skills.claude_skills.tests.integration.test_run_tests_consultation_cli" name="test_run_list_presets_command" time="0.271" /><testcase classname="src.claude_skills.claude_skills.tests.integration.test_run_tests_consultation_cli" name="test_run_help_mentions_quick_preset" time="0.283" /><testcase classname="src.claude_skills.claude_skills.tests.integration.test_run_tests_consultation_cli" name="test_consult_real_tools_opt_in" time="0.001"><skipped type="pytest.skip" message="Real tool smoke tests disabled (set SDD_TEST_USE_REAL_TOOLS=1 to enable)">/home/tyler/Documents/GitHub/claude-sdd-toolkit/src/claude_skills/claude_skills/tests/integration/test_run_tests_consultation_cli.py:388: Real tool smoke tests disabled (set SDD_TEST_USE_REAL_TOOLS=1 to enable)</skipped></testcase><testcase classname="src.claude_skills.claude_skills.tests.integration.test_run_tests_doc_integration.TestRunTestsDocIntegration" name="test_check_tools_basic" time="0.276" /><testcase classname="src.claude_skills.claude_skills.tests.integration.test_run_tests_doc_integration.TestRunTestsDocIntegration" name="test_docs_available_workflow" time="0.271" /><testcase classname="src.claude_skills.claude_skills.tests.integration.test_run_tests_doc_integration.TestRunTestsDocIntegration" name="test_docs_missing_graceful_degradation" time="0.280" /><testcase classname="src.claude_skills.claude_skills.tests.integration.test_run_tests_doc_integration.TestRunTestsDocIntegration" name="test_no_interactive_prompts_in_json_mode" time="0.279" /><testcase classname="src.claude_skills.claude_skills.tests.integration.test_run_tests_doc_integration.TestRunTestsDocIntegration" name="test_docs_missing_user_accepts_prompt" time="0.001" /><testcase classname="src.claude_skills.claude_skills.tests.integration.test_run_tests_doc_integration.TestRunTestsDocIntegration" name="test_docs_missing_user_declines_prompt" time="0.001" /><testcase classname="src.claude_skills.claude_skills.tests.integration.test_run_tests_doc_integration.TestRunTestsDocIntegration" name="test_consult_command_with_routing" time="0.274" /><testcase classname="src.claude_skills.claude_skills.tests.integration.test_run_tests_doc_integration.TestRunTestsDocIntegration" name="test_integration_with_external_tools_check" time="0.273" /><testcase classname="src.claude_skills.claude_skills.tests.integration.test_sdd_fidelity_review_cli" name="test_fidelity_review_no_ai_outputs_prompt" time="0.003" /><testcase classname="src.claude_skills.claude_skills.tests.integration.test_sdd_fidelity_review_cli" name="test_fidelity_review_streams_progress_by_default" time="0.002" /><testcase classname="src.claude_skills.claude_skills.tests.integration.test_sdd_fidelity_review_cli" name="test_fidelity_review_can_disable_streaming" time="0.002" /><testcase classname="src.claude_skills.claude_skills.tests.integration.test_sdd_fidelity_review_cli" name="test_default_run_persists_markdown_and_json" time="0.003" /><testcase classname="src.claude_skills.claude_skills.tests.integration.test_sdd_fidelity_review_cli" name="test_fidelity_review_respects_incremental_flag" time="0.002" /><testcase classname="src.claude_skills.claude_skills.tests.integration.test_sdd_next_cli.TestCLIBasics" name="test_cli_help" time="0.273" /><testcase classname="src.claude_skills.claude_skills.tests.integration.test_sdd_next_cli.TestCLIBasics" name="test_cli_version" time="0.283" /><testcase classname="src.claude_skills.claude_skills.tests.integration.test_sdd_next_cli.TestVerifyToolsCommand" name="test_verify_tools_success" time="0.275" /><testcase classname="src.claude_skills.claude_skills.tests.integration.test_sdd_next_cli.TestFindSpecsCommand" name="test_find_specs_basic" time="0.274" /><testcase classname="src.claude_skills.claude_skills.tests.integration.test_sdd_next_cli.TestFindSpecsCommand" name="test_find_specs_verbose" time="0.293" /><testcase classname="src.claude_skills.claude_skills.tests.integration.test_sdd_next_cli.TestNextTaskCommand" name="test_next_task_success" time="0.273" /><testcase classname="src.claude_skills.claude_skills.tests.integration.test_sdd_next_cli.TestNextTaskCommand" name="test_next_task_json_output" time="0.283" /><testcase classname="src.claude_skills.claude_skills.tests.integration.test_sdd_next_cli.TestNextTaskCommand" name="test_next_task_nonexistent_spec" time="0.270" /><testcase classname="src.claude_skills.claude_skills.tests.integration.test_sdd_next_cli.TestTaskInfoCommand" name="test_task_info_success" time="0.279" /><testcase classname="src.claude_skills.claude_skills.tests.integration.test_sdd_next_cli.TestTaskInfoCommand" name="test_task_info_json" time="0.279" /><testcase classname="src.claude_skills.claude_skills.tests.integration.test_sdd_next_cli.TestCheckDepsCommand" name="test_check_deps_no_blockers" time="0.278" /><testcase classname="src.claude_skills.claude_skills.tests.integration.test_sdd_next_cli.TestCheckDepsCommand" name="test_check_deps_with_blockers" time="0.273" /><testcase classname="src.claude_skills.claude_skills.tests.integration.test_sdd_next_cli.TestCheckDepsCommand" name="test_check_deps_json" time="0.275" /><testcase classname="src.claude_skills.claude_skills.tests.integration.test_sdd_next_cli.TestProgressCommand" name="test_progress_command" time="0.273" /><testcase classname="src.claude_skills.claude_skills.tests.integration.test_sdd_next_cli.TestProgressCommand" name="test_progress_json" time="0.282" /><testcase classname="src.claude_skills.claude_skills.tests.integration.test_sdd_next_cli.TestListPhasesCommand" name="test_list_phases" time="0.280" /><testcase classname="src.claude_skills.claude_skills.tests.integration.test_sdd_next_cli.TestListPhasesCommand" name="test_list_phases_json" time="0.279" /><testcase classname="src.claude_skills.claude_skills.tests.integration.test_sdd_next_cli.TestCLIWorkflows" name="test_complete_task_discovery_workflow" time="1.104" /><testcase classname="src.claude_skills.claude_skills.tests.integration.test_sdd_next_cli.TestCompletionDetection" name="test_completion_detection_prepare_task" time="0.354" /><testcase classname="src.claude_skills.claude_skills.tests.integration.test_sdd_next_cli.TestCompletionDetection" name="test_all_blocked_messaging" time="0.365" /><testcase classname="src.claude_skills.claude_skills.tests.integration.test_sdd_next_cli.TestCompletionDetection" name="test_prepare_task_with_completion_and_blockers" time="0.364" /><testcase classname="src.claude_skills.claude_skills.tests.integration.test_sdd_next_doc_integration.TestDocIntegration" name="test_docs_available" time="0.758" /><testcase classname="src.claude_skills.claude_skills.tests.integration.test_sdd_next_doc_integration.TestDocIntegration" name="test_docs_missing_no_prompt_in_json_mode" time="0.765" /><testcase classname="src.claude_skills.claude_skills.tests.integration.test_sdd_next_doc_integration.TestDocIntegration" name="test_docs_missing_accept" time="0.750" /><testcase classname="src.claude_skills.claude_skills.tests.integration.test_sdd_next_doc_integration.TestDocIntegration" name="test_docs_missing_decline" time="0.752" /><testcase classname="src.claude_skills.claude_skills.tests.integration.test_sdd_next_doc_integration.TestDocIntegration" name="test_prepare_task_complete_workflow" time="0.749" /><testcase classname="src.claude_skills.claude_skills.tests.integration.test_sdd_next_doc_integration.TestDocIntegration" name="test_next_task_command_workflow" time="0.287" /><testcase classname="src.claude_skills.claude_skills.tests.integration.test_sdd_next_doc_integration.TestDocIntegration" name="test_task_info_command_workflow" time="0.546" /><testcase classname="src.claude_skills.claude_skills.tests.integration.test_sdd_next_doc_integration.TestDocIntegration" name="test_doc_availability_check_integration" time="0.854" /><testcase classname="src.claude_skills.claude_skills.tests.integration.test_sdd_next_doc_integration.TestDocIntegration" name="test_user_prompt_integration" time="0.770" /><testcase classname="src.claude_skills.claude_skills.tests.integration.test_sdd_next_doc_integration.TestDocIntegration" name="test_graceful_degradation_comprehensive" time="0.751" /><testcase classname="src.claude_skills.claude_skills.tests.integration.test_sdd_plan_doc_integration.TestSddPlanDocIntegration" name="test_detect_project_basic" time="0.291" /><testcase classname="src.claude_skills.claude_skills.tests.integration.test_sdd_plan_doc_integration.TestSddPlanDocIntegration" name="test_detect_project_workflow" time="0.272" /><testcase classname="src.claude_skills.claude_skills.tests.integration.test_sdd_plan_doc_integration.TestSddPlanDocIntegration" name="test_docs_available_workflow" time="0.270" /><testcase classname="src.claude_skills.claude_skills.tests.integration.test_sdd_plan_doc_integration.TestSddPlanDocIntegration" name="test_docs_missing_graceful_degradation" time="0.271" /><testcase classname="src.claude_skills.claude_skills.tests.integration.test_sdd_plan_doc_integration.TestSddPlanDocIntegration" name="test_no_interactive_prompts_in_json_mode" time="0.273" /><testcase classname="src.claude_skills.claude_skills.tests.integration.test_sdd_plan_doc_integration.TestSddPlanDocIntegration" name="test_docs_missing_user_accepts_prompt" time="0.001" /><testcase classname="src.claude_skills.claude_skills.tests.integration.test_sdd_plan_doc_integration.TestSddPlanDocIntegration" name="test_docs_missing_user_declines_prompt" time="0.001" /><testcase classname="src.claude_skills.claude_skills.tests.integration.test_sdd_plan_doc_integration.TestSddPlanDocIntegration" name="test_find_related_files_command" time="0.544" /><testcase classname="src.claude_skills.claude_skills.tests.integration.test_sdd_plan_doc_integration.TestSddPlanDocIntegration" name="test_check_environment_command" time="0.273" /><testcase classname="src.claude_skills.claude_skills.tests.integration.test_sdd_plan_doc_integration.TestSddPlanDocIntegration" name="test_doc_availability_check_integration" time="0.276" /><testcase classname="src.claude_skills.claude_skills.tests.integration.test_sdd_plan_doc_integration.TestSddPlanDocIntegration" name="test_comprehensive_planning_workflow" time="0.575" /><testcase classname="src.claude_skills.claude_skills.tests.integration.test_sdd_plan_review_cli" name="test_cli_creates_dual_artifacts" time="0.003" /><testcase classname="src.claude_skills.claude_skills.tests.integration.test_sdd_plan_review_cli" name="test_cli_keeps_explicit_output" time="0.003" /><testcase classname="src.claude_skills.claude_skills.tests.integration.test_sdd_render.test_render_pipeline.TestBasicRenderingPipeline" name="test_render_small_spec" time="0.001" /><testcase classname="src.claude_skills.claude_skills.tests.integration.test_sdd_render.test_render_pipeline.TestBasicRenderingPipeline" name="test_render_spec_with_metadata" time="0.001" /><testcase classname="src.claude_skills.claude_skills.tests.integration.test_sdd_render.test_render_pipeline.TestBasicRenderingPipeline" name="test_render_spec_with_complex_dependencies" time="0.001" /><testcase classname="src.claude_skills.claude_skills.tests.integration.test_sdd_render.test_render_pipeline.TestEnhancedRenderingPipeline" name="test_enhanced_render_basic_spec" time="12.582" /><testcase classname="src.claude_skills.claude_skills.tests.integration.test_sdd_render.test_render_pipeline.TestEnhancedRenderingPipeline" name="test_enhanced_render_falls_back_gracefully" time="12.571" /><testcase classname="src.claude_skills.claude_skills.tests.integration.test_sdd_render.test_render_pipeline.TestRenderOutputFormats" name="test_markdown_output_format" time="0.001" /><testcase classname="src.claude_skills.claude_skills.tests.integration.test_sdd_render.test_render_pipeline.TestRenderOutputFormats" name="test_large_spec_rendering" time="0.001" /><testcase classname="src.claude_skills.claude_skills.tests.integration.test_sdd_render.test_render_pipeline.TestRenderEdgeCases" name="test_empty_spec" time="0.001" /><testcase classname="src.claude_skills.claude_skills.tests.integration.test_sdd_render.test_render_pipeline.TestRenderEdgeCases" name="test_spec_with_all_completed_tasks" time="0.001" /><testcase classname="src.claude_skills.claude_skills.tests.integration.test_sdd_render.test_render_pipeline.TestRenderEdgeCases" name="test_spec_with_unicode_characters" time="0.001" /><testcase classname="src.claude_skills.claude_skills.tests.integration.test_sdd_update_cli.TestCLIBasics" name="test_cli_help" time="0.274" /><testcase classname="src.claude_skills.claude_skills.tests.integration.test_sdd_update_cli.TestCLIBasics" name="test_cli_shows_new_commands" time="0.289" /><testcase classname="src.claude_skills.claude_skills.tests.integration.test_sdd_update_cli.TestQueryTasksCLI" name="test_query_tasks_basic" time="0.283" /><testcase classname="src.claude_skills.claude_skills.tests.integration.test_sdd_update_cli.TestQueryTasksCLI" name="test_query_tasks_status_filter" time="0.271" /><testcase classname="src.claude_skills.claude_skills.tests.integration.test_sdd_update_cli.TestQueryTasksCLI" name="test_query_tasks_type_filter" time="0.269" /><testcase classname="src.claude_skills.claude_skills.tests.integration.test_sdd_update_cli.TestQueryTasksCLI" name="test_query_tasks_format_simple" time="0.274" /><testcase classname="src.claude_skills.claude_skills.tests.integration.test_sdd_update_cli.TestQueryTasksCLI" name="test_query_tasks_json_output" time="0.273" /><testcase classname="src.claude_skills.claude_skills.tests.integration.test_sdd_update_cli.TestQueryTasksCLI" name="test_query_tasks_invalid_spec" time="0.272" /><testcase classname="src.claude_skills.claude_skills.tests.integration.test_sdd_update_cli.TestGetTaskCLI" name="test_get_task_basic" time="0.278" /><testcase classname="src.claude_skills.claude_skills.tests.integration.test_sdd_update_cli.TestGetTaskCLI" name="test_get_task_json" time="0.278" /><testcase classname="src.claude_skills.claude_skills.tests.integration.test_sdd_update_cli.TestGetTaskCLI" name="test_get_task_nonexistent" time="0.280" /><testcase classname="src.claude_skills.claude_skills.tests.integration.test_sdd_update_cli.TestListPhasesCLI" name="test_list_phases_basic" time="0.271" /><testcase classname="src.claude_skills.claude_skills.tests.integration.test_sdd_update_cli.TestListPhasesCLI" name="test_list_phases_json" time="0.273" /><testcase classname="src.claude_skills.claude_skills.tests.integration.test_sdd_update_cli.TestListPhasesCLI" name="test_list_phases_help" time="0.272" /><testcase classname="src.claude_skills.claude_skills.tests.integration.test_sdd_update_cli.TestCheckCompleteCLI" name="test_check_complete_spec" time="0.284" /><testcase classname="src.claude_skills.claude_skills.tests.integration.test_sdd_update_cli.TestCheckCompleteCLI" name="test_check_complete_phase" time="0.274" /><testcase classname="src.claude_skills.claude_skills.tests.integration.test_sdd_update_cli.TestCheckCompleteCLI" name="test_check_complete_json" time="0.275" /><testcase classname="src.claude_skills.claude_skills.tests.integration.test_sdd_update_cli.TestCheckCompleteCLI" name="test_check_complete_exit_code" time="0.565" /><testcase classname="src.claude_skills.claude_skills.tests.integration.test_sdd_update_cli.TestPhaseTimeCLI" name="test_phase_time_basic" time="0.270" /><testcase classname="src.claude_skills.claude_skills.tests.integration.test_sdd_update_cli.TestPhaseTimeCLI" name="test_phase_time_json" time="0.275" /><testcase classname="src.claude_skills.claude_skills.tests.integration.test_sdd_update_cli.TestPhaseTimeCLI" name="test_phase_time_nonexistent_phase" time="0.274" /><testcase classname="src.claude_skills.claude_skills.tests.integration.test_sdd_update_cli.TestListBlockersCLI" name="test_list_blockers_basic" time="0.281" /><testcase classname="src.claude_skills.claude_skills.tests.integration.test_sdd_update_cli.TestListBlockersCLI" name="test_list_blockers_json" time="0.277" /><testcase classname="src.claude_skills.claude_skills.tests.integration.test_sdd_update_cli.TestListBlockersCLI" name="test_list_blockers_no_blockers" time="0.277" /><testcase classname="src.claude_skills.claude_skills.tests.integration.test_sdd_update_cli.TestUpdatedCLICommands" name="test_add_journal_new_signature" time="0.283" /><testcase classname="src.claude_skills.claude_skills.tests.integration.test_sdd_update_cli.TestUpdatedCLICommands" name="test_add_journal_with_task_id" time="0.297" /><testcase classname="src.claude_skills.claude_skills.tests.integration.test_sdd_update_cli.TestUpdatedCLICommands" name="test_add_journal_custom_author" time="0.291" /><testcase classname="src.claude_skills.claude_skills.tests.integration.test_sdd_update_cli.TestUpdatedCLICommands" name="test_sync_metadata_new_command" time="0.276" /><testcase classname="src.claude_skills.claude_skills.tests.integration.test_sdd_update_cli.TestUpdatedCLICommands" name="test_add_verification_new_signature" time="0.276" /><testcase classname="src.claude_skills.claude_skills.tests.integration.test_sdd_update_cli.TestUpdatedCLICommands" name="test_add_verification_failed_status" time="0.316" /><testcase classname="src.claude_skills.claude_skills.tests.integration.test_sdd_update_cli.TestUpdatedCLICommands" name="test_bulk_journal_new_signature" time="0.340" /><testcase classname="src.claude_skills.claude_skills.tests.integration.test_sdd_update_cli.TestUpdatedCLICommands" name="test_bulk_journal_specific_tasks" time="0.277" /><testcase classname="src.claude_skills.claude_skills.tests.integration.test_sdd_update_cli.TestCompletionDetection" name="test_completion_detection_after_update" time="0.278" /><testcase classname="src.claude_skills.claude_skills.tests.integration.test_sdd_update_cli.TestCompletionDetection" name="test_completion_prompt_skipped_when_blocked" time="0.286" /><testcase classname="src.claude_skills.claude_skills.tests.integration.test_sdd_update_cli.TestCompletionDetection" name="test_user_confirmation_flow" time="0.281" /><testcase classname="src.claude_skills.claude_skills.tests.integration.test_sdd_update_cli.TestCompletionDetection" name="test_user_decline_flow" time="0.282" /><testcase classname="src.claude_skills.claude_skills.tests.integration.test_sdd_validate_cli.TestValidateCommand" name="test_validate_clean_spec_exit_0" time="0.371" /><testcase classname="src.claude_skills.claude_skills.tests.integration.test_sdd_validate_cli.TestValidateCommand" name="test_validate_warnings_spec_exit_1" time="0.355" /><testcase classname="src.claude_skills.claude_skills.tests.integration.test_sdd_validate_cli.TestValidateCommand" name="test_validate_errors_spec_exit_2" time="0.348" /><testcase classname="src.claude_skills.claude_skills.tests.integration.test_sdd_validate_cli.TestValidateCommand" name="test_validate_json_output" time="0.396" /><testcase classname="src.claude_skills.claude_skills.tests.integration.test_sdd_validate_cli.TestValidateCommand" name="test_validate_json_verbose" time="0.360" /><testcase classname="src.claude_skills.claude_skills.tests.integration.test_sdd_validate_cli.TestValidateCommand" name="test_validate_verbose_output" time="0.354" /><testcase classname="src.claude_skills.claude_skills.tests.integration.test_sdd_validate_cli.TestValidateCommand" name="test_validate_nonexistent_file" time="0.271" /><testcase classname="src.claude_skills.claude_skills.tests.integration.test_sdd_validate_cli.TestValidateCommand" name="test_validate_with_report" time="0.352" /><testcase classname="src.claude_skills.claude_skills.tests.integration.test_sdd_validate_cli.TestValidateCommand" name="test_validate_with_report_json_format" time="0.353" /><testcase classname="src.claude_skills.claude_skills.tests.integration.test_sdd_validate_cli.TestValidateCommand" name="test_validate_report_json_includes_schema_details" time="0.356" /><testcase classname="src.claude_skills.claude_skills.tests.integration.test_sdd_validate_cli.TestValidateCommand" name="test_validate_gracefully_handles_missing_jsonschema" time="0.350" /><testcase classname="src.claude_skills.claude_skills.tests.integration.test_sdd_validate_cli.TestValidateCommand" name="test_validate_cli_surfaces_schema_errors" time="0.367" /><testcase classname="src.claude_skills.claude_skills.tests.integration.test_sdd_validate_cli.TestValidateCommand" name="test_validate_json_includes_schema_details" time="0.371" /><testcase classname="src.claude_skills.claude_skills.tests.integration.test_sdd_validate_cli.TestFixCommand" name="test_fix_preview_clean_spec" time="0.354" /><testcase classname="src.claude_skills.claude_skills.tests.integration.test_sdd_validate_cli.TestFixCommand" name="test_fix_preview_with_issues" time="0.349" /><testcase classname="src.claude_skills.claude_skills.tests.integration.test_sdd_validate_cli.TestFixCommand" name="test_fix_preview_json" time="0.368" /><testcase classname="src.claude_skills.claude_skills.tests.integration.test_sdd_validate_cli.TestFixCommand" name="test_fix_dry_run" time="0.354" /><testcase classname="src.claude_skills.claude_skills.tests.integration.test_sdd_validate_cli.TestFixCommand" name="test_fix_apply_creates_backup" time="0.363" /><testcase classname="src.claude_skills.claude_skills.tests.integration.test_sdd_validate_cli.TestFixCommand" name="test_fix_apply_no_backup" time="0.362" /><testcase classname="src.claude_skills.claude_skills.tests.integration.test_sdd_validate_cli.TestFixCommand" name="test_fix_apply_json_output" time="0.355" /><testcase classname="src.claude_skills.claude_skills.tests.integration.test_sdd_validate_cli.TestReportCommand" name="test_report_markdown" time="0.353" /><testcase classname="src.claude_skills.claude_skills.tests.integration.test_sdd_validate_cli.TestReportCommand" name="test_report_json" time="0.353" /><testcase classname="src.claude_skills.claude_skills.tests.integration.test_sdd_validate_cli.TestReportCommand" name="test_report_stdout" time="0.359" /><testcase classname="src.claude_skills.claude_skills.tests.integration.test_sdd_validate_cli.TestReportCommand" name="test_report_with_dependencies" time="0.356" /><testcase classname="src.claude_skills.claude_skills.tests.integration.test_sdd_validate_cli.TestReportCommand" name="test_report_json_stdout" time="0.357" /><testcase classname="src.claude_skills.claude_skills.tests.integration.test_sdd_validate_cli.TestReportCommand" name="test_report_with_bottleneck_threshold" time="0.360" /><testcase classname="src.claude_skills.claude_skills.tests.integration.test_sdd_validate_cli.TestStatsCommand" name="test_stats_basic" time="0.269" /><testcase classname="src.claude_skills.claude_skills.tests.integration.test_sdd_validate_cli.TestStatsCommand" name="test_stats_json" time="0.279" /><testcase classname="src.claude_skills.claude_skills.tests.integration.test_sdd_validate_cli.TestStatsCommand" name="test_stats_deep_hierarchy" time="0.279" /><testcase classname="src.claude_skills.claude_skills.tests.integration.test_sdd_validate_cli.TestStatsCommand" name="test_stats_verification_coverage" time="0.271" /><testcase classname="src.claude_skills.claude_skills.tests.integration.test_sdd_validate_cli.TestCheckDepsCommand" name="test_check_deps_clean_spec" time="0.275" /><testcase classname="src.claude_skills.claude_skills.tests.integration.test_sdd_validate_cli.TestCheckDepsCommand" name="test_check_deps_with_cycles" time="0.272" /><testcase classname="src.claude_skills.claude_skills.tests.integration.test_sdd_validate_cli.TestCheckDepsCommand" name="test_check_deps_json" time="0.274" /><testcase classname="src.claude_skills.claude_skills.tests.integration.test_sdd_validate_cli.TestCheckDepsCommand" name="test_check_deps_with_bottleneck_threshold" time="0.269" /><testcase classname="src.claude_skills.claude_skills.tests.integration.test_sdd_validate_cli.TestCheckDepsCommand" name="test_check_deps_orphaned" time="0.275" /><testcase classname="src.claude_skills.claude_skills.tests.integration.test_sdd_validate_cli.TestGlobalFlags" name="test_quiet_flag" time="0.366" /><testcase classname="src.claude_skills.claude_skills.tests.integration.test_sdd_validate_cli.TestGlobalFlags" name="test_no_color_flag" time="0.369" /><testcase classname="src.claude_skills.claude_skills.tests.integration.test_sdd_validate_cli.TestGlobalFlags" name="test_verbose_flag" time="0.363" /><testcase classname="src.claude_skills.claude_skills.tests.integration.test_sdd_validate_cli.TestGlobalFlags" name="test_help_flag" time="0.281" /><testcase classname="src.claude_skills.claude_skills.tests.integration.test_sdd_validate_cli.TestErrorHandling" name="test_invalid_command" time="0.275" /><testcase classname="src.claude_skills.claude_skills.tests.integration.test_sdd_validate_cli.TestErrorHandling" name="test_missing_spec_file_argument" time="0.285" /><testcase classname="src.claude_skills.claude_skills.tests.integration.test_sdd_validate_cli.TestErrorHandling" name="test_invalid_json_file" time="0.280" /><testcase classname="src.claude_skills.claude_skills.tests.integration.test_sdd_validate_new_features" name="test_collect_fix_actions_finds_multiple_issues" time="0.118" /><testcase classname="src.claude_skills.claude_skills.tests.integration.test_sdd_validate_new_features" name="test_apply_fix_actions_with_diff" time="0.005" /><testcase classname="src.claude_skills.claude_skills.tests.integration.test_sdd_validate_new_features" name="test_selective_fix_application" time="0.003" /><testcase classname="src.claude_skills.claude_skills.tests.integration.test_sdd_validate_new_features" name="test_new_fix_builders_work" time="0.001" /><testcase classname="src.claude_skills.claude_skills.tests.integration.test_sdd_validate_new_features" name="test_diff_computation" time="0.000" /><testcase classname="src.claude_skills.claude_skills.tests.integration.test_skills_dev_cli" name="test_skills_dev_help_lists_key_subcommands" time="0.275" /><testcase classname="src.claude_skills.claude_skills.tests.integration.test_skills_dev_cli" name="test_skills_dev_requires_subcommand" time="0.279" /><testcase classname="src.claude_skills.claude_skills.tests.integration.test_skills_dev_cli" name="test_skills_dev_migrate_shows_guidance" time="0.271" /><testcase classname="src.claude_skills.claude_skills.tests.integration.test_skills_dev_cli" name="test_setup_permissions_bootstraps_ai_config" time="0.280" /><testcase classname="src.claude_skills.claude_skills.tests.integration.test_spec_modification_cli.TestAddAssumptionCLI" name="test_add_assumption_basic" time="0.272" /><testcase classname="src.claude_skills.claude_skills.tests.integration.test_spec_modification_cli.TestAddAssumptionCLI" name="test_add_assumption_different_types" time="0.560" /><testcase classname="src.claude_skills.claude_skills.tests.integration.test_spec_modification_cli.TestAddAssumptionCLI" name="test_add_assumption_with_author" time="0.279" /><testcase classname="src.claude_skills.claude_skills.tests.integration.test_spec_modification_cli.TestAddAssumptionCLI" name="test_add_assumption_json_output" time="0.282" /><testcase classname="src.claude_skills.claude_skills.tests.integration.test_spec_modification_cli.TestAddAssumptionCLI" name="test_add_assumption_dry_run" time="0.278" /><testcase classname="src.claude_skills.claude_skills.tests.integration.test_spec_modification_cli.TestAddAssumptionCLI" name="test_add_assumption_invalid_spec" time="0.267" /><testcase classname="src.claude_skills.claude_skills.tests.integration.test_spec_modification_cli.TestListAssumptionsCLI" name="test_list_assumptions_basic" time="0.560" /><testcase classname="src.claude_skills.claude_skills.tests.integration.test_spec_modification_cli.TestListAssumptionsCLI" name="test_list_assumptions_by_type" time="0.832" /><testcase classname="src.claude_skills.claude_skills.tests.integration.test_spec_modification_cli.TestListAssumptionsCLI" name="test_list_assumptions_json_output" time="0.552" /><testcase classname="src.claude_skills.claude_skills.tests.integration.test_spec_modification_cli.TestListAssumptionsCLI" name="test_list_assumptions_empty" time="0.287" /><testcase classname="src.claude_skills.claude_skills.tests.integration.test_spec_modification_cli.TestUpdateEstimateCLI" name="test_update_estimate_hours_only" time="0.277" /><testcase classname="src.claude_skills.claude_skills.tests.integration.test_spec_modification_cli.TestUpdateEstimateCLI" name="test_update_estimate_complexity_only" time="0.290" /><testcase classname="src.claude_skills.claude_skills.tests.integration.test_spec_modification_cli.TestUpdateEstimateCLI" name="test_update_estimate_both" time="0.282" /><testcase classname="src.claude_skills.claude_skills.tests.integration.test_spec_modification_cli.TestUpdateEstimateCLI" name="test_update_estimate_json_output" time="0.281" /><testcase classname="src.claude_skills.claude_skills.tests.integration.test_spec_modification_cli.TestUpdateEstimateCLI" name="test_update_estimate_dry_run" time="0.274" /><testcase classname="src.claude_skills.claude_skills.tests.integration.test_spec_modification_cli.TestUpdateEstimateCLI" name="test_update_estimate_invalid_task" time="0.280" /><testcase classname="src.claude_skills.claude_skills.tests.integration.test_spec_modification_cli.TestAddTaskCLI" name="test_add_task_basic" time="0.290" /><testcase classname="src.claude_skills.claude_skills.tests.integration.test_spec_modification_cli.TestAddTaskCLI" name="test_add_task_with_description" time="0.276" /><testcase classname="src.claude_skills.claude_skills.tests.integration.test_spec_modification_cli.TestAddTaskCLI" name="test_add_task_with_estimate" time="0.277" /><testcase classname="src.claude_skills.claude_skills.tests.integration.test_spec_modification_cli.TestAddTaskCLI" name="test_add_task_with_position" time="0.282" /><testcase classname="src.claude_skills.claude_skills.tests.integration.test_spec_modification_cli.TestAddTaskCLI" name="test_add_task_json_output" time="0.279" /><testcase classname="src.claude_skills.claude_skills.tests.integration.test_spec_modification_cli.TestAddTaskCLI" name="test_add_task_dry_run" time="0.274" /><testcase classname="src.claude_skills.claude_skills.tests.integration.test_spec_modification_cli.TestAddTaskCLI" name="test_add_task_invalid_parent" time="0.273" /><testcase classname="src.claude_skills.claude_skills.tests.integration.test_spec_modification_cli.TestRemoveTaskCLI" name="test_remove_task_basic" time="0.558" /><testcase classname="src.claude_skills.claude_skills.tests.integration.test_spec_modification_cli.TestRemoveTaskCLI" name="test_remove_task_with_cascade" time="0.851" /><testcase classname="src.claude_skills.claude_skills.tests.integration.test_spec_modification_cli.TestRemoveTaskCLI" name="test_remove_task_json_output" time="0.588" /><testcase classname="src.claude_skills.claude_skills.tests.integration.test_spec_modification_cli.TestRemoveTaskCLI" name="test_remove_task_dry_run" time="0.302" /><testcase classname="src.claude_skills.claude_skills.tests.integration.test_spec_modification_cli.TestRemoveTaskCLI" name="test_remove_task_invalid" time="0.294" /><testcase classname="src.claude_skills.claude_skills.tests.integration.test_spec_modification_cli.TestSpecModificationWorkflow" name="test_complete_workflow" time="1.379" /><testcase classname="src.claude_skills.claude_skills.tests.integration.test_spec_modification_cli.TestSpecModificationWorkflow" name="test_multiple_assumptions_workflow" time="1.400" /><testcase classname="src.claude_skills.claude_skills.tests.integration.test_status_report.TestStatusReportCompletion" name="test_completion_message_in_status_report" time="0.278" /><testcase classname="src.claude_skills.claude_skills.tests.integration.test_status_report.TestStatusReportCompletion" name="test_non_interactive_behavior" time="0.285" /><testcase classname="src.claude_skills.claude_skills.tests.integration.test_status_report.TestStatusReportCompletion" name="test_command_hint_displayed" time="0.275" /><testcase classname="src.claude_skills.claude_skills.tests.integration.test_status_report.TestStatusReportCompletion" name="test_incomplete_spec_no_completion_message" time="0.305" /><testcase classname="src.claude_skills.claude_skills.tests.integration.test_task_category_workflow" name="test_validate_spec_with_all_categories" time="0.001" /><testcase classname="src.claude_skills.claude_skills.tests.integration.test_task_category_workflow" name="test_validate_spec_without_categories" time="0.001" /><testcase classname="src.claude_skills.claude_skills.tests.integration.test_task_category_workflow" name="test_validate_spec_with_invalid_category" time="0.001" /><testcase classname="src.claude_skills.claude_skills.tests.integration.test_task_category_workflow" name="test_validate_mixed_format_spec" time="0.001" /><testcase classname="src.claude_skills.claude_skills.tests.integration.test_task_category_workflow" name="test_migrate_old_spec_preserves_functionality" time="0.002" /><testcase classname="src.claude_skills.claude_skills.tests.integration.test_task_category_workflow" name="test_migrate_placeholder_file_paths" time="0.003" /><testcase classname="src.claude_skills.claude_skills.tests.integration.test_task_category_workflow" name="test_full_workflow_with_categories" time="0.002" /><testcase classname="src.claude_skills.claude_skills.tests.integration.test_task_category_workflow" name="test_backward_compatibility_no_breaking_changes" time="0.001" /><testcase classname="src.claude_skills.claude_skills.tests.integration.test_task_category_workflow" name="test_gradual_migration_path" time="0.002" /><testcase classname="src.claude_skills.claude_skills.tests.integration.test_task_category_workflow" name="test_empty_task_category_field" time="0.001" /><testcase classname="src.claude_skills.claude_skills.tests.integration.test_task_category_workflow" name="test_case_sensitivity_of_categories" time="0.001" /><testcase classname="src.claude_skills.claude_skills.tests.integration.test_test_cli" name="test_test_help_lists_key_subcommands" time="0.270" /><testcase classname="src.claude_skills.claude_skills.tests.integration.test_test_cli" name="test_test_requires_subcommand" time="0.286" /><testcase classname="src.claude_skills.claude_skills.tests.integration.test_test_cli" name="test_test_run_list_presets_success" time="0.289" /><testcase classname="src.claude_skills.claude_skills.tests.integration.test_ui_config_integration.TestUIConfigIntegration" name="test_create_ui_respects_config_plain_mode" time="0.000" /><testcase classname="src.claude_skills.claude_skills.tests.integration.test_ui_config_integration.TestUIConfigIntegration" name="test_create_ui_respects_config_rich_mode" time="0.000" /><testcase classname="src.claude_skills.claude_skills.tests.integration.test_ui_config_integration.TestUIConfigIntegration" name="test_create_ui_from_args_with_plain_flag" time="0.001" /><testcase classname="src.claude_skills.claude_skills.tests.integration.test_ui_config_integration.TestUIConfigIntegration" name="test_plain_ui_maintains_consistent_api" time="0.000" /><testcase classname="src.claude_skills.claude_skills.tests.integration.test_ui_config_integration.TestUIConfigIntegration" name="test_rich_ui_maintains_consistent_api" time="0.001" /><testcase classname="src.claude_skills.claude_skills.tests.integration.test_ui_config_integration.TestUIConfigIntegration" name="test_plain_ui_output_methods_dont_crash" time="0.000" /><testcase classname="src.claude_skills.claude_skills.tests.integration.test_ui_config_integration.TestUIConfigIntegration" name="test_rich_ui_output_methods_dont_crash" time="0.001" /><testcase classname="src.claude_skills.claude_skills.tests.integration.test_ui_config_integration.TestUIConfigIntegration" name="test_ui_backend_switch_is_seamless" time="0.001" /><testcase classname="src.claude_skills.claude_skills.tests.integration.test_ui_config_integration.TestUIConfigIntegration" name="test_ui_config_backward_compatible" time="0.001" /><testcase classname="src.claude_skills.claude_skills.tests.integration.test_unified_cli.TestUnifiedCLIBasics" name="test_cli_help" time="0.275" /><testcase classname="src.claude_skills.claude_skills.tests.integration.test_unified_cli.TestUnifiedCLIBasics" name="test_cli_no_args" time="0.277" /><testcase classname="src.claude_skills.claude_skills.tests.integration.test_unified_cli.TestUnifiedCLIBasics" name="test_cli_version_implicit" time="0.294" /><testcase classname="src.claude_skills.claude_skills.tests.integration.test_unified_cli.TestNextCommands" name="test_verify_tools" time="0.279" /><testcase classname="src.claude_skills.claude_skills.tests.integration.test_unified_cli.TestNextCommands" name="test_find_specs" time="0.275" /><testcase classname="src.claude_skills.claude_skills.tests.integration.test_unified_cli.TestUpdateCommands" name="test_status_report_help" time="0.286" /><testcase classname="src.claude_skills.claude_skills.tests.integration.test_unified_cli.TestUpdateCommands" name="test_update_command_exists" time="0.285" /><testcase classname="src.claude_skills.claude_skills.tests.integration.test_unified_cli.TestValidateCommands" name="test_validate_help" time="0.275" /><testcase classname="src.claude_skills.claude_skills.tests.integration.test_unified_cli.TestValidateCommands" name="test_validate_command_exists" time="0.276" /><testcase classname="src.claude_skills.claude_skills.tests.integration.test_unified_cli.TestGlobalFlags" name="test_json_flag" time="0.272" /><testcase classname="src.claude_skills.claude_skills.tests.integration.test_unified_cli.TestGlobalFlags" name="test_quiet_flag" time="0.572" /><testcase classname="src.claude_skills.claude_skills.tests.integration.test_unified_cli.TestGlobalFlags" name="test_verbose_flag" time="0.547" /><testcase classname="src.claude_skills.claude_skills.tests.integration.test_unified_cli.TestErrorHandling" name="test_invalid_command" time="0.293" /><testcase classname="src.claude_skills.claude_skills.tests.integration.test_unified_cli.TestErrorHandling" name="test_missing_required_arg" time="0.272" /><testcase classname="src.claude_skills.claude_skills.tests.integration.test_unified_cli.TestCommandDelegation" name="test_next_command_works" time="0.276" /><testcase classname="src.claude_skills.claude_skills.tests.integration.test_unified_cli.TestCommandDelegation" name="test_update_command_works" time="0.276" /><testcase classname="src.claude_skills.claude_skills.tests.integration.test_unified_cli.TestCommandDelegation" name="test_validate_command_works" time="0.279" /><testcase classname="src.claude_skills.claude_skills.tests.integration.test_unified_cli.TestBackwardsCompatibility" name="test_new_sdd_command_works" time="0.277" /><testcase classname="src.claude_skills.claude_skills.tests.integration.test_unified_cli.TestColdStartPerformance" name="test_help_fast_response" time="0.279" /><testcase classname="src.claude_skills.claude_skills.tests.integration.test_unified_cli.TestColdStartPerformance" name="test_command_help_fast_response" time="0.279" /><testcase classname="src.claude_skills.claude_skills.tests.unit.test_apply_modifications_cli.TestCmdApplyModifications" name="test_specs_directory_not_found" time="0.002" /><testcase classname="src.claude_skills.claude_skills.tests.unit.test_apply_modifications_cli.TestCmdApplyModifications" name="test_spec_file_not_found" time="0.002" /><testcase classname="src.claude_skills.claude_skills.tests.unit.test_apply_modifications_cli.TestCmdApplyModifications" name="test_modifications_file_not_found" time="0.002" /><testcase classname="src.claude_skills.claude_skills.tests.unit.test_apply_modifications_cli.TestCmdApplyModifications" name="test_dry_run_mode" time="0.005" /><testcase classname="src.claude_skills.claude_skills.tests.unit.test_apply_modifications_cli.TestCmdApplyModifications" name="test_successful_application" time="0.007" /><testcase classname="src.claude_skills.claude_skills.tests.unit.test_apply_modifications_cli.TestCmdApplyModifications" name="test_partial_failure" time="0.008" /><testcase classname="src.claude_skills.claude_skills.tests.unit.test_cli_registry" name="test_optional_modules_missing_are_logged_and_skipped" time="0.035" /><testcase classname="src.claude_skills.claude_skills.tests.unit.test_cli_registry" name="test_optional_modules_register_when_available" time="0.026" /><testcase classname="src.claude_skills.claude_skills.tests.unit.test_cli_skills_dev.test_setup_permissions.TestGitPermissionConstants" name="test_git_dangerous_permissions_exists" time="0.001" /><testcase classname="src.claude_skills.claude_skills.tests.unit.test_cli_skills_dev.test_setup_permissions.TestGitPermissionConstants" name="test_dangerous_permissions_include_force_operations" time="0.000" /><testcase classname="src.claude_skills.claude_skills.tests.unit.test_cli_skills_dev.test_setup_permissions.TestGitPermissionConstants" name="test_dangerous_permissions_include_history_rewriting" time="0.000" /><testcase classname="src.claude_skills.claude_skills.tests.unit.test_cli_skills_dev.test_setup_permissions.TestGitPermissionConstants" name="test_dangerous_permissions_include_deletion_operations" time="0.000" /><testcase classname="src.claude_skills.claude_skills.tests.unit.test_cli_skills_dev.test_setup_permissions.TestGitPermissionConstants" name="test_dangerous_permissions_include_reflog_stash" time="0.000" /><testcase classname="src.claude_skills.claude_skills.tests.unit.test_cli_skills_dev.test_setup_permissions.TestGitPermissionConstants" name="test_write_permissions_exclude_dangerous_operations" time="0.000" /><testcase classname="src.claude_skills.claude_skills.tests.unit.test_cli_skills_dev.test_setup_permissions.TestPromptForGitPermissions" name="test_returns_dict_with_allow_and_ask_keys" time="0.002" /><testcase classname="src.claude_skills.claude_skills.tests.unit.test_cli_skills_dev.test_setup_permissions.TestPromptForGitPermissions" name="test_read_only_git_integration" time="0.002" /><testcase classname="src.claude_skills.claude_skills.tests.unit.test_cli_skills_dev.test_setup_permissions.TestPromptForGitPermissions" name="test_write_operations_adds_to_both_lists" time="0.002" /><testcase classname="src.claude_skills.claude_skills.tests.unit.test_cli_skills_dev.test_setup_permissions.TestPromptForGitPermissions" name="test_skip_git_returns_empty_lists" time="0.001" /><testcase classname="src.claude_skills.claude_skills.tests.unit.test_cli_skills_dev.test_setup_permissions.TestPermissionApplication" name="test_dangerous_permissions_count" time="0.000" /><testcase classname="src.claude_skills.claude_skills.tests.unit.test_cli_skills_dev.test_setup_permissions.TestPermissionApplication" name="test_no_overlap_between_write_and_dangerous" time="0.000" /><testcase classname="src.claude_skills.claude_skills.tests.unit.test_cli_skills_dev.test_setup_permissions.TestPermissionApplication" name="test_permission_patterns_are_valid" time="0.000" /><testcase classname="src.claude_skills.claude_skills.tests.unit.test_code_doc.test_ai_consultation.TestPromptFormatting" name="test_format_architecture_prompt_structure" time="0.001" /><testcase classname="src.claude_skills.claude_skills.tests.unit.test_code_doc.test_ai_consultation.TestPromptFormatting" name="test_format_architecture_prompt_key_files" time="0.001" /><testcase classname="src.claude_skills.claude_skills.tests.unit.test_code_doc.test_ai_consultation.TestPromptFormatting" name="test_format_ai_context_prompt_structure" time="0.001" /><testcase classname="src.claude_skills.claude_skills.tests.unit.test_code_doc.test_ai_consultation.TestPromptFormatting" name="test_format_ai_context_prompt_concise" time="0.001" /><testcase classname="src.claude_skills.claude_skills.tests.unit.test_code_doc.test_ai_consultation.TestToolSelection" name="test_get_best_tool_for_architecture" time="0.000" /><testcase classname="src.claude_skills.claude_skills.tests.unit.test_code_doc.test_ai_consultation.TestToolSelection" name="test_get_best_tool_fallback" time="0.000" /><testcase classname="src.claude_skills.claude_skills.tests.unit.test_code_doc.test_ai_consultation.TestToolSelection" name="test_get_best_tool_no_tools" time="0.000" /><testcase classname="src.claude_skills.claude_skills.tests.unit.test_code_doc.test_ai_consultation.TestToolSelection" name="test_get_best_tool_unknown_type" time="0.001" /><testcase classname="src.claude_skills.claude_skills.tests.unit.test_code_doc.test_ai_consultation.TestConsultation" name="test_run_consultation_success" time="0.003" /><testcase classname="src.claude_skills.claude_skills.tests.unit.test_code_doc.test_ai_consultation.TestConsultation" name="test_run_consultation_failure" time="0.003" /><testcase classname="src.claude_skills.claude_skills.tests.unit.test_code_doc.test_ai_consultation.TestConsultation" name="test_run_consultation_dry_run" time="0.002" /><testcase classname="src.claude_skills.claude_skills.tests.unit.test_code_doc.test_ai_consultation.TestConsultation" name="test_run_consultation_unknown_tool" time="0.002" /><testcase classname="src.claude_skills.claude_skills.tests.unit.test_code_doc.test_ai_consultation.TestRoutingMatrix" name="test_routing_matrix_has_architecture" time="0.000" /><testcase classname="src.claude_skills.claude_skills.tests.unit.test_code_doc.test_ai_consultation.TestRoutingMatrix" name="test_routing_matrix_has_ai_context" time="0.000" /><testcase classname="src.claude_skills.claude_skills.tests.unit.test_code_doc.test_ai_consultation.TestRoutingMatrix" name="test_routing_matrix_valid_tools" time="0.000" /><testcase classname="src.claude_skills.claude_skills.tests.unit.test_code_doc.test_ai_consultation.TestPromptContentValidation" name="test_architecture_prompt_has_output_format" time="0.001" /><testcase classname="src.claude_skills.claude_skills.tests.unit.test_code_doc.test_ai_consultation.TestPromptContentValidation" name="test_architecture_prompt_requests_component_analysis" time="0.001" /><testcase classname="src.claude_skills.claude_skills.tests.unit.test_code_doc.test_ai_consultation.TestPromptContentValidation" name="test_ai_context_prompt_limits_output" time="0.001" /><testcase classname="src.claude_skills.claude_skills.tests.unit.test_code_doc.test_ai_consultation.TestPromptContentValidation" name="test_prompts_include_context_summary" time="0.001" /><testcase classname="src.claude_skills.claude_skills.tests.unit.test_code_doc.test_ai_consultation.TestModelResolution" name="test_get_model_for_tool_delegates_to_ai_config" time="0.000" /><testcase classname="src.claude_skills.claude_skills.tests.unit.test_code_doc.test_ai_consultation.TestModelResolution" name="test_consult_multi_agent_passes_resolved_models" time="0.001" /><testcase classname="src.claude_skills.claude_skills.tests.unit.test_code_doc.test_cli" name="test_validate_uses_schema_loader" time="0.002" /><testcase classname="src.claude_skills.claude_skills.tests.unit.test_code_doc.test_cli" name="test_validate_handles_missing_schema" time="0.001" /><testcase classname="src.claude_skills.claude_skills.tests.unit.test_code_doc.test_cli" name="test_validate_missing_keys_fails" time="0.001" /><testcase classname="src.claude_skills.claude_skills.tests.unit.test_code_doc.test_cli" name="test_validate_missing_jsonschema_uses_basic_checks" time="0.001" /><testcase classname="src.claude_skills.claude_skills.tests.unit.test_code_doc.test_cli" name="test_parse_model_override_accepts_none" time="0.000" /><testcase classname="src.claude_skills.claude_skills.tests.unit.test_code_doc.test_cli" name="test_parse_model_override_single_value" time="0.000" /><testcase classname="src.claude_skills.claude_skills.tests.unit.test_code_doc.test_cli" name="test_parse_model_override_per_tool_values" time="0.000" /><testcase classname="src.claude_skills.claude_skills.tests.unit.test_code_doc.test_cli" name="test_parse_model_override_mixed_with_default" time="0.000" /><testcase classname="src.claude_skills.claude_skills.tests.unit.test_code_doc.test_detectors.TestFrameworkDetection" name="test_detect_fastapi" time="0.000" /><testcase classname="src.claude_skills.claude_skills.tests.unit.test_code_doc.test_detectors.TestFrameworkDetection" name="test_detect_django" time="0.000" /><testcase classname="src.claude_skills.claude_skills.tests.unit.test_code_doc.test_detectors.TestFrameworkDetection" name="test_detect_flask" time="0.001" /><testcase classname="src.claude_skills.claude_skills.tests.unit.test_code_doc.test_detectors.TestFrameworkDetection" name="test_detect_multiple_frameworks" time="0.000" /><testcase classname="src.claude_skills.claude_skills.tests.unit.test_code_doc.test_detectors.TestFrameworkDetection" name="test_detect_no_framework" time="0.001" /><testcase classname="src.claude_skills.claude_skills.tests.unit.test_code_doc.test_detectors.TestFrameworkDetection" name="test_confidence_scores" time="0.001" /><testcase classname="src.claude_skills.claude_skills.tests.unit.test_code_doc.test_detectors.TestKeyFileIdentification" name="test_identify_main_py" time="0.001" /><testcase classname="src.claude_skills.claude_skills.tests.unit.test_code_doc.test_detectors.TestKeyFileIdentification" name="test_identify_config_files" time="0.000" /><testcase classname="src.claude_skills.claude_skills.tests.unit.test_code_doc.test_detectors.TestKeyFileIdentification" name="test_prioritize_root_files" time="0.000" /><testcase classname="src.claude_skills.claude_skills.tests.unit.test_code_doc.test_detectors.TestKeyFileIdentification" name="test_prioritize_with_docstrings" time="0.000" /><testcase classname="src.claude_skills.claude_skills.tests.unit.test_code_doc.test_detectors.TestKeyFileIdentification" name="test_exclude_test_files_from_top" time="0.000" /><testcase classname="src.claude_skills.claude_skills.tests.unit.test_code_doc.test_detectors.TestKeyFileIdentification" name="test_limit_key_files" time="0.000" /><testcase classname="src.claude_skills.claude_skills.tests.unit.test_code_doc.test_detectors.TestKeyFileIdentification" name="test_with_readme" time="0.001" /><testcase classname="src.claude_skills.claude_skills.tests.unit.test_code_doc.test_detectors.TestLayerDetection" name="test_detect_routers_layer" time="0.000" /><testcase classname="src.claude_skills.claude_skills.tests.unit.test_code_doc.test_detectors.TestLayerDetection" name="test_detect_models_layer" time="0.001" /><testcase classname="src.claude_skills.claude_skills.tests.unit.test_code_doc.test_detectors.TestLayerDetection" name="test_detect_services_layer" time="0.000" /><testcase classname="src.claude_skills.claude_skills.tests.unit.test_code_doc.test_detectors.TestLayerDetection" name="test_detect_repositories_layer" time="0.001" /><testcase classname="src.claude_skills.claude_skills.tests.unit.test_code_doc.test_detectors.TestLayerDetection" name="test_detect_utils_layer" time="0.001" /><testcase classname="src.claude_skills.claude_skills.tests.unit.test_code_doc.test_detectors.TestLayerDetection" name="test_detect_middleware_layer" time="0.000" /><testcase classname="src.claude_skills.claude_skills.tests.unit.test_code_doc.test_detectors.TestLayerDetection" name="test_detect_config_layer" time="0.001" /><testcase classname="src.claude_skills.claude_skills.tests.unit.test_code_doc.test_detectors.TestLayerDetection" name="test_detect_tests_layer" time="0.000" /><testcase classname="src.claude_skills.claude_skills.tests.unit.test_code_doc.test_detectors.TestReadingOrder" name="test_reading_order_entry_first" time="0.001" /><testcase classname="src.claude_skills.claude_skills.tests.unit.test_code_doc.test_detectors.TestReadingOrder" name="test_reading_order_config_early" time="0.001" /><testcase classname="src.claude_skills.claude_skills.tests.unit.test_code_doc.test_detectors.TestReadingOrder" name="test_reading_order_models_before_routes" time="0.001" /><testcase classname="src.claude_skills.claude_skills.tests.unit.test_code_doc.test_detectors.TestReadmeExtraction" name="test_extract_readme_md" time="0.001" /><testcase classname="src.claude_skills.claude_skills.tests.unit.test_code_doc.test_detectors.TestReadmeExtraction" name="test_extract_readme_not_found" time="0.001" /><testcase classname="src.claude_skills.claude_skills.tests.unit.test_code_doc.test_detectors.TestContextSummary" name="test_create_basic_summary" time="0.001" /><testcase classname="src.claude_skills.claude_skills.tests.unit.test_code_doc.test_detectors.TestContextSummary" name="test_summary_with_readme" time="0.001" /><testcase classname="src.claude_skills.claude_skills.tests.unit.test_code_doc.test_detectors.TestContextSummary" name="test_summary_structure" time="0.001" /><testcase classname="src.claude_skills.claude_skills.tests.unit.test_code_doc.test_parsers_base.TestLanguageEnum" name="test_language_values" time="0.000" /><testcase classname="src.claude_skills.claude_skills.tests.unit.test_code_doc.test_parsers_base.TestLanguageEnum" name="test_language_from_string" time="0.000" /><testcase classname="src.claude_skills.claude_skills.tests.unit.test_code_doc.test_parsers_base.TestParsedDataStructures" name="test_parsed_parameter_creation" time="0.000" /><testcase classname="src.claude_skills.claude_skills.tests.unit.test_code_doc.test_parsers_base.TestParsedDataStructures" name="test_parsed_function_creation" time="0.000" /><testcase classname="src.claude_skills.claude_skills.tests.unit.test_code_doc.test_parsers_base.TestParsedDataStructures" name="test_parsed_class_creation" time="0.000" /><testcase classname="src.claude_skills.claude_skills.tests.unit.test_code_doc.test_parsers_base.TestParsedDataStructures" name="test_parsed_module_creation" time="0.000" /><testcase classname="src.claude_skills.claude_skills.tests.unit.test_code_doc.test_parsers_base.TestParseResult" name="test_empty_parse_result" time="0.000" /><testcase classname="src.claude_skills.claude_skills.tests.unit.test_code_doc.test_parsers_base.TestParseResult" name="test_parse_result_with_data" time="0.000" /><testcase classname="src.claude_skills.claude_skills.tests.unit.test_code_doc.test_parsers_base.TestParseResult" name="test_parse_result_merge" time="0.000" /><testcase classname="src.claude_skills.claude_skills.tests.unit.test_code_doc.test_parsers_base.TestBaseParser" name="test_base_parser_is_abstract" time="0.000" /><testcase classname="src.claude_skills.claude_skills.tests.unit.test_code_doc.test_parsers_base.TestBaseParser" name="test_base_parser_interface" time="0.000" /><testcase classname="src.claude_skills.claude_skills.tests.unit.test_code_doc.test_parsers_css.TestCSSParser" name="test_parse_simple_css" time="0.001" /><testcase classname="src.claude_skills.claude_skills.tests.unit.test_code_doc.test_parsers_css.TestCSSParser" name="test_parse_css_selectors" time="0.002" /><testcase classname="src.claude_skills.claude_skills.tests.unit.test_code_doc.test_parsers_css.TestCSSParser" name="test_parse_css_variables" time="0.001" /><testcase classname="src.claude_skills.claude_skills.tests.unit.test_code_doc.test_parsers_css.TestCSSParser" name="test_parse_media_queries" time="0.001" /><testcase classname="src.claude_skills.claude_skills.tests.unit.test_code_doc.test_parsers_css.TestCSSParser" name="test_parse_keyframes" time="0.001" /><testcase classname="src.claude_skills.claude_skills.tests.unit.test_code_doc.test_parsers_css.TestCSSParser" name="test_parse_imports" time="0.001" /><testcase classname="src.claude_skills.claude_skills.tests.unit.test_code_doc.test_parsers_css.TestCSSParser" name="test_parse_empty_css" time="0.001" /><testcase classname="src.claude_skills.claude_skills.tests.unit.test_code_doc.test_parsers_css.TestCSSParser" name="test_line_counting" time="0.001" /><testcase classname="src.claude_skills.claude_skills.tests.unit.test_code_doc.test_parsers_css.TestCSSParserAdvanced" name="test_parse_nested_rules" time="0.001" /><testcase classname="src.claude_skills.claude_skills.tests.unit.test_code_doc.test_parsers_css.TestCSSParserAdvanced" name="test_parse_mixins" time="0.001" /><testcase classname="src.claude_skills.claude_skills.tests.unit.test_code_doc.test_parsers_css.TestCSSParserAdvanced" name="test_parse_css_grid" time="0.001" /><testcase classname="src.claude_skills.claude_skills.tests.unit.test_code_doc.test_parsers_css.TestCSSParserAdvanced" name="test_parse_css_flexbox" time="0.001" /><testcase classname="src.claude_skills.claude_skills.tests.unit.test_code_doc.test_parsers_factory.TestParserFactory" name="test_factory_creation" time="0.001" /><testcase classname="src.claude_skills.claude_skills.tests.unit.test_code_doc.test_parsers_factory.TestParserFactory" name="test_factory_with_languages_filter" time="0.001" /><testcase classname="src.claude_skills.claude_skills.tests.unit.test_code_doc.test_parsers_factory.TestParserFactory" name="test_factory_with_exclude_patterns" time="0.001" /><testcase classname="src.claude_skills.claude_skills.tests.unit.test_code_doc.test_parsers_factory.TestParserFactory" name="test_detect_languages_empty_project" time="0.001" /><testcase classname="src.claude_skills.claude_skills.tests.unit.test_code_doc.test_parsers_factory.TestParserFactory" name="test_detect_languages_python_project" time="0.001" /><testcase classname="src.claude_skills.claude_skills.tests.unit.test_code_doc.test_parsers_factory.TestParserFactory" name="test_detect_languages_multi_language_project" time="0.001" /><testcase classname="src.claude_skills.claude_skills.tests.unit.test_code_doc.test_parsers_factory.TestParserFactory" name="test_get_parser_for_language_python" time="0.001" /><testcase classname="src.claude_skills.claude_skills.tests.unit.test_code_doc.test_parsers_factory.TestParserFactory" name="test_get_parser_for_language_javascript" time="0.001" /><testcase classname="src.claude_skills.claude_skills.tests.unit.test_code_doc.test_parsers_factory.TestParserFactory" name="test_get_parser_for_language_unknown" time="0.001" /><testcase classname="src.claude_skills.claude_skills.tests.unit.test_code_doc.test_parsers_factory.TestParserFactory" name="test_parse_all_empty_project" time="0.001" /><testcase classname="src.claude_skills.claude_skills.tests.unit.test_code_doc.test_parsers_factory.TestParserFactory" name="test_parse_all_python_project" time="0.001" /><testcase classname="src.claude_skills.claude_skills.tests.unit.test_code_doc.test_parsers_factory.TestParserFactory" name="test_parse_all_with_language_filter" time="0.001" /><testcase classname="src.claude_skills.claude_skills.tests.unit.test_code_doc.test_parsers_factory.TestParserFactory" name="test_parse_all_respects_exclude_patterns" time="0.001" /><testcase classname="src.claude_skills.claude_skills.tests.unit.test_code_doc.test_parsers_factory.TestCreateParserFactory" name="test_create_factory_defaults" time="0.001" /><testcase classname="src.claude_skills.claude_skills.tests.unit.test_code_doc.test_parsers_factory.TestCreateParserFactory" name="test_create_factory_with_options" time="0.001" /><testcase classname="src.claude_skills.claude_skills.tests.unit.test_code_doc.test_parsers_factory.TestParserFactoryMultiLanguage" name="test_parse_mixed_language_project" time="0.003" /><testcase classname="src.claude_skills.claude_skills.tests.unit.test_code_doc.test_parsers_factory.TestParserFactoryMultiLanguage" name="test_statistics_across_languages" time="0.002" /><testcase classname="src.claude_skills.claude_skills.tests.unit.test_code_doc.test_parsers_factory.TestParserFactoryMultiLanguage" name="test_verbose_output" time="0.001" /><testcase classname="src.claude_skills.claude_skills.tests.unit.test_code_doc.test_parsers_go.TestGoParser" name="test_parse_simple_function" time="0.001" /><testcase classname="src.claude_skills.claude_skills.tests.unit.test_code_doc.test_parsers_go.TestGoParser" name="test_parse_function_with_parameters" time="0.001" /><testcase classname="src.claude_skills.claude_skills.tests.unit.test_code_doc.test_parsers_go.TestGoParser" name="test_parse_multiple_return_values" time="0.001" /><testcase classname="src.claude_skills.claude_skills.tests.unit.test_code_doc.test_parsers_go.TestGoParser" name="test_parse_struct" time="0.001" /><testcase classname="src.claude_skills.claude_skills.tests.unit.test_code_doc.test_parsers_go.TestGoParser" name="test_parse_interface" time="0.001" /><testcase classname="src.claude_skills.claude_skills.tests.unit.test_code_doc.test_parsers_go.TestGoParser" name="test_parse_method" time="0.001" /><testcase classname="src.claude_skills.claude_skills.tests.unit.test_code_doc.test_parsers_go.TestGoParser" name="test_parse_imports" time="0.001" /><testcase classname="src.claude_skills.claude_skills.tests.unit.test_code_doc.test_parsers_go.TestGoParser" name="test_parse_package_name" time="0.001" /><testcase classname="src.claude_skills.claude_skills.tests.unit.test_code_doc.test_parsers_go.TestGoParser" name="test_parse_empty_file" time="0.001" /><testcase classname="src.claude_skills.claude_skills.tests.unit.test_code_doc.test_parsers_go.TestGoParser" name="test_line_counting" time="0.001" /><testcase classname="src.claude_skills.claude_skills.tests.unit.test_code_doc.test_parsers_html.TestHTMLParser" name="test_parse_simple_html" time="0.001" /><testcase classname="src.claude_skills.claude_skills.tests.unit.test_code_doc.test_parsers_html.TestHTMLParser" name="test_parse_htmx_attributes" time="0.001" /><testcase classname="src.claude_skills.claude_skills.tests.unit.test_code_doc.test_parsers_html.TestHTMLParser" name="test_parse_custom_data_attributes" time="0.001" /><testcase classname="src.claude_skills.claude_skills.tests.unit.test_code_doc.test_parsers_html.TestHTMLParser" name="test_count_elements" time="0.001" /><testcase classname="src.claude_skills.claude_skills.tests.unit.test_code_doc.test_parsers_html.TestHTMLParser" name="test_parse_empty_html" time="0.001" /><testcase classname="src.claude_skills.claude_skills.tests.unit.test_code_doc.test_parsers_html.TestHTMLParser" name="test_line_counting" time="0.001" /><testcase classname="src.claude_skills.claude_skills.tests.unit.test_code_doc.test_parsers_html.TestHTMLParserAdvanced" name="test_parse_forms" time="0.001" /><testcase classname="src.claude_skills.claude_skills.tests.unit.test_code_doc.test_parsers_html.TestHTMLParserAdvanced" name="test_parse_scripts_and_styles" time="0.001" /><testcase classname="src.claude_skills.claude_skills.tests.unit.test_code_doc.test_parsers_html.TestHTMLParserAdvanced" name="test_parse_semantic_html5" time="0.001" /><testcase classname="src.claude_skills.claude_skills.tests.unit.test_code_doc.test_parsers_javascript.TestJavaScriptParser" name="test_parse_simple_function" time="0.001" /><testcase classname="src.claude_skills.claude_skills.tests.unit.test_code_doc.test_parsers_javascript.TestJavaScriptParser" name="test_parse_arrow_function" time="0.001" /><testcase classname="src.claude_skills.claude_skills.tests.unit.test_code_doc.test_parsers_javascript.TestJavaScriptParser" name="test_parse_async_function" time="0.001" /><testcase classname="src.claude_skills.claude_skills.tests.unit.test_code_doc.test_parsers_javascript.TestJavaScriptParser" name="test_parse_simple_class" time="0.001" /><testcase classname="src.claude_skills.claude_skills.tests.unit.test_code_doc.test_parsers_javascript.TestJavaScriptParser" name="test_parse_class_with_inheritance" time="0.001" /><testcase classname="src.claude_skills.claude_skills.tests.unit.test_code_doc.test_parsers_javascript.TestJavaScriptParser" name="test_parse_imports" time="0.001" /><testcase classname="src.claude_skills.claude_skills.tests.unit.test_code_doc.test_parsers_javascript.TestJavaScriptParser" name="test_parse_exports" time="0.001" /><testcase classname="src.claude_skills.claude_skills.tests.unit.test_code_doc.test_parsers_javascript.TestJavaScriptParser" name="test_parse_typescript_types" time="0.002" /><testcase classname="src.claude_skills.claude_skills.tests.unit.test_code_doc.test_parsers_javascript.TestJavaScriptParser" name="test_parse_jsx_component" time="0.002" /><testcase classname="src.claude_skills.claude_skills.tests.unit.test_code_doc.test_parsers_javascript.TestJavaScriptParser" name="test_parse_empty_file" time="0.001" /><testcase classname="src.claude_skills.claude_skills.tests.unit.test_code_doc.test_parsers_javascript.TestJavaScriptParser" name="test_line_counting" time="0.001" /><testcase classname="src.claude_skills.claude_skills.tests.unit.test_code_doc.test_parsers_javascript.TestTypeScriptParser" name="test_parse_interface" time="0.001" /><testcase classname="src.claude_skills.claude_skills.tests.unit.test_code_doc.test_parsers_javascript.TestTypeScriptParser" name="test_parse_type_alias" time="0.001" /><testcase classname="src.claude_skills.claude_skills.tests.unit.test_code_doc.test_parsers_javascript.TestTypeScriptParser" name="test_parse_enum" time="0.001" /><testcase classname="src.claude_skills.claude_skills.tests.unit.test_code_doc.test_parsers_javascript.TestTypeScriptParser" name="test_parse_generic_function" time="0.001" /><testcase classname="src.claude_skills.claude_skills.tests.unit.test_code_doc.test_parsers_javascript.TestTypeScriptParser" name="test_parse_tsx_component" time="0.001" /><testcase classname="src.claude_skills.claude_skills.tests.unit.test_code_doc.test_parsers_python.TestPythonParser" name="test_parse_simple_function" time="0.002" /><testcase classname="src.claude_skills.claude_skills.tests.unit.test_code_doc.test_parsers_python.TestPythonParser" name="test_parse_function_with_parameters" time="0.001" /><testcase classname="src.claude_skills.claude_skills.tests.unit.test_code_doc.test_parsers_python.TestPythonParser" name="test_parse_async_function" time="0.001" /><testcase classname="src.claude_skills.claude_skills.tests.unit.test_code_doc.test_parsers_python.TestPythonParser" name="test_parse_function_with_decorators" time="0.001" /><testcase classname="src.claude_skills.claude_skills.tests.unit.test_code_doc.test_parsers_python.TestPythonParser" name="test_parse_simple_class" time="0.001" /><testcase classname="src.claude_skills.claude_skills.tests.unit.test_code_doc.test_parsers_python.TestPythonParser" name="test_parse_class_with_inheritance" time="0.001" /><testcase classname="src.claude_skills.claude_skills.tests.unit.test_code_doc.test_parsers_python.TestPythonParser" name="test_parse_class_with_properties" time="0.001" /><testcase classname="src.claude_skills.claude_skills.tests.unit.test_code_doc.test_parsers_python.TestPythonParser" name="test_parse_imports" time="0.001" /><testcase classname="src.claude_skills.claude_skills.tests.unit.test_code_doc.test_parsers_python.TestPythonParser" name="test_parse_module_docstring" time="0.001" /><testcase classname="src.claude_skills.claude_skills.tests.unit.test_code_doc.test_parsers_python.TestPythonParser" name="test_calculate_complexity" time="0.001" /><testcase classname="src.claude_skills.claude_skills.tests.unit.test_code_doc.test_parsers_python.TestPythonParser" name="test_parse_empty_file" time="0.001" /><testcase classname="src.claude_skills.claude_skills.tests.unit.test_code_doc.test_parsers_python.TestPythonParser" name="test_parse_syntax_error_file" time="0.001" /><testcase classname="src.claude_skills.claude_skills.tests.unit.test_code_doc.test_parsers_python.TestPythonParser" name="test_line_counting" time="0.001" /><testcase classname="src.claude_skills.claude_skills.tests.unit.test_code_doc.test_parsers_python.TestPythonParserAdvanced" name="test_parse_nested_classes" time="0.001" /><testcase classname="src.claude_skills.claude_skills.tests.unit.test_code_doc.test_parsers_python.TestPythonParserAdvanced" name="test_parse_class_methods" time="0.001" /><testcase classname="src.claude_skills.claude_skills.tests.unit.test_code_doc.test_parsers_python.TestPythonParserAdvanced" name="test_parse_type_hints" time="0.002" /><testcase classname="src.claude_skills.claude_skills.tests.unit.test_code_doc.test_parsers_python.TestPythonParserCrossReferences" name="test_track_simple_function_call" time="0.001" /><testcase classname="src.claude_skills.claude_skills.tests.unit.test_code_doc.test_parsers_python.TestPythonParserCrossReferences" name="test_track_nested_function_calls" time="0.001" /><testcase classname="src.claude_skills.claude_skills.tests.unit.test_code_doc.test_parsers_python.TestPythonParserCrossReferences" name="test_track_method_calls" time="0.001" /><testcase classname="src.claude_skills.claude_skills.tests.unit.test_code_doc.test_parsers_python.TestPythonParserCrossReferences" name="test_track_calls_in_class_methods" time="0.001" /><testcase classname="src.claude_skills.claude_skills.tests.unit.test_code_doc.test_parsers_python.TestPythonParserCrossReferences" name="test_track_module_level_calls" time="0.001" /><testcase classname="src.claude_skills.claude_skills.tests.unit.test_code_doc.test_parsers_python.TestPythonParserCrossReferences" name="test_cross_reference_bidirectional" time="0.001" /><testcase classname="src.claude_skills.claude_skills.tests.unit.test_code_doc.test_parsers_python.TestPythonParserCrossReferences" name="test_cross_reference_in_result" time="0.001" /><testcase classname="src.claude_skills.claude_skills.tests.unit.test_code_doc.test_parsers_python.TestPythonParserCrossReferences" name="test_multiple_callers" time="0.001" /><testcase classname="src.claude_skills.claude_skills.tests.unit.test_code_doc.test_parsers_python.TestPythonParserCrossReferences" name="test_call_tracking_with_decorators" time="0.001" /><testcase classname="src.claude_skills.claude_skills.tests.unit.test_code_doc.test_parsers_python.TestPythonParserCrossReferences" name="test_empty_file_has_graph" time="0.001" /><testcase classname="src.claude_skills.claude_skills.tests.unit.test_code_doc.test_parsers_python.TestPythonParserCrossReferences" name="test_line_numbers_tracked" time="0.001" /><testcase classname="src.claude_skills.claude_skills.tests.unit.test_code_doc.test_parsers_python.TestPythonParserCrossReferences" name="test_import_tracking_integration" time="0.001" /><testcase classname="src.claude_skills.claude_skills.tests.unit.test_code_doc.test_parsers_python.TestPythonParserCrossReferences" name="test_class_instantiation_detection" time="0.002" /><testcase classname="src.claude_skills.claude_skills.tests.unit.test_code_doc.test_parsers_python.TestPythonParserCrossReferences" name="test_instantiation_vs_function_call" time="0.001" /><testcase classname="src.claude_skills.claude_skills.tests.unit.test_code_doc.test_parsers_python.TestPythonParserCrossReferences" name="test_method_call_not_instantiation" time="0.001" /><testcase classname="src.claude_skills.claude_skills.tests.unit.test_code_doc.test_parsers_python.TestPythonParserCrossReferences" name="test_multiple_instantiations" time="0.001" /><testcase classname="src.claude_skills.claude_skills.tests.unit.test_code_doc.test_parsers_python.TestPythonParserCrossReferences" name="test_module_level_instantiation" time="0.001" /><testcase classname="src.claude_skills.claude_skills.tests.unit.test_code_doc.test_parsers_python.TestPythonParserCrossReferences" name="test_get_instantiators_method" time="0.001" /><testcase classname="src.claude_skills.claude_skills.tests.unit.test_code_doc.test_parsers_python.TestPythonParserCrossReferences" name="test_get_imports_method" time="0.001" /><testcase classname="src.claude_skills.claude_skills.tests.unit.test_code_doc.test_parsers_python.TestPythonParserCrossReferences" name="test_bidirectional_symmetry_complete" time="0.001" /><testcase classname="src.claude_skills.claude_skills.tests.unit.test_code_doc.test_parsers_python.TestPythonParserCrossReferences" name="test_get_instantiators_empty_result" time="0.001" /><testcase classname="src.claude_skills.claude_skills.tests.unit.test_code_doc.test_parsers_python.TestPythonParserDynamicPatterns" name="test_decorator_warning" time="0.001" /><testcase classname="src.claude_skills.claude_skills.tests.unit.test_code_doc.test_parsers_python.TestPythonParserDynamicPatterns" name="test_eval_exec_warning" time="0.001" /><testcase classname="src.claude_skills.claude_skills.tests.unit.test_code_doc.test_parsers_python.TestPythonParserDynamicPatterns" name="test_getattr_setattr_warning" time="0.001" /><testcase classname="src.claude_skills.claude_skills.tests.unit.test_code_doc.test_parsers_python.TestPythonParserDynamicPatterns" name="test_dynamic_import_warning" time="0.001" /><testcase classname="src.claude_skills.claude_skills.tests.unit.test_code_doc.test_parsers_python.TestPythonParserDynamicPatterns" name="test_warning_statistics" time="0.001" /><testcase classname="src.claude_skills.claude_skills.tests.unit.test_code_doc.test_parsers_python.TestPythonParserDynamicPatterns" name="test_no_warnings_for_clean_code" time="0.002" /><testcase classname="src.claude_skills.claude_skills.tests.unit.test_code_doc.test_parsers_python.TestPythonParserDynamicPatterns" name="test_warnings_in_to_dict" time="0.001" /><testcase classname="src.claude_skills.claude_skills.tests.unit.test_code_doc.test_parsers_python.TestPythonParserDynamicPatterns" name="test_decorator_in_class_method" time="0.001" /><testcase classname="src.claude_skills.claude_skills.tests.unit.test_code_doc.test_parsers_python.TestPythonParserDynamicPatterns" name="test_module_level_dynamic_pattern" time="0.002" /><testcase classname="src.claude_skills.claude_skills.tests.unit.test_code_doc.test_parsers_python.TestSchemaEnhancements" name="test_call_reference_creation" time="0.000" /><testcase classname="src.claude_skills.claude_skills.tests.unit.test_code_doc.test_parsers_python.TestSchemaEnhancements" name="test_call_reference_to_dict" time="0.000" /><testcase classname="src.claude_skills.claude_skills.tests.unit.test_code_doc.test_parsers_python.TestSchemaEnhancements" name="test_enhance_function_with_callers" time="0.001" /><testcase classname="src.claude_skills.claude_skills.tests.unit.test_code_doc.test_parsers_python.TestSchemaEnhancements" name="test_enhance_function_with_calls" time="0.002" /><testcase classname="src.claude_skills.claude_skills.tests.unit.test_code_doc.test_parsers_python.TestSchemaEnhancements" name="test_enhance_function_with_call_count" time="0.001" /><testcase classname="src.claude_skills.claude_skills.tests.unit.test_code_doc.test_parsers_python.TestSchemaEnhancements" name="test_enhance_function_without_call_count" time="0.001" /><testcase classname="src.claude_skills.claude_skills.tests.unit.test_code_doc.test_parsers_python.TestSchemaEnhancements" name="test_enhance_function_preserves_base_fields" time="0.001" /><testcase classname="src.claude_skills.claude_skills.tests.unit.test_code_doc.test_parsers_python.TestSchemaEnhancements" name="test_enhance_function_with_empty_cross_refs" time="0.001" /><testcase classname="src.claude_skills.claude_skills.tests.unit.test_code_doc.test_parsers_python.TestSchemaEnhancements" name="test_enhance_function_with_none_cross_refs" time="0.001" /><testcase classname="src.claude_skills.claude_skills.tests.unit.test_code_doc.test_parsers_python.TestSchemaEnhancements" name="test_enhance_function_complete_example" time="0.001" /><testcase classname="src.claude_skills.claude_skills.tests.unit.test_code_doc.test_parsers_python.TestSchemaEnhancements" name="test_schema_version_constants" time="0.000" /><testcase classname="src.claude_skills.claude_skills.tests.unit.test_code_doc.test_parsers_python.TestSchemaEnhancements" name="test_call_reference_different_types" time="0.000" /><testcase classname="src.claude_skills.claude_skills.tests.unit.test_code_doc.test_parsers_python.TestSchemaEnhancements" name="test_enhance_with_method_calls" time="0.001" /><testcase classname="src.claude_skills.claude_skills.tests.unit.test_code_doc.test_parsers_python.TestClassSchemaEnhancements" name="test_instantiation_reference_creation" time="0.000" /><testcase classname="src.claude_skills.claude_skills.tests.unit.test_code_doc.test_parsers_python.TestClassSchemaEnhancements" name="test_instantiation_reference_to_dict" time="0.000" /><testcase classname="src.claude_skills.claude_skills.tests.unit.test_code_doc.test_parsers_python.TestClassSchemaEnhancements" name="test_instantiation_reference_without_context" time="0.000" /><testcase classname="src.claude_skills.claude_skills.tests.unit.test_code_doc.test_parsers_python.TestClassSchemaEnhancements" name="test_import_reference_creation" time="0.000" /><testcase classname="src.claude_skills.claude_skills.tests.unit.test_code_doc.test_parsers_python.TestClassSchemaEnhancements" name="test_import_reference_to_dict" time="0.000" /><testcase classname="src.claude_skills.claude_skills.tests.unit.test_code_doc.test_parsers_python.TestClassSchemaEnhancements" name="test_import_reference_without_alias" time="0.000" /><testcase classname="src.claude_skills.claude_skills.tests.unit.test_code_doc.test_parsers_python.TestClassSchemaEnhancements" name="test_enhance_class_with_instantiated_by" time="0.001" /><testcase classname="src.claude_skills.claude_skills.tests.unit.test_code_doc.test_parsers_python.TestClassSchemaEnhancements" name="test_enhance_class_with_imported_by" time="0.001" /><testcase classname="src.claude_skills.claude_skills.tests.unit.test_code_doc.test_parsers_python.TestClassSchemaEnhancements" name="test_enhance_class_with_instantiation_count" time="0.001" /><testcase classname="src.claude_skills.claude_skills.tests.unit.test_code_doc.test_parsers_python.TestClassSchemaEnhancements" name="test_enhance_class_without_instantiation_count" time="0.001" /><testcase classname="src.claude_skills.claude_skills.tests.unit.test_code_doc.test_parsers_python.TestClassSchemaEnhancements" name="test_enhance_class_preserves_base_fields" time="0.001" /><testcase classname="src.claude_skills.claude_skills.tests.unit.test_code_doc.test_parsers_python.TestClassSchemaEnhancements" name="test_enhance_class_with_empty_tracking" time="0.001" /><testcase classname="src.claude_skills.claude_skills.tests.unit.test_code_doc.test_parsers_python.TestClassSchemaEnhancements" name="test_enhance_class_with_none_tracking" time="0.001" /><testcase classname="src.claude_skills.claude_skills.tests.unit.test_code_doc.test_parsers_python.TestClassSchemaEnhancements" name="test_enhance_class_complete_example" time="0.001" /><testcase classname="src.claude_skills.claude_skills.tests.unit.test_code_doc.test_parsers_python.TestClassSchemaEnhancements" name="test_different_import_types" time="0.000" /><testcase classname="src.claude_skills.claude_skills.tests.unit.test_code_doc.test_parsers_python.TestClassSchemaEnhancements" name="test_instantiation_context_types" time="0.000" /><testcase classname="src.claude_skills.claude_skills.tests.unit.test_common.test_ai_config_models" name="test_resolve_tool_model_prefers_cli_override_string" time="0.001" /><testcase classname="src.claude_skills.claude_skills.tests.unit.test_common.test_ai_config_models" name="test_resolve_tool_model_prefers_cli_override_map" time="0.000" /><testcase classname="src.claude_skills.claude_skills.tests.unit.test_common.test_ai_config_models" name="test_resolve_tool_model_uses_failure_type_override" time="0.001" /><testcase classname="src.claude_skills.claude_skills.tests.unit.test_common.test_ai_config_models" name="test_resolve_tool_model_falls_back_to_default_priority" time="0.001" /><testcase classname="src.claude_skills.claude_skills.tests.unit.test_common.test_ai_config_models" name="test_resolve_tool_model_returns_none_for_unknown_tool" time="0.001" /><testcase classname="src.claude_skills.claude_skills.tests.unit.test_common.test_ai_config_models" name="test_resolve_tool_model_handles_empty_priority_lists" time="0.001" /><testcase classname="src.claude_skills.claude_skills.tests.unit.test_common.test_ai_config_models" name="test_resolve_models_for_tools_shared_context_override" time="0.001" /><testcase classname="src.claude_skills.claude_skills.tests.unit.test_common.test_ai_config_models" name="test_resolve_models_for_tools_tool_specific_context" time="0.001" /><testcase classname="src.claude_skills.claude_skills.tests.unit.test_common.test_ai_config_models" name="test_resolve_models_for_tools_applies_override_map" time="0.001" /><testcase classname="src.claude_skills.claude_skills.tests.unit.test_common.test_ai_config_models" name="test_resolve_models_for_tools_handles_default_override" time="0.001" /><testcase classname="src.claude_skills.claude_skills.tests.unit.test_common.test_ai_config_models" name="test_resolve_models_for_tools_empty_input_returns_empty" time="0.001" /><testcase classname="src.claude_skills.claude_skills.tests.unit.test_common.test_ai_config_models" name="test_get_enabled_tools_uses_provider_section" time="0.000" /><testcase classname="src.claude_skills.claude_skills.tests.unit.test_common.test_ai_config_models" name="test_get_tool_config_reads_from_providers" time="0.000" /><testcase classname="src.claude_skills.claude_skills.tests.unit.test_common.test_ai_config_models" name="test_load_skill_config_promotes_tools_to_providers" time="0.000" /><testcase classname="src.claude_skills.claude_skills.tests.unit.test_common.test_ai_tools" name="test_tool_response_immutable" time="0.000" /><testcase classname="src.claude_skills.claude_skills.tests.unit.test_common.test_ai_tools" name="test_tool_response_success_property" time="0.000" /><testcase classname="src.claude_skills.claude_skills.tests.unit.test_common.test_ai_tools" name="test_tool_response_failed_property" time="0.000" /><testcase classname="src.claude_skills.claude_skills.tests.unit.test_common.test_ai_tools" name="test_tool_response_serialization" time="0.000" /><testcase classname="src.claude_skills.claude_skills.tests.unit.test_common.test_ai_tools" name="test_multi_tool_response_success_property" time="0.000" /><testcase classname="src.claude_skills.claude_skills.tests.unit.test_common.test_ai_tools" name="test_multi_tool_response_all_failed" time="0.000" /><testcase classname="src.claude_skills.claude_skills.tests.unit.test_common.test_ai_tools" name="test_multi_tool_response_all_succeeded" time="0.000" /><testcase classname="src.claude_skills.claude_skills.tests.unit.test_common.test_ai_tools" name="test_multi_tool_response_filter_successful" time="0.000" /><testcase classname="src.claude_skills.claude_skills.tests.unit.test_common.test_ai_tools" name="test_multi_tool_response_filter_failed" time="0.000" /><testcase classname="src.claude_skills.claude_skills.tests.unit.test_common.test_ai_tools" name="test_check_tool_available_found" time="0.001" /><testcase classname="src.claude_skills.claude_skills.tests.unit.test_common.test_ai_tools" name="test_check_tool_available_not_found" time="0.001" /><testcase classname="src.claude_skills.claude_skills.tests.unit.test_common.test_ai_tools" name="test_check_tool_available_uses_detector" time="0.001" /><testcase classname="src.claude_skills.claude_skills.tests.unit.test_common.test_ai_tools" name="test_detect_available_tools_returns_expected" time="0.001" /><testcase classname="src.claude_skills.claude_skills.tests.unit.test_common.test_ai_tools" name="test_detect_available_tools_with_version_check" time="0.001" /><testcase classname="src.claude_skills.claude_skills.tests.unit.test_common.test_ai_tools" name="test_detect_available_tools_handles_version_failures" time="0.001" /><testcase classname="src.claude_skills.claude_skills.tests.unit.test_common.test_ai_tools" name="test_build_tool_command_simple" time="0.000" /><testcase classname="src.claude_skills.claude_skills.tests.unit.test_common.test_ai_tools" name="test_build_tool_command_handles_whitespace" time="0.000" /><testcase classname="src.claude_skills.claude_skills.tests.unit.test_common.test_ai_tools" name="test_execute_tool_success" time="0.001" /><testcase classname="src.claude_skills.claude_skills.tests.unit.test_common.test_ai_tools" name="test_execute_tool_timeout" time="0.001" /><testcase classname="src.claude_skills.claude_skills.tests.unit.test_common.test_ai_tools" name="test_execute_tool_not_found" time="0.001" /><testcase classname="src.claude_skills.claude_skills.tests.unit.test_common.test_ai_tools" name="test_execute_tool_error_status" time="0.001" /><testcase classname="src.claude_skills.claude_skills.tests.unit.test_common.test_ai_tools" name="test_execute_tools_parallel_success" time="0.001" /><testcase classname="src.claude_skills.claude_skills.tests.unit.test_common.test_ai_tools" name="test_execute_tools_parallel_handles_failures" time="0.002" /><testcase classname="src.claude_skills.claude_skills.tests.unit.test_common.test_ai_tools" name="test_execute_tool_captures_duration" time="0.001" /><testcase classname="src.claude_skills.claude_skills.tests.unit.test_common.test_ai_tools" name="test_detect_available_tools_parallel_invocation" time="0.001" /><testcase classname="src.claude_skills.claude_skills.tests.unit.test_common.test_ai_tools" name="test_build_tool_command_handles_model_only" time="0.000" /><testcase classname="src.claude_skills.claude_skills.tests.unit.test_common.test_cache.TestCacheCRUD" name="test_cache_manager_initialization" time="0.001" /><testcase classname="src.claude_skills.claude_skills.tests.unit.test_common.test_cache.TestCacheCRUD" name="test_create_and_read" time="0.002" /><testcase classname="src.claude_skills.claude_skills.tests.unit.test_common.test_cache.TestCacheCRUD" name="test_read_nonexistent_key" time="0.001" /><testcase classname="src.claude_skills.claude_skills.tests.unit.test_common.test_cache.TestCacheCRUD" name="test_update_existing_value" time="0.002" /><testcase classname="src.claude_skills.claude_skills.tests.unit.test_common.test_cache.TestCacheCRUD" name="test_delete_operation" time="0.002" /><testcase classname="src.claude_skills.claude_skills.tests.unit.test_common.test_cache.TestCacheCRUD" name="test_delete_nonexistent_key" time="0.001" /><testcase classname="src.claude_skills.claude_skills.tests.unit.test_common.test_cache.TestCacheCRUD" name="test_clear_all_entries" time="0.002" /><testcase classname="src.claude_skills.claude_skills.tests.unit.test_common.test_cache.TestTTLExpiration" name="test_ttl_expiration" time="4.003" /><testcase classname="src.claude_skills.claude_skills.tests.unit.test_common.test_cache.TestTTLExpiration" name="test_cleanup_expired_entries" time="4.006" /><testcase classname="src.claude_skills.claude_skills.tests.unit.test_common.test_cache.TestTTLExpiration" name="test_automatic_cleanup_disabled" time="4.010" /><testcase classname="src.claude_skills.claude_skills.tests.unit.test_common.test_cache.TestTTLExpiration" name="test_automatic_cleanup_on_operations" time="4.010" /><testcase classname="src.claude_skills.claude_skills.tests.unit.test_common.test_cache.TestTTLExpiration" name="test_automatic_cleanup_interval" time="4.010" /><testcase classname="src.claude_skills.claude_skills.tests.unit.test_common.test_cache.TestTTLExpiration" name="test_automatic_cleanup_initial" time="4.008" /><testcase classname="src.claude_skills.claude_skills.tests.unit.test_common.test_cache.TestCacheStatistics" name="test_get_stats" time="0.009" /><testcase classname="src.claude_skills.claude_skills.tests.unit.test_common.test_cache.TestCacheStatistics" name="test_atomic_write" time="0.007" /><testcase classname="src.claude_skills.claude_skills.tests.unit.test_common.test_cache.TestDataIntegrity" name="test_key_sanitization" time="0.004" /><testcase classname="src.claude_skills.claude_skills.tests.unit.test_common.test_cache.TestDataIntegrity" name="test_graceful_error_handling" time="0.003" /><testcase classname="src.claude_skills.claude_skills.tests.unit.test_common.test_cache.TestCacheKeyGeneration" name="test_generate_cache_key_basic" time="0.001" /><testcase classname="src.claude_skills.claude_skills.tests.unit.test_common.test_cache.TestCacheKeyGeneration" name="test_generate_cache_key_deterministic" time="0.001" /><testcase classname="src.claude_skills.claude_skills.tests.unit.test_common.test_cache.TestCacheKeyGeneration" name="test_generate_cache_key_different_specs" time="0.001" /><testcase classname="src.claude_skills.claude_skills.tests.unit.test_common.test_cache.TestCacheKeyGeneration" name="test_generate_cache_key_different_models" time="0.001" /><testcase classname="src.claude_skills.claude_skills.tests.unit.test_common.test_cache.TestCacheKeyGeneration" name="test_generate_cache_key_different_versions" time="0.001" /><testcase classname="src.claude_skills.claude_skills.tests.unit.test_common.test_cache.TestCacheKeyGeneration" name="test_generate_cache_key_with_files" time="0.002" /><testcase classname="src.claude_skills.claude_skills.tests.unit.test_common.test_cache.TestCacheKeyGeneration" name="test_generate_cache_key_file_order_deterministic" time="0.002" /><testcase classname="src.claude_skills.claude_skills.tests.unit.test_common.test_cache.TestCacheKeyGeneration" name="test_generate_cache_key_missing_file" time="0.001" /><testcase classname="src.claude_skills.claude_skills.tests.unit.test_common.test_cache.TestCacheKeyGeneration" name="test_generate_cache_key_with_extra_params" time="0.001" /><testcase classname="src.claude_skills.claude_skills.tests.unit.test_common.test_cache.TestCacheKeyGeneration" name="test_generate_cache_key_extra_params_order" time="0.000" /><testcase classname="src.claude_skills.claude_skills.tests.unit.test_common.test_cache.TestSpecializedKeyGeneration" name="test_generate_fidelity_review_key" time="0.000" /><testcase classname="src.claude_skills.claude_skills.tests.unit.test_common.test_cache.TestSpecializedKeyGeneration" name="test_generate_fidelity_review_key_different_scopes" time="0.000" /><testcase classname="src.claude_skills.claude_skills.tests.unit.test_common.test_cache.TestSpecializedKeyGeneration" name="test_generate_plan_review_key" time="0.000" /><testcase classname="src.claude_skills.claude_skills.tests.unit.test_common.test_cache.TestSpecializedKeyGeneration" name="test_generate_plan_review_key_models_order" time="0.000" /><testcase classname="src.claude_skills.claude_skills.tests.unit.test_common.test_cache.TestSpecializedKeyGeneration" name="test_generate_plan_review_key_with_focus" time="0.000" /><testcase classname="src.claude_skills.claude_skills.tests.unit.test_common.test_cache.TestSpecializedKeyGeneration" name="test_is_cache_key_valid" time="0.000" /><testcase classname="src.claude_skills.claude_skills.tests.unit.test_common.test_cache.TestComplexScenarios" name="test_generate_cache_key_complex_scenario" time="0.002" /><testcase classname="src.claude_skills.claude_skills.tests.unit.test_common.test_cache.TestComplexScenarios" name="test_cache_performance_with_multiple_entries" time="0.022" /><testcase classname="src.claude_skills.claude_skills.tests.unit.test_common.test_cache.TestComplexScenarios" name="test_mixed_crud_operations" time="0.003" /><testcase classname="src.claude_skills.claude_skills.tests.unit.test_common.test_cache.TestCacheMergeResults" name="test_merge_all_unchanged" time="0.000" /><testcase classname="src.claude_skills.claude_skills.tests.unit.test_common.test_cache.TestCacheMergeResults" name="test_merge_all_changed" time="0.000" /><testcase classname="src.claude_skills.claude_skills.tests.unit.test_common.test_cache.TestCacheMergeResults" name="test_merge_mixed_scenario" time="0.000" /><testcase classname="src.claude_skills.claude_skills.tests.unit.test_common.test_cache.TestCacheMergeResults" name="test_merge_new_files_added" time="0.000" /><testcase classname="src.claude_skills.claude_skills.tests.unit.test_common.test_cache.TestCacheMergeResults" name="test_merge_files_deleted" time="0.000" /><testcase classname="src.claude_skills.claude_skills.tests.unit.test_common.test_cache.TestCacheMergeResults" name="test_merge_empty_cache" time="0.000" /><testcase classname="src.claude_skills.claude_skills.tests.unit.test_common.test_cache.TestCacheMergeResults" name="test_merge_empty_fresh" time="0.000" /><testcase classname="src.claude_skills.claude_skills.tests.unit.test_common.test_cache.TestCacheMergeResults" name="test_merge_both_empty" time="0.000" /><testcase classname="src.claude_skills.claude_skills.tests.unit.test_common.test_cache.TestCacheMergeResults" name="test_merge_preserves_data_structure" time="0.000" /><testcase classname="src.claude_skills.claude_skills.tests.unit.test_common.test_cache.TestCacheMergeResults" name="test_merge_overwrites_cached_with_fresh" time="0.000" /><testcase classname="src.claude_skills.claude_skills.tests.unit.test_common.test_cache.TestCacheMergeResults" name="test_merge_handles_generation_failure" time="0.000" /><testcase classname="src.claude_skills.claude_skills.tests.unit.test_common.test_cache.TestCacheMergeResults" name="test_merge_large_result_set" time="0.001" /><testcase classname="src.claude_skills.claude_skills.tests.unit.test_common.test_cache.TestCacheMergeResults" name="test_merge_with_file_path_variations" time="0.000" /><testcase classname="src.claude_skills.claude_skills.tests.unit.test_common.test_cache.TestCacheMergeResults" name="test_merge_idempotence" time="0.000" /><testcase classname="src.claude_skills.claude_skills.tests.unit.test_common.test_cache.TestCacheMergeResults" name="test_merge_does_not_modify_inputs" time="0.001" /><testcase classname="src.claude_skills.claude_skills.tests.unit.test_common.test_cache.TestCacheMergeIntegration" name="test_merge_with_compare_file_hashes_workflow" time="0.000" /><testcase classname="src.claude_skills.claude_skills.tests.unit.test_common.test_cache_cli" name="test_cache_info_json_output" time="0.002" /><testcase classname="src.claude_skills.claude_skills.tests.unit.test_common.test_cache_cli" name="test_cache_info_human_readable_output" time="0.003" /><testcase classname="src.claude_skills.claude_skills.tests.unit.test_common.test_cache_cli" name="test_cache_info_cache_disabled_json" time="0.001" /><testcase classname="src.claude_skills.claude_skills.tests.unit.test_common.test_cache_cli" name="test_cache_info_cache_disabled_human" time="0.002" /><testcase classname="src.claude_skills.claude_skills.tests.unit.test_common.test_cache_cli" name="test_cache_info_error_handling" time="0.001" /><testcase classname="src.claude_skills.claude_skills.tests.unit.test_common.test_cache_cli" name="test_cache_info_with_expired_entries" time="0.003" /><testcase classname="src.claude_skills.claude_skills.tests.unit.test_common.test_cache_cli" name="test_cache_clear_all_entries" time="0.002" /><testcase classname="src.claude_skills.claude_skills.tests.unit.test_common.test_cache_cli" name="test_cache_clear_with_filters" time="0.002" /><testcase classname="src.claude_skills.claude_skills.tests.unit.test_common.test_cache_cli" name="test_cache_clear_json_output" time="0.002" /><testcase classname="src.claude_skills.claude_skills.tests.unit.test_common.test_cache_cli" name="test_cache_clear_disabled" time="0.001" /><testcase classname="src.claude_skills.claude_skills.tests.unit.test_common.test_cache_manager" name="test_set_and_get_respects_ttl" time="0.002" /><testcase classname="src.claude_skills.claude_skills.tests.unit.test_common.test_cache_manager" name="test_save_and_get_incremental_state" time="0.002" /><testcase classname="src.claude_skills.claude_skills.tests.unit.test_common.test_cache_manager" name="test_compare_file_hashes_identifies_differences" time="0.000" /><testcase classname="src.claude_skills.claude_skills.tests.unit.test_common.test_cache_manager" name="test_merge_results_prefers_fresh_for_changed_files" time="0.000" /><testcase classname="src.claude_skills.claude_skills.tests.unit.test_common.test_cache_manager" name="test_cleanup_expired_removes_only_stale_entries" time="0.002" /><testcase classname="src.claude_skills.claude_skills.tests.unit.test_common.test_cache_manager" name="test_cleanup_expired_skips_corrupt_entries" time="0.002" /><testcase classname="src.claude_skills.claude_skills.tests.unit.test_common.test_cache_manager" name="test_clear_filters_by_metadata" time="0.002" /><testcase classname="src.claude_skills.claude_skills.tests.unit.test_common.test_cache_manager" name="test_clear_without_filters_removes_everything" time="0.002" /><testcase classname="src.claude_skills.claude_skills.tests.unit.test_common.test_cache_manager" name="test_get_stats_counts_expired_entries" time="0.002" /><testcase classname="src.claude_skills.claude_skills.tests.unit.test_common.test_cache_manager" name="test_cache_dir_created" time="0.001" /><testcase classname="src.claude_skills.claude_skills.tests.unit.test_common.test_cache_manager" name="test_atomic_write_leaves_no_temp_files" time="0.001" /><testcase classname="src.claude_skills.claude_skills.tests.unit.test_common.test_cache_manager" name="test_key_sanitization_round_trip" time="0.001" /><testcase classname="src.claude_skills.claude_skills.tests.unit.test_common.test_cache_manager" name="test_set_handles_non_serializable_value" time="0.001" /><testcase classname="src.claude_skills.claude_skills.tests.unit.test_common.test_cache_manager" name="test_auto_cleanup_disabled_retains_files" time="0.002" /><testcase classname="src.claude_skills.claude_skills.tests.unit.test_common.test_cache_manager" name="test_auto_cleanup_runs_when_interval_passed" time="0.002" /><testcase classname="src.claude_skills.claude_skills.tests.unit.test_common.test_cache_manager" name="test_auto_cleanup_respects_interval" time="0.002" /><testcase classname="src.claude_skills.claude_skills.tests.unit.test_common.test_cache_manager" name="test_auto_cleanup_on_initialization" time="0.002" /><testcase classname="src.claude_skills.claude_skills.tests.unit.test_common.test_config" name="test_load_config_defaults" time="0.001" /><testcase classname="src.claude_skills.claude_skills.tests.unit.test_common.test_config" name="test_load_config_from_file" time="0.001" /><testcase classname="src.claude_skills.claude_skills.tests.unit.test_common.test_config" name="test_load_config_merges_with_defaults" time="0.002" /><testcase classname="src.claude_skills.claude_skills.tests.unit.test_common.test_config" name="test_load_config_invalid_json" time="0.002" /><testcase classname="src.claude_skills.claude_skills.tests.unit.test_common.test_config" name="test_env_override_cache_enabled" time="0.001" /><testcase classname="src.claude_skills.claude_skills.tests.unit.test_common.test_config" name="test_env_override_cache_dir" time="0.001" /><testcase classname="src.claude_skills.claude_skills.tests.unit.test_common.test_config" name="test_env_override_ttl_hours" time="0.002" /><testcase classname="src.claude_skills.claude_skills.tests.unit.test_common.test_config" name="test_env_override_max_size" time="0.001" /><testcase classname="src.claude_skills.claude_skills.tests.unit.test_common.test_config" name="test_env_override_auto_cleanup" time="0.001" /><testcase classname="src.claude_skills.claude_skills.tests.unit.test_common.test_config" name="test_env_overrides_config_file" time="0.002" /><testcase classname="src.claude_skills.claude_skills.tests.unit.test_common.test_config" name="test_get_setting_basic" time="0.001" /><testcase classname="src.claude_skills.claude_skills.tests.unit.test_common.test_config" name="test_get_setting_nested" time="0.001" /><testcase classname="src.claude_skills.claude_skills.tests.unit.test_common.test_config" name="test_get_setting_with_default" time="0.001" /><testcase classname="src.claude_skills.claude_skills.tests.unit.test_common.test_config" name="test_get_setting_nonexistent" time="0.002" /><testcase classname="src.claude_skills.claude_skills.tests.unit.test_common.test_config" name="test_get_cache_config" time="0.001" /><testcase classname="src.claude_skills.claude_skills.tests.unit.test_common.test_config" name="test_is_cache_enabled_default" time="0.001" /><testcase classname="src.claude_skills.claude_skills.tests.unit.test_common.test_config" name="test_is_cache_enabled_disabled" time="0.002" /><testcase classname="src.claude_skills.claude_skills.tests.unit.test_common.test_config" name="test_is_cache_enabled_env_override" time="0.001" /><testcase classname="src.claude_skills.claude_skills.tests.unit.test_common.test_json_output" name="test_output_json_pretty_print_default" time="0.001" /><testcase classname="src.claude_skills.claude_skills.tests.unit.test_common.test_json_output" name="test_output_json_compact_mode" time="0.001" /><testcase classname="src.claude_skills.claude_skills.tests.unit.test_common.test_json_output" name="test_output_json_nested_structures" time="0.001" /><testcase classname="src.claude_skills.claude_skills.tests.unit.test_common.test_json_output" name="test_output_json_list_data" time="0.001" /><testcase classname="src.claude_skills.claude_skills.tests.unit.test_common.test_json_output" name="test_output_json_empty_structures" time="0.001" /><testcase classname="src.claude_skills.claude_skills.tests.unit.test_common.test_json_output" name="test_output_json_unicode_characters" time="0.001" /><testcase classname="src.claude_skills.claude_skills.tests.unit.test_common.test_json_output" name="test_output_json_special_values" time="0.001" /><testcase classname="src.claude_skills.claude_skills.tests.unit.test_common.test_json_output" name="test_output_json_compact_vs_pretty_size" time="0.001" /><testcase classname="src.claude_skills.claude_skills.tests.unit.test_common.test_json_output" name="test_format_json_output_variants" time="0.001" /><testcase classname="src.claude_skills.claude_skills.tests.unit.test_common.test_json_output" name="test_print_json_output_modes" time="0.001" /><testcase classname="src.claude_skills.claude_skills.tests.unit.test_common.test_json_output" name="test_output_json_handles_strings" time="0.001" /><testcase classname="src.claude_skills.claude_skills.tests.unit.test_common.test_json_output" name="test_output_json_non_serialisable_raises" time="0.001" /><testcase classname="src.claude_skills.claude_skills.tests.unit.test_common.test_json_output" name="test_output_json_deeply_nested" time="0.001" /><testcase classname="src.claude_skills.claude_skills.tests.unit.test_common.test_json_output" name="test_output_json_large_numbers" time="0.001" /><testcase classname="src.claude_skills.claude_skills.tests.unit.test_common.test_json_output" name="test_output_json_accepts_kwargs_and_positionals" time="0.001" /><testcase classname="src.claude_skills.claude_skills.tests.unit.test_common.test_setup_templates" name="test_get_template_returns_cached_path" time="0.001" /><testcase classname="src.claude_skills.claude_skills.tests.unit.test_common.test_setup_templates" name="test_get_template_missing_raises" time="0.000" /><testcase classname="src.claude_skills.claude_skills.tests.unit.test_common.test_setup_templates" name="test_load_json_template_parses_expected_fields" time="0.001" /><testcase classname="src.claude_skills.claude_skills.tests.unit.test_common.test_setup_templates" name="test_load_yaml_template_reads_models_section" time="0.005" /><testcase classname="src.claude_skills.claude_skills.tests.unit.test_common.test_setup_templates" name="test_copy_template_to_supports_directory_and_file_paths" time="0.002" /><testcase classname="src.claude_skills.claude_skills.tests.unit.test_common.test_setup_templates" name="test_copy_template_to_respects_overwrite_flag" time="0.002" /><testcase classname="src.claude_skills.claude_skills.tests.unit.test_common.test_setup_templates" name="test_strip_template_metadata_removes_underscore_fields" time="0.000" /><testcase classname="src.claude_skills.claude_skills.tests.unit.test_common.test_setup_templates" name="test_strip_template_metadata_preserves_non_metadata_fields" time="0.000" /><testcase classname="src.claude_skills.claude_skills.tests.unit.test_common.test_setup_templates" name="test_strip_template_metadata_empty_dict" time="0.000" /><testcase classname="src.claude_skills.claude_skills.tests.unit.test_common.test_setup_templates" name="test_strip_template_metadata_only_metadata_fields" time="0.000" /><testcase classname="src.claude_skills.claude_skills.tests.unit.test_common.test_setup_templates" name="test_load_json_template_clean_removes_metadata" time="0.000" /><testcase classname="src.claude_skills.claude_skills.tests.unit.test_common.test_setup_templates" name="test_load_json_template_clean_preserves_config_values" time="0.000" /><testcase classname="src.claude_skills.claude_skills.tests.unit.test_common.test_setup_templates" name="test_load_json_template_clean_handles_non_dict_data" time="0.000" /><testcase classname="src.claude_skills.claude_skills.tests.unit.test_common.test_tui_progress.TestNoOpProgressCallback" name="test_on_start_no_crash" time="0.000" /><testcase classname="src.claude_skills.claude_skills.tests.unit.test_common.test_tui_progress.TestNoOpProgressCallback" name="test_on_update_no_crash" time="0.000" /><testcase classname="src.claude_skills.claude_skills.tests.unit.test_common.test_tui_progress.TestNoOpProgressCallback" name="test_on_complete_no_crash" time="0.000" /><testcase classname="src.claude_skills.claude_skills.tests.unit.test_common.test_tui_progress.TestNoOpProgressCallback" name="test_on_batch_start_no_crash" time="0.000" /><testcase classname="src.claude_skills.claude_skills.tests.unit.test_common.test_tui_progress.TestNoOpProgressCallback" name="test_on_tool_complete_no_crash" time="0.000" /><testcase classname="src.claude_skills.claude_skills.tests.unit.test_common.test_tui_progress.TestNoOpProgressCallback" name="test_on_batch_complete_no_crash" time="0.000" /><testcase classname="src.claude_skills.claude_skills.tests.unit.test_common.test_tui_progress.TestSingleConsultationContextManager" name="test_calls_on_start_when_entering" time="1.003" /><testcase classname="src.claude_skills.claude_skills.tests.unit.test_common.test_tui_progress.TestSingleConsultationContextManager" name="test_calls_on_complete_when_complete_called" time="1.005" /><testcase classname="src.claude_skills.claude_skills.tests.unit.test_common.test_tui_progress.TestSingleConsultationContextManager" name="test_auto_completes_if_user_forgets" time="1.004" /><testcase classname="src.claude_skills.claude_skills.tests.unit.test_common.test_tui_progress.TestSingleConsultationContextManager" name="test_handles_exception_during_execution" time="1.003" /><testcase classname="src.claude_skills.claude_skills.tests.unit.test_common.test_tui_progress.TestSingleConsultationContextManager" name="test_prevents_double_completion" time="1.009" /><testcase classname="src.claude_skills.claude_skills.tests.unit.test_common.test_tui_progress.TestSingleConsultationContextManager" name="test_passes_context_to_callbacks" time="1.005" /><testcase classname="src.claude_skills.claude_skills.tests.unit.test_common.test_tui_progress.TestSingleConsultationContextManager" name="test_uses_no_op_callback_by_default" time="1.002" /><testcase classname="src.claude_skills.claude_skills.tests.unit.test_common.test_tui_progress.TestBatchConsultationContextManager" name="test_calls_on_batch_start_when_entering" time="1.002" /><testcase classname="src.claude_skills.claude_skills.tests.unit.test_common.test_tui_progress.TestBatchConsultationContextManager" name="test_calls_on_tool_complete_for_each_tool" time="1.004" /><testcase classname="src.claude_skills.claude_skills.tests.unit.test_common.test_tui_progress.TestBatchConsultationContextManager" name="test_tracks_success_and_failure_counts" time="1.009" /><testcase classname="src.claude_skills.claude_skills.tests.unit.test_common.test_tui_progress.TestBatchConsultationContextManager" name="test_tracks_max_duration" time="1.006" /><testcase classname="src.claude_skills.claude_skills.tests.unit.test_common.test_tui_progress.TestBatchConsultationContextManager" name="test_prevents_double_marking_same_tool" time="1.005" /><testcase classname="src.claude_skills.claude_skills.tests.unit.test_common.test_tui_progress.TestBatchConsultationContextManager" name="test_calls_on_batch_complete_when_exiting" time="1.005" /><testcase classname="src.claude_skills.claude_skills.tests.unit.test_common.test_tui_progress.TestBatchConsultationContextManager" name="test_uses_no_op_callback_by_default" time="1.003" /><testcase classname="src.claude_skills.claude_skills.tests.unit.test_common.test_tui_progress.TestProgressTracker" name="test_tracks_completion_state" time="0.004" /><testcase classname="src.claude_skills.claude_skills.tests.unit.test_common.test_tui_progress.TestBatchProgressTracker" name="test_initializes_with_empty_completed_list" time="0.003" /><testcase classname="src.claude_skills.claude_skills.tests.unit.test_common.test_tui_progress.TestBatchProgressTracker" name="test_updates_counts_correctly" time="0.003" /><testcase classname="src.claude_skills.claude_skills.tests.unit.test_common.test_tui_progress.TestElapsedTimeTracking" name="test_on_update_called_periodically" time="1.508" /><testcase classname="src.claude_skills.claude_skills.tests.unit.test_common.test_tui_progress.TestElapsedTimeTracking" name="test_on_update_receives_elapsed_time" time="0.906" /><testcase classname="src.claude_skills.claude_skills.tests.unit.test_common.test_tui_progress.TestElapsedTimeTracking" name="test_update_thread_stops_on_completion" time="1.005" /><testcase classname="src.claude_skills.claude_skills.tests.unit.test_common.test_tui_progress.TestElapsedTimeTracking" name="test_update_thread_stops_on_context_exit" time="1.107" /><testcase classname="src.claude_skills.claude_skills.tests.unit.test_common.test_tui_progress.TestElapsedTimeTracking" name="test_update_thread_stops_on_exception" time="1.104" /><testcase classname="src.claude_skills.claude_skills.tests.unit.test_common.test_tui_progress.TestElapsedTimeTracking" name="test_no_race_condition_on_completion" time="0.305" /><testcase classname="src.claude_skills.claude_skills.tests.unit.test_common.test_tui_progress.TestElapsedTimeTracking" name="test_update_interval_calculation_short_timeout" time="0.002" /><testcase classname="src.claude_skills.claude_skills.tests.unit.test_common.test_tui_progress.TestElapsedTimeTracking" name="test_update_interval_calculation_medium_timeout" time="0.001" /><testcase classname="src.claude_skills.claude_skills.tests.unit.test_common.test_tui_progress.TestElapsedTimeTracking" name="test_update_interval_calculation_long_timeout" time="0.001" /><testcase classname="src.claude_skills.claude_skills.tests.unit.test_common.test_tui_progress.TestElapsedTimeTracking" name="test_custom_update_interval_override" time="0.001" /><testcase classname="src.claude_skills.claude_skills.tests.unit.test_common.test_tui_progress.TestBatchElapsedTimeTracking" name="test_batch_on_update_called_periodically" time="1.505" /><testcase classname="src.claude_skills.claude_skills.tests.unit.test_common.test_tui_progress.TestBatchElapsedTimeTracking" name="test_batch_on_update_includes_batch_context" time="0.605" /><testcase classname="src.claude_skills.claude_skills.tests.unit.test_common.test_tui_progress.TestBatchElapsedTimeTracking" name="test_batch_update_thread_stops_on_all_complete" time="1.006" /><testcase classname="src.claude_skills.claude_skills.tests.unit.test_common.test_tui_progress.TestBatchElapsedTimeTracking" name="test_batch_update_thread_stops_on_context_exit" time="1.105" /><testcase classname="src.claude_skills.claude_skills.tests.unit.test_common.test_tui_progress.TestThreadSafety" name="test_concurrent_completion_is_safe" time="0.101" /><testcase classname="src.claude_skills.claude_skills.tests.unit.test_common.test_tui_progress.TestThreadSafety" name="test_batch_concurrent_marking_is_safe" time="0.102" /><testcase classname="src.claude_skills.claude_skills.tests.unit.test_common.test_tui_progress.TestQueuedProgressCallback" name="test_forwards_on_start_to_wrapped_callback" time="0.202" /><testcase classname="src.claude_skills.claude_skills.tests.unit.test_common.test_tui_progress.TestQueuedProgressCallback" name="test_handles_large_queue_bursts" time="1.005" /><testcase classname="src.claude_skills.claude_skills.tests.unit.test_common.test_tui_progress.TestQueuedProgressCallback" name="test_stop_waits_for_pending_queue_items" time="0.103" /><testcase classname="src.claude_skills.claude_skills.tests.unit.test_common.test_tui_progress.TestQueuedProgressCallback" name="test_restart_after_stop" time="0.403" /><testcase classname="src.claude_skills.claude_skills.tests.unit.test_common.test_tui_progress.TestQueuedProgressCallback" name="test_queue_preserves_update_sequence" time="0.504" /><testcase classname="src.claude_skills.claude_skills.tests.unit.test_common.test_tui_progress.TestQueuedProgressCallback" name="test_queue_with_mixed_callback_types" time="0.504" /><testcase classname="src.claude_skills.claude_skills.tests.unit.test_common.test_tui_progress.TestQueuedProgressCallback" name="test_forwards_on_update_to_wrapped_callback" time="0.204" /><testcase classname="src.claude_skills.claude_skills.tests.unit.test_common.test_tui_progress.TestQueuedProgressCallback" name="test_forwards_on_complete_to_wrapped_callback" time="0.204" /><testcase classname="src.claude_skills.claude_skills.tests.unit.test_common.test_tui_progress.TestQueuedProgressCallback" name="test_handles_multiple_parallel_calls" time="0.511" /><testcase classname="src.claude_skills.claude_skills.tests.unit.test_common.test_tui_progress.TestQueuedProgressCallback" name="test_stops_cleanly" time="0.004" /><testcase classname="src.claude_skills.claude_skills.tests.unit.test_common.test_tui_progress.TestQueuedProgressCallback" name="test_ignores_duplicate_start" time="0.004" /><testcase classname="src.claude_skills.claude_skills.tests.unit.test_common.test_tui_progress.TestQueuedProgressCallback" name="test_processes_queued_calls_in_order" time="0.303" /><testcase classname="src.claude_skills.claude_skills.tests.unit.test_common.test_tui_progress.TestQueuedProgressCallback" name="test_handles_wrapped_callback_exceptions" time="0.403" /><testcase classname="src.claude_skills.claude_skills.tests.unit.test_common.test_tui_progress.TestQueuedProgressCallback" name="test_forwards_batch_callbacks" time="0.304" /><testcase classname="src.claude_skills.claude_skills.tests.unit.test_common.test_tui_progress.TestQueuedProgressCallback" name="test_can_be_used_with_no_op_callback" time="0.203" /><testcase classname="src.claude_skills.claude_skills.tests.unit.test_common.test_tui_progress.TestProgressBarCleanup" name="test_cleanup_on_successful_completion" time="0.606" /><testcase classname="src.claude_skills.claude_skills.tests.unit.test_common.test_tui_progress.TestProgressBarCleanup" name="test_cleanup_on_exception" time="0.407" /><testcase classname="src.claude_skills.claude_skills.tests.unit.test_common.test_tui_progress.TestProgressBarCleanup" name="test_cleanup_without_explicit_complete_call" time="0.406" /><testcase classname="src.claude_skills.claude_skills.tests.unit.test_common.test_tui_progress.TestProgressBarCleanup" name="test_batch_cleanup_on_completion" time="0.406" /><testcase classname="src.claude_skills.claude_skills.tests.unit.test_common.test_tui_progress.TestProgressBarCleanup" name="test_batch_cleanup_on_exception" time="0.406" /><testcase classname="src.claude_skills.claude_skills.tests.unit.test_common.test_tui_progress.TestProgressBarCleanup" name="test_cleanup_stops_update_callbacks" time="1.106" /><testcase classname="src.claude_skills.claude_skills.tests.unit.test_common.test_tui_progress.TestProgressBarCleanup" name="test_cleanup_is_idempotent" time="0.406" /><testcase classname="src.claude_skills.claude_skills.tests.unit.test_common.test_tui_progress.TestProgressBarCleanup" name="test_queued_callback_cleanup" time="0.204" /><testcase classname="src.claude_skills.claude_skills.tests.unit.test_common.test_tui_progress.TestProgressBarCleanup" name="test_queued_callback_cleanup_after_exception" time="0.204" /><testcase classname="src.claude_skills.claude_skills.tests.unit.test_common.test_tui_progress.TestProgressMessageFormatting" name="test_basic_message_format" time="0.001" /><testcase classname="src.claude_skills.claude_skills.tests.unit.test_common.test_tui_progress.TestProgressMessageFormatting" name="test_message_with_timeout" time="0.001" /><testcase classname="src.claude_skills.claude_skills.tests.unit.test_common.test_tui_progress.TestProgressMessageFormatting" name="test_message_without_timeout_display" time="0.001" /><testcase classname="src.claude_skills.claude_skills.tests.unit.test_common.test_tui_progress.TestProgressMessageFormatting" name="test_formats_decimal_places" time="0.001" /><testcase classname="src.claude_skills.claude_skills.tests.unit.test_common.test_tui_progress.TestProgressMessageFormatting" name="test_formats_integer_elapsed" time="0.001" /><testcase classname="src.claude_skills.claude_skills.tests.unit.test_common.test_tui_progress.TestProgressMessageFormatting" name="test_formats_different_tool_names" time="0.001" /><testcase classname="src.claude_skills.claude_skills.tests.unit.test_common.test_tui_progress.TestProgressMessageFormatting" name="test_formats_long_elapsed_times" time="0.001" /><testcase classname="src.claude_skills.claude_skills.tests.unit.test_common.test_tui_progress.TestProgressMessageFormatting" name="test_formats_zero_elapsed" time="0.001" /><testcase classname="src.claude_skills.claude_skills.tests.unit.test_dev_tools.test_sdd_start_helper.TestGetSessionInfo" name="test_get_session_info_with_last_task" time="0.006" /><testcase classname="src.claude_skills.claude_skills.tests.unit.test_dev_tools.test_sdd_start_helper.TestGetSessionInfo" name="test_get_session_info_no_last_task" time="0.004" /><testcase classname="src.claude_skills.claude_skills.tests.unit.test_dev_tools.test_sdd_start_helper.TestGetSessionInfo" name="test_get_session_info_no_specs_dir" time="0.003" /><testcase classname="src.claude_skills.claude_skills.tests.unit.test_dev_tools.test_sdd_start_helper.TestFormatOutputEnhanced" name="test_format_output_shows_last_task" time="0.003" /><testcase classname="src.claude_skills.claude_skills.tests.unit.test_dev_tools.test_sdd_start_helper.TestFormatOutputEnhanced" name="test_format_output_no_last_task" time="0.003" /><testcase classname="src.claude_skills.claude_skills.tests.unit.test_dev_tools.test_sdd_start_helper.TestFormatOutputEnhanced" name="test_format_output_no_active_specs" time="0.002" /><testcase classname="src.claude_skills.claude_skills.tests.unit.test_dev_tools.test_sdd_start_helper.TestFormatOutputEnhanced" name="test_format_output_no_specs_directory" time="0.002" /><testcase classname="src.claude_skills.claude_skills.tests.unit.test_dev_tools.test_sdd_start_helper.TestIntegrationWithGetSessionState" name="test_get_session_state_called_with_correct_path" time="0.002" /><testcase classname="src.claude_skills.claude_skills.tests.unit.test_dev_tools.test_sdd_start_helper.TestIntegrationWithGetSessionState" name="test_multiple_in_progress_tasks_display" time="0.002" /><testcase classname="src.claude_skills.claude_skills.tests.unit.test_doc_query.test_lib" name="test_normalizes_modern_payload" time="0.002" /><testcase classname="src.claude_skills.claude_skills.tests.unit.test_doc_query.test_lib" name="test_normalizes_legacy_payload" time="0.002" /><testcase classname="src.claude_skills.claude_skills.tests.unit.test_doc_query.test_lib" name="test_describe_module_returns_summary" time="0.002" /><testcase classname="src.claude_skills.claude_skills.tests.unit.test_doc_query.test_lib" name="test_context_for_area_includes_docstrings_and_stats" time="0.002" /><testcase classname="src.claude_skills.claude_skills.tests.unit.test_doc_query.test_lib" name="test_get_callers_with_v2_schema" time="0.001" /><testcase classname="src.claude_skills.claude_skills.tests.unit.test_doc_query.test_lib" name="test_get_callers_exclude_file" time="0.001" /><testcase classname="src.claude_skills.claude_skills.tests.unit.test_doc_query.test_lib" name="test_get_callers_exclude_line" time="0.001" /><testcase classname="src.claude_skills.claude_skills.tests.unit.test_doc_query.test_lib" name="test_get_callers_function_not_found" time="0.001" /><testcase classname="src.claude_skills.claude_skills.tests.unit.test_doc_query.test_lib" name="test_get_callers_no_callers" time="0.001" /><testcase classname="src.claude_skills.claude_skills.tests.unit.test_doc_query.test_lib" name="test_get_callees_with_v2_schema" time="0.002" /><testcase classname="src.claude_skills.claude_skills.tests.unit.test_doc_query.test_lib" name="test_get_callees_exclude_file" time="0.001" /><testcase classname="src.claude_skills.claude_skills.tests.unit.test_doc_query.test_lib" name="test_get_callees_function_not_found" time="0.001" /><testcase classname="src.claude_skills.claude_skills.tests.unit.test_doc_query.test_lib" name="test_get_call_count_with_value" time="0.001" /><testcase classname="src.claude_skills.claude_skills.tests.unit.test_doc_query.test_lib" name="test_get_call_count_none" time="0.001" /><testcase classname="src.claude_skills.claude_skills.tests.unit.test_doc_query.test_lib" name="test_get_call_count_function_not_found" time="0.001" /><testcase classname="src.claude_skills.claude_skills.tests.unit.test_doc_query.test_lib" name="test_normalize_v2_schema_fields" time="0.001" /><testcase classname="src.claude_skills.claude_skills.tests.unit.test_doc_query.test_lib" name="test_build_call_graph_callees_only" time="0.001" /><testcase classname="src.claude_skills.claude_skills.tests.unit.test_doc_query.test_lib" name="test_build_call_graph_callers_only" time="0.001" /><testcase classname="src.claude_skills.claude_skills.tests.unit.test_doc_query.test_lib" name="test_build_call_graph_both_directions" time="0.002" /><testcase classname="src.claude_skills.claude_skills.tests.unit.test_doc_query.test_lib" name="test_build_call_graph_max_depth" time="0.001" /><testcase classname="src.claude_skills.claude_skills.tests.unit.test_doc_query.test_lib" name="test_build_call_graph_handles_cycles" time="0.001" /><testcase classname="src.claude_skills.claude_skills.tests.unit.test_doc_query.test_lib" name="test_build_call_graph_function_not_found" time="0.001" /><testcase classname="src.claude_skills.claude_skills.tests.unit.test_doc_query.test_lib" name="test_build_call_graph_isolated_function" time="0.001" /><testcase classname="src.claude_skills.claude_skills.tests.unit.test_doc_query.test_lib" name="test_build_call_graph_include_metadata" time="0.001" /><testcase classname="src.claude_skills.claude_skills.tests.unit.test_doc_query.test_lib" name="test_build_call_graph_without_metadata" time="0.001" /><testcase classname="src.claude_skills.claude_skills.tests.unit.test_doc_query.test_lib" name="test_build_call_graph_depth_values" time="0.001" /><testcase classname="src.claude_skills.claude_skills.tests.unit.test_doc_query.test_lib" name="test_build_call_graph_invalid_direction" time="0.001" /><testcase classname="src.claude_skills.claude_skills.tests.unit.test_doc_query.test_lib" name="test_apply_pattern_filter_exact_match" time="0.000" /><testcase classname="src.claude_skills.claude_skills.tests.unit.test_doc_query.test_lib" name="test_apply_pattern_filter_exact_match_no_results" time="0.000" /><testcase classname="src.claude_skills.claude_skills.tests.unit.test_doc_query.test_lib" name="test_apply_pattern_filter_regex_pattern" time="0.000" /><testcase classname="src.claude_skills.claude_skills.tests.unit.test_doc_query.test_lib" name="test_apply_pattern_filter_regex_case_insensitive" time="0.000" /><testcase classname="src.claude_skills.claude_skills.tests.unit.test_doc_query.test_lib" name="test_apply_pattern_filter_regex_complex_pattern" time="0.000" /><testcase classname="src.claude_skills.claude_skills.tests.unit.test_doc_query.test_lib" name="test_apply_pattern_filter_invalid_regex" time="0.000" /><testcase classname="src.claude_skills.claude_skills.tests.unit.test_doc_query.test_lib" name="test_apply_pattern_filter_empty_items" time="0.000" /><testcase classname="src.claude_skills.claude_skills.tests.unit.test_doc_query.test_lib" name="test_apply_pattern_filter_custom_key_function" time="0.000" /><testcase classname="src.claude_skills.claude_skills.tests.unit.test_doc_query.test_lib" name="test_apply_pattern_filter_custom_key_exact_match" time="0.000" /><testcase classname="src.claude_skills.claude_skills.tests.unit.test_doc_query.test_lib" name="test_apply_pattern_filter_missing_key" time="0.000" /><testcase classname="src.claude_skills.claude_skills.tests.unit.test_doc_query.test_lib" name="test_apply_pattern_filter_empty_string_values" time="0.000" /><testcase classname="src.claude_skills.claude_skills.tests.unit.test_doc_query.test_lib" name="test_apply_pattern_filter_regex_empty_string" time="0.000" /><testcase classname="src.claude_skills.claude_skills.tests.unit.test_doc_query.test_lib" name="test_apply_pattern_filter_key_func_exception" time="0.000" /><testcase classname="src.claude_skills.claude_skills.tests.unit.test_doc_query.test_lib" name="test_apply_pattern_filter_preserves_item_structure" time="0.000" /><testcase classname="src.claude_skills.claude_skills.tests.unit.test_doc_query.test_lib" name="test_apply_pattern_filter_multiple_matches" time="0.000" /><testcase classname="src.claude_skills.claude_skills.tests.unit.test_parse_review_cli.TestCmdParseReview" name="test_review_file_not_found" time="0.002" /><testcase classname="src.claude_skills.claude_skills.tests.unit.test_parse_review_cli.TestCmdParseReview" name="test_parse_failure" time="0.002" /><testcase classname="src.claude_skills.claude_skills.tests.unit.test_parse_review_cli.TestCmdParseReview" name="test_show_mode" time="0.003" /><testcase classname="src.claude_skills.claude_skills.tests.unit.test_parse_review_cli.TestCmdParseReview" name="test_save_suggestions" time="0.004" /><testcase classname="src.claude_skills.claude_skills.tests.unit.test_parse_review_cli.TestCmdParseReview" name="test_custom_output_path" time="0.004" /><testcase classname="src.claude_skills.claude_skills.tests.unit.test_parse_review_cli.TestCmdParseReview" name="test_no_suggestions" time="0.002" /><testcase classname="src.claude_skills.claude_skills.tests.unit.test_parse_review_cli.TestCmdParseReview" name="test_displays_metadata" time="0.002" /><testcase classname="src.claude_skills.claude_skills.tests.unit.test_parse_review_cli.TestCmdParseReview" name="test_displays_issues_summary" time="0.002" /><testcase classname="src.claude_skills.claude_skills.tests.unit.test_providers.test_base_provider" name="test_provider_context_invokes_hooks_and_streams" time="0.001" /><testcase classname="src.claude_skills.claude_skills.tests.unit.test_providers.test_base_provider" name="test_provider_context_wraps_unknown_exceptions" time="0.000" /><testcase classname="src.claude_skills.claude_skills.tests.unit.test_providers.test_base_provider" name="test_provider_context_maps_file_not_found_to_unavailable" time="0.000" /><testcase classname="src.claude_skills.claude_skills.tests.unit.test_providers.test_base_provider" name="test_resolve_provider_passes_dependencies_and_returns_metadata" time="0.001" /><testcase classname="src.claude_skills.claude_skills.tests.unit.test_providers.test_base_provider" name="test_available_providers_honors_priority_and_availability" time="0.000" /><testcase classname="src.claude_skills.claude_skills.tests.unit.test_providers.test_base_provider" name="test_run_provider_streaming_happy_path" time="0.000" /><testcase classname="src.claude_skills.claude_skills.tests.unit.test_providers.test_codex_provider" name="test_codex_provider_parses_jsonl_and_streams" time="0.001" /><testcase classname="src.claude_skills.claude_skills.tests.unit.test_providers.test_codex_provider" name="test_codex_provider_rejects_unsupported_fields" time="0.000" /><testcase classname="src.claude_skills.claude_skills.tests.unit.test_providers.test_codex_provider" name="test_codex_provider_handles_invalid_json" time="0.000" /><testcase classname="src.claude_skills.claude_skills.tests.unit.test_providers.test_codex_provider" name="test_codex_provider_handles_non_zero_exit" time="0.000" /><testcase classname="src.claude_skills.claude_skills.tests.unit.test_providers.test_codex_provider" name="test_create_provider_and_availability_override" time="0.000" /><testcase classname="src.claude_skills.claude_skills.tests.unit.test_providers.test_cursor_agent_provider" name="test_cursor_agent_provider_builds_command_and_parses_json" time="0.000" /><testcase classname="src.claude_skills.claude_skills.tests.unit.test_providers.test_cursor_agent_provider" name="test_cursor_agent_provider_retries_without_json_flag" time="0.000" /><testcase classname="src.claude_skills.claude_skills.tests.unit.test_providers.test_cursor_agent_provider" name="test_cursor_agent_provider_rejects_attachments" time="0.000" /><testcase classname="src.claude_skills.claude_skills.tests.unit.test_providers.test_cursor_agent_provider" name="test_cursor_agent_provider_handles_invalid_json" time="0.000" /><testcase classname="src.claude_skills.claude_skills.tests.unit.test_providers.test_cursor_agent_provider" name="test_create_provider_and_availability_override" time="0.000" /><testcase classname="src.claude_skills.claude_skills.tests.unit.test_providers.test_gemini_provider" name="test_gemini_provider_executes_command_and_streams" time="0.000" /><testcase classname="src.claude_skills.claude_skills.tests.unit.test_providers.test_gemini_provider" name="test_gemini_provider_rejects_unsupported_fields" time="0.000" /><testcase classname="src.claude_skills.claude_skills.tests.unit.test_providers.test_gemini_provider" name="test_gemini_provider_validates_json_output" time="0.000" /><testcase classname="src.claude_skills.claude_skills.tests.unit.test_providers.test_gemini_provider" name="test_create_provider_injects_custom_runner_and_model" time="0.000" /><testcase classname="src.claude_skills.claude_skills.tests.unit.test_providers.test_gemini_provider" name="test_is_gemini_available_respects_override" time="0.000" /><testcase classname="src.claude_skills.claude_skills.tests.unit.test_providers.test_provider_detectors" name="test_detect_provider_availability_runs_probe" time="0.001" /><testcase classname="src.claude_skills.claude_skills.tests.unit.test_providers.test_provider_detectors" name="test_detect_provider_availability_missing_binary_returns_false" time="0.001" /><testcase classname="src.claude_skills.claude_skills.tests.unit.test_providers.test_provider_detectors" name="test_detect_provider_availability_respects_override" time="0.000" /><testcase classname="src.claude_skills.claude_skills.tests.unit.test_providers.test_provider_detectors" name="test_register_custom_detector" time="0.001" /><testcase classname="src.claude_skills.claude_skills.tests.unit.test_revision.TestBumpVersion" name="test_increment_minor_version" time="0.000" /><testcase classname="src.claude_skills.claude_skills.tests.unit.test_revision.TestBumpVersion" name="test_increment_from_1_9_to_2_0" time="0.001" /><testcase classname="src.claude_skills.claude_skills.tests.unit.test_revision.TestBumpVersion" name="test_increment_from_2_9_to_3_0" time="0.000" /><testcase classname="src.claude_skills.claude_skills.tests.unit.test_revision.TestBumpVersion" name="test_increment_mid_range" time="0.000" /><testcase classname="src.claude_skills.claude_skills.tests.unit.test_revision.TestBumpVersion" name="test_handle_single_digit_version" time="0.000" /><testcase classname="src.claude_skills.claude_skills.tests.unit.test_revision.TestBumpVersion" name="test_empty_version_defaults_to_1_0" time="0.000" /><testcase classname="src.claude_skills.claude_skills.tests.unit.test_revision.TestBumpVersion" name="test_invalid_version_raises_error" time="0.000" /><testcase classname="src.claude_skills.claude_skills.tests.unit.test_revision.TestBumpVersion" name="test_invalid_version_with_letters_raises_error" time="0.000" /><testcase classname="src.claude_skills.claude_skills.tests.unit.test_revision.TestValidateSpecMetadata" name="test_valid_spec_with_metadata" time="0.000" /><testcase classname="src.claude_skills.claude_skills.tests.unit.test_revision.TestValidateSpecMetadata" name="test_missing_metadata_key" time="0.000" /><testcase classname="src.claude_skills.claude_skills.tests.unit.test_revision.TestValidateSpecMetadata" name="test_metadata_not_dict" time="0.000" /><testcase classname="src.claude_skills.claude_skills.tests.unit.test_revision.TestValidateSpecMetadata" name="test_none_spec" time="0.000" /><testcase classname="src.claude_skills.claude_skills.tests.unit.test_revision.TestValidateSpecMetadata" name="test_non_dict_spec" time="0.000" /><testcase classname="src.claude_skills.claude_skills.tests.unit.test_revision.TestCreateRevision" name="test_create_first_revision" time="0.000" /><testcase classname="src.claude_skills.claude_skills.tests.unit.test_revision.TestCreateRevision" name="test_create_multiple_revisions" time="0.000" /><testcase classname="src.claude_skills.claude_skills.tests.unit.test_revision.TestCreateRevision" name="test_revision_entry_structure" time="0.000" /><testcase classname="src.claude_skills.claude_skills.tests.unit.test_revision.TestCreateRevision" name="test_revision_history_prepends_new_entries" time="0.000" /><testcase classname="src.claude_skills.claude_skills.tests.unit.test_revision.TestCreateRevision" name="test_initialize_revision_history_if_missing" time="0.000" /><testcase classname="src.claude_skills.claude_skills.tests.unit.test_revision.TestCreateRevision" name="test_default_version_if_missing" time="0.000" /><testcase classname="src.claude_skills.claude_skills.tests.unit.test_revision.TestCreateRevision" name="test_empty_changelog_fails" time="0.000" /><testcase classname="src.claude_skills.claude_skills.tests.unit.test_revision.TestCreateRevision" name="test_empty_modified_by_fails" time="0.000" /><testcase classname="src.claude_skills.claude_skills.tests.unit.test_revision.TestCreateRevision" name="test_invalid_spec_fails" time="0.000" /><testcase classname="src.claude_skills.claude_skills.tests.unit.test_revision.TestCreateRevision" name="test_invalid_version_format_fails" time="0.000" /><testcase classname="src.claude_skills.claude_skills.tests.unit.test_revision.TestGetRevisionHistory" name="test_get_populated_history" time="0.000" /><testcase classname="src.claude_skills.claude_skills.tests.unit.test_revision.TestGetRevisionHistory" name="test_get_empty_history" time="0.000" /><testcase classname="src.claude_skills.claude_skills.tests.unit.test_revision.TestGetRevisionHistory" name="test_get_history_from_invalid_spec" time="0.000" /><testcase classname="src.claude_skills.claude_skills.tests.unit.test_revision.TestGetRevisionHistory" name="test_get_history_from_none_spec" time="0.000" /><testcase classname="src.claude_skills.claude_skills.tests.unit.test_revision.TestGetRevisionHistory" name="test_history_entries_have_required_fields" time="0.000" /><testcase classname="src.claude_skills.claude_skills.tests.unit.test_revision.TestRollbackToVersion" name="test_rollback_to_previous_version" time="0.000" /><testcase classname="src.claude_skills.claude_skills.tests.unit.test_revision.TestRollbackToVersion" name="test_rollback_trims_newer_revisions" time="0.000" /><testcase classname="src.claude_skills.claude_skills.tests.unit.test_revision.TestRollbackToVersion" name="test_rollback_to_nonexistent_version_fails" time="0.000" /><testcase classname="src.claude_skills.claude_skills.tests.unit.test_revision.TestRollbackToVersion" name="test_rollback_with_no_history_fails" time="0.000" /><testcase classname="src.claude_skills.claude_skills.tests.unit.test_revision.TestRollbackToVersion" name="test_rollback_with_invalid_spec_fails" time="0.000" /><testcase classname="src.claude_skills.claude_skills.tests.unit.test_revision.TestRollbackToVersion" name="test_rollback_with_empty_version_fails" time="0.000" /><testcase classname="src.claude_skills.claude_skills.tests.unit.test_revision.TestRollbackToVersion" name="test_rollback_preserves_target_and_older" time="0.000" /><testcase classname="src.claude_skills.claude_skills.tests.unit.test_revision.TestIntegration" name="test_full_revision_lifecycle" time="0.000" /><testcase classname="src.claude_skills.claude_skills.tests.unit.test_revision.TestIntegration" name="test_revision_timestamps_are_iso8601" time="0.000" /><testcase classname="src.claude_skills.claude_skills.tests.unit.test_run_tests.test_cli_model_overrides" name="test_parse_model_override_returns_none_when_absent" time="0.000" /><testcase classname="src.claude_skills.claude_skills.tests.unit.test_run_tests.test_cli_model_overrides" name="test_parse_model_override_handles_global_value" time="0.000" /><testcase classname="src.claude_skills.claude_skills.tests.unit.test_run_tests.test_cli_model_overrides" name="test_parse_model_override_handles_per_tool_entries" time="0.000" /><testcase classname="src.claude_skills.claude_skills.tests.unit.test_run_tests.test_cli_model_overrides" name="test_parse_model_override_combines_per_tool_with_default" time="0.000" /><testcase classname="src.claude_skills.claude_skills.tests.unit.test_run_tests.test_consultation_models" name="test_get_model_for_tool_delegates_to_shared_resolver" time="0.000" /><testcase classname="src.claude_skills.claude_skills.tests.unit.test_run_tests.test_consultation_models" name="test_get_model_for_tool_without_failure_type_omits_context" time="0.000" /><testcase classname="src.claude_skills.claude_skills.tests.unit.test_run_tests.test_consultation_models" name="test_consult_multi_agent_uses_resolved_models" time="0.001" /><testcase classname="src.claude_skills.claude_skills.tests.unit.test_run_tests.test_pytest_parser.TestPytestOutputParser" name="test_parse_passed_test" time="0.001" /><testcase classname="src.claude_skills.claude_skills.tests.unit.test_run_tests.test_pytest_parser.TestPytestOutputParser" name="test_parse_failed_test" time="0.000" /><testcase classname="src.claude_skills.claude_skills.tests.unit.test_run_tests.test_pytest_parser.TestPytestOutputParser" name="test_parse_skipped_test" time="0.000" /><testcase classname="src.claude_skills.claude_skills.tests.unit.test_run_tests.test_pytest_parser.TestPytestOutputParser" name="test_parse_error_test" time="0.000" /><testcase classname="src.claude_skills.claude_skills.tests.unit.test_run_tests.test_pytest_parser.TestPytestOutputParser" name="test_parse_xfail_test" time="0.000" /><testcase classname="src.claude_skills.claude_skills.tests.unit.test_run_tests.test_pytest_parser.TestPytestOutputParser" name="test_parse_xpass_test" time="0.000" /><testcase classname="src.claude_skills.claude_skills.tests.unit.test_run_tests.test_pytest_parser.TestPytestOutputParser" name="test_parse_test_without_percentage" time="0.000" /><testcase classname="src.claude_skills.claude_skills.tests.unit.test_run_tests.test_pytest_parser.TestPytestOutputParser" name="test_parse_parametrized_test" time="0.000" /><testcase classname="src.claude_skills.claude_skills.tests.unit.test_run_tests.test_pytest_parser.TestPytestOutputParser" name="test_parse_class_method" time="0.000" /><testcase classname="src.claude_skills.claude_skills.tests.unit.test_run_tests.test_pytest_parser.TestPytestOutputParser" name="test_parse_nested_path" time="0.000" /><testcase classname="src.claude_skills.claude_skills.tests.unit.test_run_tests.test_pytest_parser.TestPytestOutputParser" name="test_parse_non_test_line" time="0.000" /><testcase classname="src.claude_skills.claude_skills.tests.unit.test_run_tests.test_pytest_parser.TestPytestOutputParser" name="test_parse_with_ansi_codes" time="0.000" /><testcase classname="src.claude_skills.claude_skills.tests.unit.test_run_tests.test_pytest_parser.TestPytestOutputParser" name="test_count_tracking_multiple_tests" time="0.000" /><testcase classname="src.claude_skills.claude_skills.tests.unit.test_run_tests.test_pytest_parser.TestPytestOutputParser" name="test_count_tracking_with_errors" time="0.000" /><testcase classname="src.claude_skills.claude_skills.tests.unit.test_run_tests.test_pytest_parser.TestPytestOutputParser" name="test_count_tracking_with_xfail_xpass" time="0.000" /><testcase classname="src.claude_skills.claude_skills.tests.unit.test_run_tests.test_pytest_parser.TestPytestOutputParser" name="test_get_progress_empty" time="0.000" /><testcase classname="src.claude_skills.claude_skills.tests.unit.test_run_tests.test_pytest_parser.TestPytestOutputParser" name="test_reset" time="0.000" /><testcase classname="src.claude_skills.claude_skills.tests.unit.test_run_tests.test_pytest_parser.TestPytestOutputParser" name="test_percentage_retained_across_lines" time="0.000" /><testcase classname="src.claude_skills.claude_skills.tests.unit.test_run_tests.test_pytest_parser.TestFormatProgressSummary" name="test_format_all_passed" time="0.000" /><testcase classname="src.claude_skills.claude_skills.tests.unit.test_run_tests.test_pytest_parser.TestFormatProgressSummary" name="test_format_mixed_results" time="0.000" /><testcase classname="src.claude_skills.claude_skills.tests.unit.test_run_tests.test_pytest_parser.TestFormatProgressSummary" name="test_format_with_errors" time="0.000" /><testcase classname="src.claude_skills.claude_skills.tests.unit.test_run_tests.test_pytest_parser.TestFormatProgressSummary" name="test_format_with_xfail_xpass" time="0.001" /><testcase classname="src.claude_skills.claude_skills.tests.unit.test_run_tests.test_pytest_parser.TestFormatProgressSummary" name="test_format_without_percentage" time="0.000" /><testcase classname="src.claude_skills.claude_skills.tests.unit.test_run_tests.test_pytest_parser.TestFormatProgressSummary" name="test_format_no_tests" time="0.000" /><testcase classname="src.claude_skills.claude_skills.tests.unit.test_run_tests.test_pytest_parser.TestPytestProgressDisplay" name="test_init_with_total" time="0.001" /><testcase classname="src.claude_skills.claude_skills.tests.unit.test_run_tests.test_pytest_parser.TestPytestProgressDisplay" name="test_init_without_total" time="0.001" /><testcase classname="src.claude_skills.claude_skills.tests.unit.test_run_tests.test_pytest_parser.TestPytestProgressDisplay" name="test_update_with_passed_tests" time="0.001" /><testcase classname="src.claude_skills.claude_skills.tests.unit.test_run_tests.test_pytest_parser.TestPytestProgressDisplay" name="test_update_with_mixed_results" time="0.001" /><testcase classname="src.claude_skills.claude_skills.tests.unit.test_run_tests.test_pytest_parser.TestPytestProgressDisplay" name="test_update_without_total" time="0.001" /><testcase classname="src.claude_skills.claude_skills.tests.unit.test_run_tests.test_pytest_parser.TestPytestProgressDisplay" name="test_update_with_errors" time="0.001" /><testcase classname="src.claude_skills.claude_skills.tests.unit.test_run_tests.test_pytest_parser.TestPytestProgressDisplay" name="test_finish_with_total" time="0.001" /><testcase classname="src.claude_skills.claude_skills.tests.unit.test_run_tests.test_pytest_parser.TestPytestProgressDisplay" name="test_finish_without_total" time="0.001" /><testcase classname="src.claude_skills.claude_skills.tests.unit.test_run_tests.test_pytest_parser.TestPytestProgressDisplay" name="test_color_formatting_in_description" time="0.001" /><testcase classname="src.claude_skills.claude_skills.tests.unit.test_run_tests.test_pytest_parser.TestPytestProgressDisplay" name="test_update_with_current_file" time="0.001" /><testcase classname="src.claude_skills.claude_skills.tests.unit.test_run_tests.test_pytest_parser.TestPytestProgressDisplay" name="test_update_retains_last_file" time="0.001" /><testcase classname="src.claude_skills.claude_skills.tests.unit.test_run_tests.test_pytest_parser.TestPytestProgressDisplay" name="test_update_changes_file" time="0.001" /><testcase classname="src.claude_skills.claude_skills.tests.unit.test_run_tests.test_pytest_parser.TestPytestProgressDisplay" name="test_update_filename_only_not_path" time="0.001" /><testcase classname="src.claude_skills.claude_skills.tests.unit.test_sdd_common.test_cli_utils.TestStripAnsiCodes" name="test_strip_basic_ansi_codes" time="0.001" /><testcase classname="src.claude_skills.claude_skills.tests.unit.test_sdd_common.test_cli_utils.TestStripAnsiCodes" name="test_strip_multiple_ansi_codes" time="0.000" /><testcase classname="src.claude_skills.claude_skills.tests.unit.test_sdd_common.test_cli_utils.TestStripAnsiCodes" name="test_no_ansi_codes" time="0.000" /><testcase classname="src.claude_skills.claude_skills.tests.unit.test_sdd_common.test_cli_utils.TestStripAnsiCodes" name="test_empty_string" time="0.000" /><testcase classname="src.claude_skills.claude_skills.tests.unit.test_sdd_common.test_cli_utils.TestStripAnsiCodes" name="test_rich_markup_not_stripped" time="0.000" /><testcase classname="src.claude_skills.claude_skills.tests.unit.test_sdd_common.test_cli_utils.TestFormatJsonOutput" name="test_basic_dict_formatting" time="0.000" /><testcase classname="src.claude_skills.claude_skills.tests.unit.test_sdd_common.test_cli_utils.TestFormatJsonOutput" name="test_compact_formatting" time="0.000" /><testcase classname="src.claude_skills.claude_skills.tests.unit.test_sdd_common.test_cli_utils.TestFormatJsonOutput" name="test_pretty_formatting" time="0.000" /><testcase classname="src.claude_skills.claude_skills.tests.unit.test_sdd_common.test_cli_utils.TestFormatJsonOutput" name="test_ansi_stripping_enabled" time="0.000" /><testcase classname="src.claude_skills.claude_skills.tests.unit.test_sdd_common.test_cli_utils.TestFormatJsonOutput" name="test_ansi_stripping_disabled" time="0.000" /><testcase classname="src.claude_skills.claude_skills.tests.unit.test_sdd_common.test_cli_utils.TestFormatJsonOutput" name="test_nested_dict_ansi_stripping" time="0.000" /><testcase classname="src.claude_skills.claude_skills.tests.unit.test_sdd_common.test_cli_utils.TestFormatJsonOutput" name="test_list_ansi_stripping" time="0.001" /><testcase classname="src.claude_skills.claude_skills.tests.unit.test_sdd_common.test_cli_utils.TestFormatJsonOutput" name="test_mixed_types" time="0.001" /><testcase classname="src.claude_skills.claude_skills.tests.unit.test_sdd_common.test_cli_utils.TestAddFormatFlag" name="test_basic_usage" time="0.001" /><testcase classname="src.claude_skills.claude_skills.tests.unit.test_sdd_common.test_cli_utils.TestAddFormatFlag" name="test_custom_choices" time="0.001" /><testcase classname="src.claude_skills.claude_skills.tests.unit.test_sdd_common.test_cli_utils.TestAddFormatFlag" name="test_custom_default" time="0.001" /><testcase classname="src.claude_skills.claude_skills.tests.unit.test_sdd_common.test_cli_utils.TestAddFormatFlag" name="test_custom_help_text" time="0.001" /><testcase classname="src.claude_skills.claude_skills.tests.unit.test_sdd_common.test_cli_utils.TestAddFormatFlag" name="test_invalid_choice_raises_error" time="0.001" /><testcase classname="src.claude_skills.claude_skills.tests.unit.test_sdd_common.test_cli_utils.TestAddFormatFlag" name="test_default_not_in_choices_raises_error" time="0.001" /><testcase classname="src.claude_skills.claude_skills.tests.unit.test_sdd_common.test_cli_utils.TestAddFormatFlag" name="test_with_subparsers" time="0.001" /><testcase classname="src.claude_skills.claude_skills.tests.unit.test_sdd_common.test_cli_utils.TestAddFormatFlag" name="test_returns_parser" time="0.001" /><testcase classname="src.claude_skills.claude_skills.tests.unit.test_sdd_common.test_cli_utils.TestAddFormatFlag" name="test_auto_generated_help_text" time="0.001" /><testcase classname="src.claude_skills.claude_skills.tests.unit.test_sdd_common.test_cli_utils.TestAddFormatFlag" name="test_empty_choices_uses_default" time="0.001" /><testcase classname="src.claude_skills.claude_skills.tests.unit.test_sdd_common.test_cli_utils.TestAddFormatFlag" name="test_multiple_format_variations" time="0.001" /><testcase classname="src.claude_skills.claude_skills.tests.unit.test_sdd_common.test_completion.TestIsTaskComplete" name="test_completed_task" time="0.000" /><testcase classname="src.claude_skills.claude_skills.tests.unit.test_sdd_common.test_completion.TestIsTaskComplete" name="test_pending_task" time="0.000" /><testcase classname="src.claude_skills.claude_skills.tests.unit.test_sdd_common.test_completion.TestIsTaskComplete" name="test_in_progress_task" time="0.000" /><testcase classname="src.claude_skills.claude_skills.tests.unit.test_sdd_common.test_completion.TestIsTaskComplete" name="test_blocked_task" time="0.000" /><testcase classname="src.claude_skills.claude_skills.tests.unit.test_sdd_common.test_completion.TestIsTaskComplete" name="test_no_status" time="0.000" /><testcase classname="src.claude_skills.claude_skills.tests.unit.test_sdd_common.test_completion.TestIsTaskComplete" name="test_none_task" time="0.000" /><testcase classname="src.claude_skills.claude_skills.tests.unit.test_sdd_common.test_completion.TestGetAllTasksInSubtree" name="test_single_task" time="0.000" /><testcase classname="src.claude_skills.claude_skills.tests.unit.test_sdd_common.test_completion.TestGetAllTasksInSubtree" name="test_nested_tasks" time="0.001" /><testcase classname="src.claude_skills.claude_skills.tests.unit.test_sdd_common.test_completion.TestGetAllTasksInSubtree" name="test_only_tasks_included" time="0.000" /><testcase classname="src.claude_skills.claude_skills.tests.unit.test_sdd_common.test_completion.TestGetAllTasksInSubtree" name="test_empty_hierarchy" time="0.000" /><testcase classname="src.claude_skills.claude_skills.tests.unit.test_sdd_common.test_completion.TestGetAllTasksInSubtree" name="test_node_with_no_children" time="0.000" /><testcase classname="src.claude_skills.claude_skills.tests.unit.test_sdd_common.test_completion.TestCheckSpecCompletion" name="test_all_tasks_complete" time="0.000" /><testcase classname="src.claude_skills.claude_skills.tests.unit.test_sdd_common.test_completion.TestCheckSpecCompletion" name="test_partial_completion" time="0.000" /><testcase classname="src.claude_skills.claude_skills.tests.unit.test_sdd_common.test_completion.TestCheckSpecCompletion" name="test_empty_spec" time="0.000" /><testcase classname="src.claude_skills.claude_skills.tests.unit.test_sdd_common.test_completion.TestCheckSpecCompletion" name="test_specific_phase_completion" time="0.000" /><testcase classname="src.claude_skills.claude_skills.tests.unit.test_sdd_common.test_completion.TestCheckSpecCompletion" name="test_nested_task_hierarchy" time="0.000" /><testcase classname="src.claude_skills.claude_skills.tests.unit.test_sdd_common.test_completion.TestCheckSpecCompletion" name="test_blocked_tasks_not_complete" time="0.000" /><testcase classname="src.claude_skills.claude_skills.tests.unit.test_sdd_common.test_completion.TestCheckSpecCompletion" name="test_in_progress_tasks_not_complete" time="0.000" /><testcase classname="src.claude_skills.claude_skills.tests.unit.test_sdd_common.test_completion.TestCheckSpecCompletion" name="test_no_spec_data" time="0.000" /><testcase classname="src.claude_skills.claude_skills.tests.unit.test_sdd_common.test_completion.TestCheckSpecCompletion" name="test_no_hierarchy" time="0.000" /><testcase classname="src.claude_skills.claude_skills.tests.unit.test_sdd_common.test_completion.TestCheckSpecCompletion" name="test_invalid_phase_id" time="0.000" /><testcase classname="src.claude_skills.claude_skills.tests.unit.test_sdd_common.test_completion.TestCheckSpecCompletion" name="test_percentage_calculation" time="0.000" /><testcase classname="src.claude_skills.claude_skills.tests.unit.test_sdd_common.test_completion.TestCountBlockedTasks" name="test_no_blocked_tasks" time="0.000" /><testcase classname="src.claude_skills.claude_skills.tests.unit.test_sdd_common.test_completion.TestCountBlockedTasks" name="test_single_blocked_task" time="0.000" /><testcase classname="src.claude_skills.claude_skills.tests.unit.test_sdd_common.test_completion.TestCountBlockedTasks" name="test_multiple_blocked_tasks" time="0.000" /><testcase classname="src.claude_skills.claude_skills.tests.unit.test_sdd_common.test_completion.TestCountBlockedTasks" name="test_nested_blocked_tasks" time="0.000" /><testcase classname="src.claude_skills.claude_skills.tests.unit.test_sdd_common.test_completion.TestCountBlockedTasks" name="test_invalid_node_id" time="0.000" /><testcase classname="src.claude_skills.claude_skills.tests.unit.test_sdd_common.test_completion.TestShouldPromptCompletion" name="test_should_prompt_when_complete_and_no_blocks" time="0.000" /><testcase classname="src.claude_skills.claude_skills.tests.unit.test_sdd_common.test_completion.TestShouldPromptCompletion" name="test_should_not_prompt_when_incomplete" time="0.000" /><testcase classname="src.claude_skills.claude_skills.tests.unit.test_sdd_common.test_completion.TestShouldPromptCompletion" name="test_should_not_prompt_when_blocked_tasks_exist" time="0.000" /><testcase classname="src.claude_skills.claude_skills.tests.unit.test_sdd_common.test_completion.TestShouldPromptCompletion" name="test_should_not_prompt_when_in_progress" time="0.000" /><testcase classname="src.claude_skills.claude_skills.tests.unit.test_sdd_common.test_completion.TestShouldPromptCompletion" name="test_phase_level_prompt_check" time="0.000" /><testcase classname="src.claude_skills.claude_skills.tests.unit.test_sdd_common.test_completion.TestShouldPromptCompletion" name="test_all_complete_but_has_blocked_tasks" time="0.000" /><testcase classname="src.claude_skills.claude_skills.tests.unit.test_sdd_common.test_completion.TestShouldPromptCompletion" name="test_empty_spec_should_prompt" time="0.000" /><testcase classname="src.claude_skills.claude_skills.tests.unit.test_sdd_common.test_completion.TestShouldPromptCompletion" name="test_error_handling_no_spec_data" time="0.000" /><testcase classname="src.claude_skills.claude_skills.tests.unit.test_sdd_common.test_completion.TestShouldPromptCompletion" name="test_error_handling_no_hierarchy" time="0.000" /><testcase classname="src.claude_skills.claude_skills.tests.unit.test_sdd_common.test_completion.TestShouldPromptCompletion" name="test_error_handling_invalid_phase_id" time="0.000" /><testcase classname="src.claude_skills.claude_skills.tests.unit.test_sdd_common.test_completion.TestFormatCompletionPrompt" name="test_spec_level_prompt_with_hours" time="0.000" /><testcase classname="src.claude_skills.claude_skills.tests.unit.test_sdd_common.test_completion.TestFormatCompletionPrompt" name="test_spec_level_prompt_without_hours_estimate" time="0.000" /><testcase classname="src.claude_skills.claude_skills.tests.unit.test_sdd_common.test_completion.TestFormatCompletionPrompt" name="test_phase_level_prompt_with_hours" time="0.000" /><testcase classname="src.claude_skills.claude_skills.tests.unit.test_sdd_common.test_completion.TestFormatCompletionPrompt" name="test_phase_level_prompt_without_hours" time="0.000" /><testcase classname="src.claude_skills.claude_skills.tests.unit.test_sdd_common.test_completion.TestFormatCompletionPrompt" name="test_show_hours_input_disabled" time="0.000" /><testcase classname="src.claude_skills.claude_skills.tests.unit.test_sdd_common.test_completion.TestFormatCompletionPrompt" name="test_empty_spec_prompt" time="0.000" /><testcase classname="src.claude_skills.claude_skills.tests.unit.test_sdd_common.test_completion.TestFormatCompletionPrompt" name="test_nested_task_hierarchy" time="0.000" /><testcase classname="src.claude_skills.claude_skills.tests.unit.test_sdd_common.test_completion.TestFormatCompletionPrompt" name="test_no_spec_data" time="0.000" /><testcase classname="src.claude_skills.claude_skills.tests.unit.test_sdd_common.test_completion.TestFormatCompletionPrompt" name="test_invalid_phase_id" time="0.000" /><testcase classname="src.claude_skills.claude_skills.tests.unit.test_sdd_common.test_completion.TestFormatCompletionPrompt" name="test_no_hierarchy" time="0.000" /><testcase classname="src.claude_skills.claude_skills.tests.unit.test_sdd_common.test_completion.TestFormatCompletionPrompt" name="test_node_without_title" time="0.000" /><testcase classname="src.claude_skills.claude_skills.tests.unit.test_sdd_common.test_completion.TestFormatCompletionPrompt" name="test_estimated_hours_zero" time="0.000" /><testcase classname="src.claude_skills.claude_skills.tests.unit.test_sdd_common.test_completion.TestFormatCompletionPrompt" name="test_prompt_text_structure" time="0.000" /><testcase classname="src.claude_skills.claude_skills.tests.unit.test_sdd_common.test_completion.TestFormatCompletionPrompt" name="test_completion_context_completeness" time="0.000" /><testcase classname="src.claude_skills.claude_skills.tests.unit.test_sdd_common.test_doc_helper.TestCheckDocQueryAvailable" name="test_doc_query_available" time="0.001" /><testcase classname="src.claude_skills.claude_skills.tests.unit.test_sdd_common.test_doc_helper.TestCheckDocQueryAvailable" name="test_doc_query_not_found" time="0.001" /><testcase classname="src.claude_skills.claude_skills.tests.unit.test_sdd_common.test_doc_helper.TestCheckDocQueryAvailable" name="test_doc_query_command_not_found" time="0.001" /><testcase classname="src.claude_skills.claude_skills.tests.unit.test_sdd_common.test_doc_helper.TestCheckDocQueryAvailable" name="test_doc_query_timeout" time="0.001" /><testcase classname="src.claude_skills.claude_skills.tests.unit.test_sdd_common.test_doc_helper.TestCheckSddIntegrationAvailable" name="test_sdd_integration_available" time="0.001" /><testcase classname="src.claude_skills.claude_skills.tests.unit.test_sdd_common.test_doc_helper.TestCheckSddIntegrationAvailable" name="test_sdd_integration_not_available" time="0.001" /><testcase classname="src.claude_skills.claude_skills.tests.unit.test_sdd_common.test_doc_helper.TestGetTaskContextFromDocs" name="test_get_context_success" time="0.001" /><testcase classname="src.claude_skills.claude_skills.tests.unit.test_sdd_common.test_doc_helper.TestGetTaskContextFromDocs" name="test_get_context_tool_unavailable" time="0.001" /><testcase classname="src.claude_skills.claude_skills.tests.unit.test_sdd_common.test_doc_helper.TestGetTaskContextFromDocs" name="test_get_context_command_failed" time="0.001" /><testcase classname="src.claude_skills.claude_skills.tests.unit.test_sdd_common.test_doc_helper.TestGetTaskContextFromDocs" name="test_get_context_timeout" time="0.001" /><testcase classname="src.claude_skills.claude_skills.tests.unit.test_sdd_common.test_doc_helper.TestGetTaskContextFromDocs" name="test_get_context_invalid_json" time="0.001" /><testcase classname="src.claude_skills.claude_skills.tests.unit.test_sdd_common.test_doc_helper.TestShouldGenerateDocs" name="test_should_not_generate_if_available" time="0.001" /><testcase classname="src.claude_skills.claude_skills.tests.unit.test_sdd_common.test_doc_helper.TestShouldGenerateDocs" name="test_should_generate_if_missing" time="0.001" /><testcase classname="src.claude_skills.claude_skills.tests.unit.test_sdd_common.test_doc_helper.TestShouldGenerateDocs" name="test_interactive_mode" time="0.001" /><testcase classname="src.claude_skills.claude_skills.tests.unit.test_sdd_common.test_doc_helper.TestEnsureDocumentationExists" name="test_fast_path_docs_exist" time="0.001" /><testcase classname="src.claude_skills.claude_skills.tests.unit.test_sdd_common.test_doc_helper.TestEnsureDocumentationExists" name="test_docs_missing_no_generation" time="0.001" /><testcase classname="src.claude_skills.claude_skills.tests.unit.test_sdd_common.test_doc_helper.TestEnsureDocumentationExists" name="test_auto_generate_success" time="0.001" /><testcase classname="src.claude_skills.claude_skills.tests.unit.test_sdd_common.test_doc_helper.TestEnsureDocumentationExists" name="test_auto_generate_failure" time="0.001" /><testcase classname="src.claude_skills.claude_skills.tests.unit.test_sdd_common.test_doc_helper.TestEnsureDocumentationExists" name="test_auto_generate_timeout" time="0.001" /><testcase classname="src.claude_skills.claude_skills.tests.unit.test_sdd_common.test_doc_helper.TestEnsureDocumentationExists" name="test_prompt_user_mode" time="0.001" /><testcase classname="src.claude_skills.claude_skills.tests.unit.test_sdd_common.test_doc_integration.TestDocStatus" name="test_enum_values" time="0.000" /><testcase classname="src.claude_skills.claude_skills.tests.unit.test_sdd_common.test_doc_integration.TestDocStatus" name="test_enum_comparison" time="0.000" /><testcase classname="src.claude_skills.claude_skills.tests.unit.test_sdd_common.test_doc_integration.TestCheckDocAvailability" name="test_available_success" time="0.001" /><testcase classname="src.claude_skills.claude_skills.tests.unit.test_sdd_common.test_doc_integration.TestCheckDocAvailability" name="test_missing_returncode_1" time="0.001" /><testcase classname="src.claude_skills.claude_skills.tests.unit.test_sdd_common.test_doc_integration.TestCheckDocAvailability" name="test_error_other_returncode" time="0.001" /><testcase classname="src.claude_skills.claude_skills.tests.unit.test_sdd_common.test_doc_integration.TestCheckDocAvailability" name="test_error_command_not_found" time="0.001" /><testcase classname="src.claude_skills.claude_skills.tests.unit.test_sdd_common.test_doc_integration.TestCheckDocAvailability" name="test_error_timeout" time="0.001" /><testcase classname="src.claude_skills.claude_skills.tests.unit.test_sdd_common.test_doc_integration.TestCheckDocAvailability" name="test_error_invalid_json" time="0.001" /><testcase classname="src.claude_skills.claude_skills.tests.unit.test_sdd_common.test_doc_integration.TestCheckDocAvailability" name="test_error_unexpected_exception" time="0.001" /><testcase classname="src.claude_skills.claude_skills.tests.unit.test_sdd_common.test_doc_integration.TestCheckDocAvailability" name="test_stale_with_staleness_field" time="0.001" /><testcase classname="src.claude_skills.claude_skills.tests.unit.test_sdd_common.test_doc_integration.TestCheckDocAvailability" name="test_stale_by_age" time="0.001" /><testcase classname="src.claude_skills.claude_skills.tests.unit.test_sdd_common.test_doc_integration.TestCheckDocAvailability" name="test_available_recent_docs" time="0.001" /><testcase classname="src.claude_skills.claude_skills.tests.unit.test_sdd_common.test_doc_integration.TestCaching" name="test_caching_works" time="0.001" /><testcase classname="src.claude_skills.claude_skills.tests.unit.test_sdd_common.test_doc_integration.TestCaching" name="test_force_refresh_bypasses_cache" time="0.001" /><testcase classname="src.claude_skills.claude_skills.tests.unit.test_sdd_common.test_doc_integration.TestCaching" name="test_clear_cache_function" time="0.001" /><testcase classname="src.claude_skills.claude_skills.tests.unit.test_sdd_common.test_doc_integration.TestDetermineStatusFromStats" name="test_available_with_staleness_false" time="0.000" /><testcase classname="src.claude_skills.claude_skills.tests.unit.test_sdd_common.test_doc_integration.TestDetermineStatusFromStats" name="test_stale_with_staleness_true" time="0.000" /><testcase classname="src.claude_skills.claude_skills.tests.unit.test_sdd_common.test_doc_integration.TestDetermineStatusFromStats" name="test_available_no_generated_at" time="0.000" /><testcase classname="src.claude_skills.claude_skills.tests.unit.test_sdd_common.test_doc_integration.TestDetermineStatusFromStats" name="test_available_invalid_timestamp" time="0.000" /><testcase classname="src.claude_skills.claude_skills.tests.unit.test_sdd_common.test_doc_integration.TestDetermineStatusFromStats" name="test_stale_old_timestamp" time="0.000" /><testcase classname="src.claude_skills.claude_skills.tests.unit.test_sdd_common.test_doc_integration.TestDetermineStatusFromStats" name="test_available_recent_timestamp" time="0.000" /><testcase classname="src.claude_skills.claude_skills.tests.unit.test_sdd_common.test_doc_integration.TestPromptForGeneration" name="test_prompt_returns_true_for_yes" time="0.001" /><testcase classname="src.claude_skills.claude_skills.tests.unit.test_sdd_common.test_doc_integration.TestPromptForGeneration" name="test_prompt_returns_true_for_y" time="0.001" /><testcase classname="src.claude_skills.claude_skills.tests.unit.test_sdd_common.test_doc_integration.TestPromptForGeneration" name="test_prompt_returns_true_for_empty" time="0.001" /><testcase classname="src.claude_skills.claude_skills.tests.unit.test_sdd_common.test_doc_integration.TestPromptForGeneration" name="test_prompt_returns_false_for_no" time="0.001" /><testcase classname="src.claude_skills.claude_skills.tests.unit.test_sdd_common.test_doc_integration.TestPromptForGeneration" name="test_prompt_returns_false_for_n" time="0.001" /><testcase classname="src.claude_skills.claude_skills.tests.unit.test_sdd_common.test_doc_integration.TestPromptForGeneration" name="test_prompt_returns_false_for_invalid" time="0.001" /><testcase classname="src.claude_skills.claude_skills.tests.unit.test_sdd_common.test_doc_integration.TestPromptForGeneration" name="test_prompt_keyboard_interrupt" time="0.001" /><testcase classname="src.claude_skills.claude_skills.tests.unit.test_sdd_common.test_doc_integration.TestPromptForGeneration" name="test_prompt_eof_error" time="0.001" /><testcase classname="src.claude_skills.claude_skills.tests.unit.test_sdd_common.test_doc_integration.TestPromptForGeneration" name="test_prompt_with_skill_name" time="0.001" /><testcase classname="src.claude_skills.claude_skills.tests.unit.test_sdd_common.test_doc_integration.TestPromptForGeneration" name="test_prompt_with_context" time="0.001" /><testcase classname="src.claude_skills.claude_skills.tests.unit.test_sdd_common.test_doc_integration.TestPromptForGeneration" name="test_prompt_case_insensitive" time="0.001" /><testcase classname="src.claude_skills.claude_skills.tests.unit.test_sdd_common.test_doc_integration.TestPromptForGeneration" name="test_prompt_strips_whitespace" time="0.001" /><testcase classname="src.claude_skills.claude_skills.tests.unit.test_sdd_common.test_doc_integration.TestBuildGenerationPrompt" name="test_build_prompt_sdd_plan" time="0.000" /><testcase classname="src.claude_skills.claude_skills.tests.unit.test_sdd_common.test_doc_integration.TestBuildGenerationPrompt" name="test_build_prompt_sdd_next" time="0.000" /><testcase classname="src.claude_skills.claude_skills.tests.unit.test_sdd_common.test_doc_integration.TestBuildGenerationPrompt" name="test_build_prompt_sdd_update" time="0.000" /><testcase classname="src.claude_skills.claude_skills.tests.unit.test_sdd_common.test_doc_integration.TestBuildGenerationPrompt" name="test_build_prompt_default" time="0.000" /><testcase classname="src.claude_skills.claude_skills.tests.unit.test_sdd_common.test_doc_integration.TestBuildGenerationPrompt" name="test_build_prompt_with_context" time="0.000" /><testcase classname="src.claude_skills.claude_skills.tests.unit.test_sdd_common.test_doc_integration.TestBuildGenerationPrompt" name="test_build_prompt_without_context" time="0.000" /><testcase classname="src.claude_skills.claude_skills.tests.unit.test_sdd_common.test_doc_integration.TestBuildGenerationPrompt" name="test_build_prompt_none_skill_name" time="0.000" /><testcase classname="src.claude_skills.claude_skills.tests.unit.test_sdd_common.test_git_metadata.TestFindGitRoot" name="test_find_git_root_from_repo_directory" time="0.001" /><testcase classname="src.claude_skills.claude_skills.tests.unit.test_sdd_common.test_git_metadata.TestFindGitRoot" name="test_find_git_root_from_git_root" time="0.001" /><testcase classname="src.claude_skills.claude_skills.tests.unit.test_sdd_common.test_git_metadata.TestFindGitRoot" name="test_find_git_root_returns_none_when_not_found" time="0.001" /><testcase classname="src.claude_skills.claude_skills.tests.unit.test_sdd_common.test_git_metadata.TestFindGitRoot" name="test_find_git_root_uses_cwd_by_default" time="0.000" /><testcase classname="src.claude_skills.claude_skills.tests.unit.test_sdd_common.test_git_metadata.TestCheckDirtyTree" name="test_check_dirty_tree_clean" time="0.002" /><testcase classname="src.claude_skills.claude_skills.tests.unit.test_sdd_common.test_git_metadata.TestCheckDirtyTree" name="test_check_dirty_tree_with_staged_changes" time="0.002" /><testcase classname="src.claude_skills.claude_skills.tests.unit.test_sdd_common.test_git_metadata.TestCheckDirtyTree" name="test_check_dirty_tree_with_unstaged_changes" time="0.002" /><testcase classname="src.claude_skills.claude_skills.tests.unit.test_sdd_common.test_git_metadata.TestCheckDirtyTree" name="test_check_dirty_tree_with_untracked_files" time="0.001" /><testcase classname="src.claude_skills.claude_skills.tests.unit.test_sdd_common.test_git_metadata.TestCheckDirtyTree" name="test_check_dirty_tree_handles_timeout" time="0.001" /><testcase classname="src.claude_skills.claude_skills.tests.unit.test_sdd_common.test_git_metadata.TestCheckDirtyTree" name="test_check_dirty_tree_handles_error" time="0.001" /><testcase classname="src.claude_skills.claude_skills.tests.unit.test_sdd_common.test_git_metadata.TestParseGitStatus" name="test_parse_git_status_empty" time="0.001" /><testcase classname="src.claude_skills.claude_skills.tests.unit.test_sdd_common.test_git_metadata.TestParseGitStatus" name="test_parse_git_status_staged_modification" time="0.002" /><testcase classname="src.claude_skills.claude_skills.tests.unit.test_sdd_common.test_git_metadata.TestParseGitStatus" name="test_parse_git_status_unstaged_modification" time="0.001" /><testcase classname="src.claude_skills.claude_skills.tests.unit.test_sdd_common.test_git_metadata.TestParseGitStatus" name="test_parse_git_status_staged_and_unstaged" time="0.002" /><testcase classname="src.claude_skills.claude_skills.tests.unit.test_sdd_common.test_git_metadata.TestParseGitStatus" name="test_parse_git_status_untracked_file" time="0.001" /><testcase classname="src.claude_skills.claude_skills.tests.unit.test_sdd_common.test_git_metadata.TestParseGitStatus" name="test_parse_git_status_added_file" time="0.002" /><testcase classname="src.claude_skills.claude_skills.tests.unit.test_sdd_common.test_git_metadata.TestParseGitStatus" name="test_parse_git_status_deleted_file" time="0.002" /><testcase classname="src.claude_skills.claude_skills.tests.unit.test_sdd_common.test_git_metadata.TestParseGitStatus" name="test_parse_git_status_multiple_files" time="0.001" /><testcase classname="src.claude_skills.claude_skills.tests.unit.test_sdd_common.test_git_metadata.TestParseGitStatus" name="test_parse_git_status_with_subdirectories" time="0.001" /><testcase classname="src.claude_skills.claude_skills.tests.unit.test_sdd_common.test_git_metadata.TestParseGitStatus" name="test_parse_git_status_quoted_paths" time="0.001" /><testcase classname="src.claude_skills.claude_skills.tests.unit.test_sdd_common.test_git_metadata.TestParseGitStatus" name="test_parse_git_status_handles_timeout" time="0.001" /><testcase classname="src.claude_skills.claude_skills.tests.unit.test_sdd_common.test_git_metadata.TestParseGitStatus" name="test_parse_git_status_handles_error" time="0.002" /><testcase classname="src.claude_skills.claude_skills.tests.unit.test_sdd_common.test_git_metadata.TestParseGitStatus" name="test_parse_git_status_handles_git_not_found" time="0.002" /><testcase classname="src.claude_skills.claude_skills.tests.unit.test_sdd_common.test_git_metadata.TestParseGitStatus" name="test_parse_git_status_handles_unexpected_error" time="0.001" /><testcase classname="src.claude_skills.claude_skills.tests.unit.test_sdd_common.test_git_metadata.TestParseGitStatus" name="test_parse_git_status_renamed_file" time="0.002" /><testcase classname="src.claude_skills.claude_skills.tests.unit.test_sdd_common.test_git_metadata.TestParseGitStatus" name="test_parse_git_status_added_with_unstaged_changes" time="0.002" /><testcase classname="src.claude_skills.claude_skills.tests.unit.test_sdd_common.test_git_metadata.TestShowCommitPreview" name="test_show_commit_preview_no_changes" time="0.002" /><testcase classname="src.claude_skills.claude_skills.tests.unit.test_sdd_common.test_git_metadata.TestShowCommitPreview" name="test_show_commit_preview_staged_modified" time="0.001" /><testcase classname="src.claude_skills.claude_skills.tests.unit.test_sdd_common.test_git_metadata.TestShowCommitPreview" name="test_show_commit_preview_unstaged_modified" time="0.001" /><testcase classname="src.claude_skills.claude_skills.tests.unit.test_sdd_common.test_git_metadata.TestShowCommitPreview" name="test_show_commit_preview_both_modified" time="0.001" /><testcase classname="src.claude_skills.claude_skills.tests.unit.test_sdd_common.test_git_metadata.TestShowCommitPreview" name="test_show_commit_preview_added_files" time="0.001" /><testcase classname="src.claude_skills.claude_skills.tests.unit.test_sdd_common.test_git_metadata.TestShowCommitPreview" name="test_show_commit_preview_deleted_staged" time="0.001" /><testcase classname="src.claude_skills.claude_skills.tests.unit.test_sdd_common.test_git_metadata.TestShowCommitPreview" name="test_show_commit_preview_deleted_unstaged" time="0.002" /><testcase classname="src.claude_skills.claude_skills.tests.unit.test_sdd_common.test_git_metadata.TestShowCommitPreview" name="test_show_commit_preview_untracked" time="0.001" /><testcase classname="src.claude_skills.claude_skills.tests.unit.test_sdd_common.test_git_metadata.TestShowCommitPreview" name="test_show_commit_preview_renamed" time="0.002" /><testcase classname="src.claude_skills.claude_skills.tests.unit.test_sdd_common.test_git_metadata.TestShowCommitPreview" name="test_show_commit_preview_mixed_statuses" time="0.002" /><testcase classname="src.claude_skills.claude_skills.tests.unit.test_sdd_common.test_git_metadata.TestShowCommitPreview" name="test_show_commit_preview_creates_printer_if_none" time="0.002" /><testcase classname="src.claude_skills.claude_skills.tests.unit.test_sdd_common.test_git_metadata.TestGetStagedFiles" name="test_get_staged_files_empty" time="0.002" /><testcase classname="src.claude_skills.claude_skills.tests.unit.test_sdd_common.test_git_metadata.TestGetStagedFiles" name="test_get_staged_files_single_file" time="0.002" /><testcase classname="src.claude_skills.claude_skills.tests.unit.test_sdd_common.test_git_metadata.TestGetStagedFiles" name="test_get_staged_files_multiple_files" time="0.002" /><testcase classname="src.claude_skills.claude_skills.tests.unit.test_sdd_common.test_git_metadata.TestGetStagedFiles" name="test_get_staged_files_with_subdirectories" time="0.002" /><testcase classname="src.claude_skills.claude_skills.tests.unit.test_sdd_common.test_git_metadata.TestGetStagedFiles" name="test_get_staged_files_handles_timeout" time="0.002" /><testcase classname="src.claude_skills.claude_skills.tests.unit.test_sdd_common.test_git_metadata.TestGetStagedFiles" name="test_get_staged_files_handles_error" time="0.002" /><testcase classname="src.claude_skills.claude_skills.tests.unit.test_sdd_common.test_git_metadata.TestGetStagedFiles" name="test_get_staged_files_handles_git_not_found" time="0.002" /><testcase classname="src.claude_skills.claude_skills.tests.unit.test_sdd_common.test_git_metadata.TestGetStagedFiles" name="test_get_staged_files_handles_unexpected_error" time="0.002" /><testcase classname="src.claude_skills.claude_skills.tests.unit.test_sdd_common.test_integrations.TestValidateSpecBeforeProceed" name="test_valid_spec" time="0.002" /><testcase classname="src.claude_skills.claude_skills.tests.unit.test_sdd_common.test_integrations.TestValidateSpecBeforeProceed" name="test_spec_with_errors" time="0.002" /><testcase classname="src.claude_skills.claude_skills.tests.unit.test_sdd_common.test_integrations.TestValidateSpecBeforeProceed" name="test_spec_with_warnings" time="0.002" /><testcase classname="src.claude_skills.claude_skills.tests.unit.test_sdd_common.test_integrations.TestValidateSpecBeforeProceed" name="test_file_not_found" time="0.000" /><testcase classname="src.claude_skills.claude_skills.tests.unit.test_sdd_common.test_integrations.TestValidateSpecBeforeProceed" name="test_invalid_json" time="0.001" /><testcase classname="src.claude_skills.claude_skills.tests.unit.test_sdd_common.test_integrations.TestValidateSpecBeforeProceed" name="test_autofix_detection" time="0.002" /><testcase classname="src.claude_skills.claude_skills.tests.unit.test_sdd_common.test_integrations.TestExecuteVerifyTask" name="test_verify_task_not_found" time="0.000" /><testcase classname="src.claude_skills.claude_skills.tests.unit.test_sdd_common.test_integrations.TestExecuteVerifyTask" name="test_manual_verification_task" time="0.000" /><testcase classname="src.claude_skills.claude_skills.tests.unit.test_sdd_common.test_integrations.TestExecuteVerifyTask" name="test_verify_task_no_command_or_skill" time="0.000" /><testcase classname="src.claude_skills.claude_skills.tests.unit.test_sdd_common.test_integrations.TestExecuteVerifyTask" name="test_run_tests_skill_success" time="0.001" /><testcase classname="src.claude_skills.claude_skills.tests.unit.test_sdd_common.test_integrations.TestExecuteVerifyTask" name="test_run_tests_skill_failure" time="0.001" /><testcase classname="src.claude_skills.claude_skills.tests.unit.test_sdd_common.test_integrations.TestExecuteVerifyTask" name="test_command_execution_success" time="0.053" /><testcase classname="src.claude_skills.claude_skills.tests.unit.test_sdd_common.test_integrations.TestExecuteVerifyTask" name="test_execution_timeout" time="0.001" /><testcase classname="src.claude_skills.claude_skills.tests.unit.test_sdd_common.test_integrations.TestExecuteVerifyTask" name="test_unknown_skill" time="0.001" /><testcase classname="src.claude_skills.claude_skills.tests.unit.test_sdd_common.test_integrations.TestExecuteVerifyTask" name="test_duration_tracking" time="0.001" /><testcase classname="src.claude_skills.claude_skills.tests.unit.test_sdd_common.test_integrations.TestExecuteVerifyTask" name="test_on_failure_retry_logic" time="0.002" /><testcase classname="src.claude_skills.claude_skills.tests.unit.test_sdd_common.test_integrations.TestExecuteVerifyTask" name="test_on_failure_max_retries_exhausted" time="0.002" /><testcase classname="src.claude_skills.claude_skills.tests.unit.test_sdd_common.test_integrations.TestExecuteVerifyTask" name="test_on_failure_consult_flag" time="0.002" /><testcase classname="src.claude_skills.claude_skills.tests.unit.test_sdd_common.test_integrations.TestExecuteVerifyTask" name="test_on_failure_notification" time="0.002" /><testcase classname="src.claude_skills.claude_skills.tests.unit.test_sdd_common.test_integrations.TestExecuteVerifyTask" name="test_on_failure_continue_on_failure" time="0.002" /><testcase classname="src.claude_skills.claude_skills.tests.unit.test_sdd_common.test_integrations.TestExecuteVerifyTask" name="test_on_failure_custom_revert_status" time="0.011" /><testcase classname="src.claude_skills.claude_skills.tests.unit.test_sdd_common.test_integrations.TestExecuteVerifyTask" name="test_on_failure_all_actions_combined" time="0.002" /><testcase classname="src.claude_skills.claude_skills.tests.unit.test_sdd_common.test_integrations.TestExecuteVerifyTask" name="test_new_skill_sdd_validate" time="0.003" /><testcase classname="src.claude_skills.claude_skills.tests.unit.test_sdd_common.test_integrations.TestExecuteVerifyTask" name="test_new_skill_code_doc" time="0.002" /><testcase classname="src.claude_skills.claude_skills.tests.unit.test_sdd_common.test_integrations.TestExecuteVerifyTask" name="test_new_skill_doc_query" time="0.002" /><testcase classname="src.claude_skills.claude_skills.tests.unit.test_sdd_common.test_integrations.TestExecuteVerifyTask" name="test_hierarchy_lookup" time="0.004" /><testcase classname="src.claude_skills.claude_skills.tests.unit.test_sdd_common.test_integrations.TestExecuteVerifyTask" name="test_backward_compat_tasks_field" time="0.004" /><testcase classname="src.claude_skills.claude_skills.tests.unit.test_sdd_common.test_integrations.TestGetSessionState" name="test_no_specs_directory" time="0.002" /><testcase classname="src.claude_skills.claude_skills.tests.unit.test_sdd_common.test_integrations.TestGetSessionState" name="test_active_specs_found" time="0.005" /><testcase classname="src.claude_skills.claude_skills.tests.unit.test_sdd_common.test_integrations.TestGetSessionState" name="test_multiple_in_progress_tasks" time="0.004" /><testcase classname="src.claude_skills.claude_skills.tests.unit.test_sdd_common.test_integrations.TestGetSessionState" name="test_completed_specs_ignored" time="0.003" /><testcase classname="src.claude_skills.claude_skills.tests.unit.test_sdd_common.test_integrations.TestGetSessionState" name="test_invalid_json_specs_skipped" time="0.003" /><testcase classname="src.claude_skills.claude_skills.tests.unit.test_sdd_common.test_paths.TestFindSpecsDirectory" name="test_find_specs_from_project_root" time="0.002" /><testcase classname="src.claude_skills.claude_skills.tests.unit.test_sdd_common.test_paths.TestFindSpecsDirectory" name="test_find_specs_with_explicit_path" time="0.002" /><testcase classname="src.claude_skills.claude_skills.tests.unit.test_sdd_common.test_paths.TestFindSpecsDirectory" name="test_find_specs_returns_none_when_not_found" time="0.002" /><testcase classname="src.claude_skills.claude_skills.tests.unit.test_sdd_common.test_paths.TestFindSpecsDirectory" name="test_find_specs_validates_structure" time="0.002" /><testcase classname="src.claude_skills.claude_skills.tests.unit.test_sdd_common.test_paths.TestFindSpecsDirectory" name="test_find_specs_from_subdirectory" time="0.002" /><testcase classname="src.claude_skills.claude_skills.tests.unit.test_sdd_common.test_paths.TestValidatePath" name="test_validate_existing_file" time="0.002" /><testcase classname="src.claude_skills.claude_skills.tests.unit.test_sdd_common.test_paths.TestValidatePath" name="test_validate_existing_directory" time="0.002" /><testcase classname="src.claude_skills.claude_skills.tests.unit.test_sdd_common.test_paths.TestValidatePath" name="test_validate_nonexistent_path" time="0.001" /><testcase classname="src.claude_skills.claude_skills.tests.unit.test_sdd_common.test_paths.TestValidatePath" name="test_validate_relative_path" time="0.002" /><testcase classname="src.claude_skills.claude_skills.tests.unit.test_sdd_common.test_paths.TestValidatePath" name="test_validate_path_with_string_input" time="0.002" /><testcase classname="src.claude_skills.claude_skills.tests.unit.test_sdd_common.test_paths.TestValidatePath" name="test_validate_multiple_paths" time="0.002" /><testcase classname="src.claude_skills.claude_skills.tests.unit.test_sdd_common.test_paths.TestFindSpecFile" name="test_find_spec_file_in_pending" time="0.002" /><testcase classname="src.claude_skills.claude_skills.tests.unit.test_sdd_common.test_paths.TestFindSpecFile" name="test_find_spec_file_pending_priority_over_active" time="0.002" /><testcase classname="src.claude_skills.claude_skills.tests.unit.test_sdd_common.test_paths.TestFindSpecFile" name="test_find_spec_file_in_active" time="0.002" /><testcase classname="src.claude_skills.claude_skills.tests.unit.test_sdd_common.test_paths.TestFindSpecFile" name="test_find_spec_file_not_found" time="0.002" /><testcase classname="src.claude_skills.claude_skills.tests.unit.test_sdd_common.test_paths.TestPathIntegration" name="test_path_resolution_with_symlinks" time="0.002" /><testcase classname="src.claude_skills.claude_skills.tests.unit.test_sdd_common.test_paths.TestPathIntegration" name="test_specs_directory_traversal" time="0.002" /><testcase classname="src.claude_skills.claude_skills.tests.unit.test_sdd_common.test_plain_ui.TestPlainUiInitialization" name="test_plain_ui_default_initialization" time="0.000" /><testcase classname="src.claude_skills.claude_skills.tests.unit.test_sdd_common.test_plain_ui.TestPlainUiInitialization" name="test_plain_ui_with_quiet_mode" time="0.000" /><testcase classname="src.claude_skills.claude_skills.tests.unit.test_sdd_common.test_plain_ui.TestPlainUiInitialization" name="test_plain_ui_with_collect_messages" time="0.000" /><testcase classname="src.claude_skills.claude_skills.tests.unit.test_sdd_common.test_plain_ui.TestPlainUiInitialization" name="test_plain_ui_with_custom_file" time="0.000" /><testcase classname="src.claude_skills.claude_skills.tests.unit.test_sdd_common.test_plain_ui.TestPlainUiPrintTable" name="test_print_table_basic" time="0.000" /><testcase classname="src.claude_skills.claude_skills.tests.unit.test_sdd_common.test_plain_ui.TestPlainUiPrintTable" name="test_print_table_with_title" time="0.000" /><testcase classname="src.claude_skills.claude_skills.tests.unit.test_sdd_common.test_plain_ui.TestPlainUiPrintTable" name="test_print_table_with_columns" time="0.000" /><testcase classname="src.claude_skills.claude_skills.tests.unit.test_sdd_common.test_plain_ui.TestPlainUiPrintTable" name="test_print_table_empty_data" time="0.000" /><testcase classname="src.claude_skills.claude_skills.tests.unit.test_sdd_common.test_plain_ui.TestPlainUiPrintTree" name="test_print_tree_basic" time="0.000" /><testcase classname="src.claude_skills.claude_skills.tests.unit.test_sdd_common.test_plain_ui.TestPlainUiPrintTree" name="test_print_tree_nested" time="0.000" /><testcase classname="src.claude_skills.claude_skills.tests.unit.test_sdd_common.test_plain_ui.TestPlainUiPrintTree" name="test_print_tree_empty" time="0.000" /><testcase classname="src.claude_skills.claude_skills.tests.unit.test_sdd_common.test_plain_ui.TestPlainUiPrintDiff" name="test_print_diff_basic" time="0.000" /><testcase classname="src.claude_skills.claude_skills.tests.unit.test_sdd_common.test_plain_ui.TestPlainUiPrintDiff" name="test_print_diff_with_labels" time="0.000" /><testcase classname="src.claude_skills.claude_skills.tests.unit.test_sdd_common.test_plain_ui.TestPlainUiPrintDiff" name="test_print_diff_identical_text" time="0.000" /><testcase classname="src.claude_skills.claude_skills.tests.unit.test_sdd_common.test_plain_ui.TestPlainUiProgress" name="test_progress_context_manager" time="0.000" /><testcase classname="src.claude_skills.claude_skills.tests.unit.test_sdd_common.test_plain_ui.TestPlainUiProgress" name="test_progress_indeterminate" time="0.000" /><testcase classname="src.claude_skills.claude_skills.tests.unit.test_sdd_common.test_plain_ui.TestPlainUiPrintPanel" name="test_print_panel_basic" time="0.000" /><testcase classname="src.claude_skills.claude_skills.tests.unit.test_sdd_common.test_plain_ui.TestPlainUiPrintPanel" name="test_print_panel_with_title" time="0.000" /><testcase classname="src.claude_skills.claude_skills.tests.unit.test_sdd_common.test_plain_ui.TestPlainUiPrintPanel" name="test_print_panel_with_style" time="0.000" /><testcase classname="src.claude_skills.claude_skills.tests.unit.test_sdd_common.test_plain_ui.TestPlainUiPrintStatus" name="test_print_status_action" time="0.000" /><testcase classname="src.claude_skills.claude_skills.tests.unit.test_sdd_common.test_plain_ui.TestPlainUiPrintStatus" name="test_print_status_success" time="0.000" /><testcase classname="src.claude_skills.claude_skills.tests.unit.test_sdd_common.test_plain_ui.TestPlainUiPrintStatus" name="test_print_status_error" time="0.000" /><testcase classname="src.claude_skills.claude_skills.tests.unit.test_sdd_common.test_plain_ui.TestPlainUiPrintStatus" name="test_print_status_warning" time="0.000" /><testcase classname="src.claude_skills.claude_skills.tests.unit.test_sdd_common.test_plain_ui.TestPlainUiPrintStatus" name="test_print_status_info" time="0.000" /><testcase classname="src.claude_skills.claude_skills.tests.unit.test_sdd_common.test_plain_ui.TestPlainUiPrintStatus" name="test_print_status_all_levels" time="0.000" /><testcase classname="src.claude_skills.claude_skills.tests.unit.test_sdd_common.test_plain_ui.TestPlainUiQuietMode" name="test_quiet_mode_suppresses_output" time="0.000" /><testcase classname="src.claude_skills.claude_skills.tests.unit.test_sdd_common.test_plain_ui.TestPlainUiQuietMode" name="test_quiet_mode_shows_errors" time="0.000" /><testcase classname="src.claude_skills.claude_skills.tests.unit.test_sdd_common.test_plain_ui.TestPlainUiMessageCollection" name="test_collect_messages_mode" time="0.000" /><testcase classname="src.claude_skills.claude_skills.tests.unit.test_sdd_common.test_plain_ui.TestPlainUiMessageCollection" name="test_messages_not_collected_by_default" time="0.000" /><testcase classname="src.claude_skills.claude_skills.tests.unit.test_sdd_common.test_plain_ui.TestPlainUiIntegration" name="test_plain_ui_complete_workflow" time="0.000" /><testcase classname="src.claude_skills.claude_skills.tests.unit.test_sdd_common.test_plain_ui.TestPlainUiIntegration" name="test_plain_ui_no_ansi_codes" time="0.000" /><testcase classname="src.claude_skills.claude_skills.tests.unit.test_sdd_common.test_printer.TestPrettyPrinterInit" name="test_printer_default_initialization" time="0.000" /><testcase classname="src.claude_skills.claude_skills.tests.unit.test_sdd_common.test_printer.TestPrettyPrinterInit" name="test_printer_with_no_color" time="0.000" /><testcase classname="src.claude_skills.claude_skills.tests.unit.test_sdd_common.test_printer.TestPrettyPrinterInit" name="test_printer_with_verbose" time="0.000" /><testcase classname="src.claude_skills.claude_skills.tests.unit.test_sdd_common.test_printer.TestPrettyPrinterInit" name="test_printer_with_quiet" time="0.000" /><testcase classname="src.claude_skills.claude_skills.tests.unit.test_sdd_common.test_printer.TestPrettyPrinterMethods" name="test_printer_success_message" time="0.001" /><testcase classname="src.claude_skills.claude_skills.tests.unit.test_sdd_common.test_printer.TestPrettyPrinterMethods" name="test_printer_error_message" time="0.001" /><testcase classname="src.claude_skills.claude_skills.tests.unit.test_sdd_common.test_printer.TestPrettyPrinterMethods" name="test_printer_warning_message" time="0.001" /><testcase classname="src.claude_skills.claude_skills.tests.unit.test_sdd_common.test_printer.TestPrettyPrinterMethods" name="test_printer_info_message" time="0.000" /><testcase classname="src.claude_skills.claude_skills.tests.unit.test_sdd_common.test_printer.TestPrettyPrinterMethods" name="test_printer_action_message" time="0.000" /><testcase classname="src.claude_skills.claude_skills.tests.unit.test_sdd_common.test_printer.TestPrettyPrinterMethods" name="test_printer_result_message" time="0.000" /><testcase classname="src.claude_skills.claude_skills.tests.unit.test_sdd_common.test_printer.TestPrettyPrinterMethods" name="test_printer_detail_message" time="0.000" /><testcase classname="src.claude_skills.claude_skills.tests.unit.test_sdd_common.test_printer.TestPrettyPrinterColorMode" name="test_colored_output_contains_ansi_codes" time="0.001" /><testcase classname="src.claude_skills.claude_skills.tests.unit.test_sdd_common.test_printer.TestPrettyPrinterColorMode" name="test_no_color_output_lacks_ansi_codes" time="0.001" /><testcase classname="src.claude_skills.claude_skills.tests.unit.test_sdd_common.test_printer.TestPrettyPrinterVerbosity" name="test_quiet_mode_minimal_output" time="0.000" /><testcase classname="src.claude_skills.claude_skills.tests.unit.test_sdd_common.test_printer.TestPrettyPrinterVerbosity" name="test_quiet_mode_shows_errors" time="0.000" /><testcase classname="src.claude_skills.claude_skills.tests.unit.test_sdd_common.test_printer.TestPrettyPrinterVerbosity" name="test_verbose_mode_shows_details" time="0.000" /><testcase classname="src.claude_skills.claude_skills.tests.unit.test_sdd_common.test_printer.TestPrettyPrinterFormatting" name="test_result_formatting_aligns_output" time="0.000" /><testcase classname="src.claude_skills.claude_skills.tests.unit.test_sdd_common.test_printer.TestPrettyPrinterFormatting" name="test_detail_with_indentation" time="0.000" /><testcase classname="src.claude_skills.claude_skills.tests.unit.test_sdd_common.test_printer.TestPrettyPrinterIntegration" name="test_printer_combined_output_flow" time="0.001" /><testcase classname="src.claude_skills.claude_skills.tests.unit.test_sdd_common.test_printer.TestPrettyPrinterIntegration" name="test_printer_error_warning_flow" time="0.000" /><testcase classname="src.claude_skills.claude_skills.tests.unit.test_sdd_common.test_printer.TestPrettyPrinterUiBackend" name="test_printer_has_ui_backend" time="0.000" /><testcase classname="src.claude_skills.claude_skills.tests.unit.test_sdd_common.test_printer.TestPrettyPrinterUiBackend" name="test_printer_delegates_to_ui_backend" time="0.001" /><testcase classname="src.claude_skills.claude_skills.tests.unit.test_sdd_common.test_printer.TestPrettyPrinterUiBackend" name="test_printer_uses_plain_ui_when_color_disabled" time="0.000" /><testcase classname="src.claude_skills.claude_skills.tests.unit.test_sdd_common.test_printer.TestPrettyPrinterUiBackend" name="test_printer_passes_quiet_to_backend" time="0.000" /><testcase classname="src.claude_skills.claude_skills.tests.unit.test_sdd_common.test_printer.TestPrettyPrinterUiBackend" name="test_printer_backend_selection" time="0.000" /><testcase classname="src.claude_skills.claude_skills.tests.unit.test_sdd_common.test_printer.TestPrettyPrinterBackwardCompatibility" name="test_colorize_method_preserved" time="0.000" /><testcase classname="src.claude_skills.claude_skills.tests.unit.test_sdd_common.test_printer.TestPrettyPrinterBackwardCompatibility" name="test_all_original_methods_exist" time="0.000" /><testcase classname="src.claude_skills.claude_skills.tests.unit.test_sdd_common.test_printer.TestPrettyPrinterBackwardCompatibility" name="test_original_signature_compatibility" time="0.000" /><testcase classname="src.claude_skills.claude_skills.tests.unit.test_sdd_common.test_printer.TestPrettyPrinterBackwardCompatibility" name="test_method_parameters_backward_compatible" time="0.000" /><testcase classname="src.claude_skills.claude_skills.tests.unit.test_sdd_common.test_progress.TestGetProgressSummary" name="test_get_progress_summary_simple_spec" time="0.002" /><testcase classname="src.claude_skills.claude_skills.tests.unit.test_sdd_common.test_progress.TestGetProgressSummary" name="test_progress_summary_calculates_percentage" time="0.002" /><testcase classname="src.claude_skills.claude_skills.tests.unit.test_sdd_common.test_progress.TestGetProgressSummary" name="test_progress_summary_with_all_completed" time="0.002" /><testcase classname="src.claude_skills.claude_skills.tests.unit.test_sdd_common.test_progress.TestGetProgressSummary" name="test_progress_summary_includes_current_phase" time="0.002" /><testcase classname="src.claude_skills.claude_skills.tests.unit.test_sdd_common.test_progress.TestListPhases" name="test_list_phases_returns_all_phases" time="0.002" /><testcase classname="src.claude_skills.claude_skills.tests.unit.test_sdd_common.test_progress.TestListPhases" name="test_list_phases_structure" time="0.002" /><testcase classname="src.claude_skills.claude_skills.tests.unit.test_sdd_common.test_progress.TestListPhases" name="test_list_phases_calculates_task_counts" time="0.002" /><testcase classname="src.claude_skills.claude_skills.tests.unit.test_sdd_common.test_progress.TestListPhases" name="test_list_phases_with_complex_spec" time="0.003" /><testcase classname="src.claude_skills.claude_skills.tests.unit.test_sdd_common.test_progress.TestRecalculateProgress" name="test_recalculate_progress_updates_counts" time="0.002" /><testcase classname="src.claude_skills.claude_skills.tests.unit.test_sdd_common.test_progress.TestRecalculateProgress" name="test_recalculate_progress_propagates_to_parents" time="0.002" /><testcase classname="src.claude_skills.claude_skills.tests.unit.test_sdd_common.test_progress.TestUpdateParentStatus" name="test_update_parent_when_all_children_complete" time="0.002" /><testcase classname="src.claude_skills.claude_skills.tests.unit.test_sdd_common.test_progress.TestUpdateParentStatus" name="test_update_parent_when_some_children_in_progress" time="0.002" /><testcase classname="src.claude_skills.claude_skills.tests.unit.test_sdd_common.test_progress.TestParentNodeJournaling" name="test_parent_node_flagged_when_auto_completed" time="0.002" /><testcase classname="src.claude_skills.claude_skills.tests.unit.test_sdd_common.test_progress.TestParentNodeJournaling" name="test_parent_node_not_flagged_if_already_completed" time="0.002" /><testcase classname="src.claude_skills.claude_skills.tests.unit.test_sdd_common.test_progress.TestParentNodeJournaling" name="test_group_node_flagged_when_auto_completed" time="0.003"><skipped type="pytest.skip" message="No group nodes found in complex spec">/home/tyler/Documents/GitHub/claude-sdd-toolkit/src/claude_skills/claude_skills/tests/unit/test_sdd_common/test_progress.py:238: No group nodes found in complex spec</skipped></testcase><testcase classname="src.claude_skills.claude_skills.tests.unit.test_sdd_common.test_progress.TestParentNodeJournaling" name="test_leaf_tasks_not_flagged_on_auto_completion" time="0.002" /><testcase classname="src.claude_skills.claude_skills.tests.unit.test_sdd_common.test_progress.TestProgressIntegration" name="test_complete_workflow_progress_tracking" time="0.002" /><testcase classname="src.claude_skills.claude_skills.tests.unit.test_sdd_common.test_rich_ui.TestRichUiInitialization" name="test_rich_ui_default_initialization" time="0.000" /><testcase classname="src.claude_skills.claude_skills.tests.unit.test_sdd_common.test_rich_ui.TestRichUiInitialization" name="test_rich_ui_with_custom_console" time="0.000" /><testcase classname="src.claude_skills.claude_skills.tests.unit.test_sdd_common.test_rich_ui.TestRichUiInitialization" name="test_rich_ui_with_collect_messages" time="0.000" /><testcase classname="src.claude_skills.claude_skills.tests.unit.test_sdd_common.test_rich_ui.TestRichUiPrintTable" name="test_print_table_basic" time="0.001" /><testcase classname="src.claude_skills.claude_skills.tests.unit.test_sdd_common.test_rich_ui.TestRichUiPrintTable" name="test_print_table_with_title" time="0.001" /><testcase classname="src.claude_skills.claude_skills.tests.unit.test_sdd_common.test_rich_ui.TestRichUiPrintTable" name="test_print_table_with_columns" time="0.001" /><testcase classname="src.claude_skills.claude_skills.tests.unit.test_sdd_common.test_rich_ui.TestRichUiPrintTable" name="test_print_table_empty_data" time="0.001" /><testcase classname="src.claude_skills.claude_skills.tests.unit.test_sdd_common.test_rich_ui.TestRichUiPrintTree" name="test_print_tree_basic" time="0.001" /><testcase classname="src.claude_skills.claude_skills.tests.unit.test_sdd_common.test_rich_ui.TestRichUiPrintTree" name="test_print_tree_nested" time="0.001" /><testcase classname="src.claude_skills.claude_skills.tests.unit.test_sdd_common.test_rich_ui.TestRichUiPrintTree" name="test_print_tree_empty" time="0.001" /><testcase classname="src.claude_skills.claude_skills.tests.unit.test_sdd_common.test_rich_ui.TestRichUiPrintDiff" name="test_print_diff_basic" time="0.002" /><testcase classname="src.claude_skills.claude_skills.tests.unit.test_sdd_common.test_rich_ui.TestRichUiPrintDiff" name="test_print_diff_with_labels" time="0.001" /><testcase classname="src.claude_skills.claude_skills.tests.unit.test_sdd_common.test_rich_ui.TestRichUiPrintDiff" name="test_print_diff_identical_text" time="0.001" /><testcase classname="src.claude_skills.claude_skills.tests.unit.test_sdd_common.test_rich_ui.TestRichUiProgress" name="test_progress_context_manager" time="0.001" /><testcase classname="src.claude_skills.claude_skills.tests.unit.test_sdd_common.test_rich_ui.TestRichUiProgress" name="test_progress_indeterminate" time="0.001" /><testcase classname="src.claude_skills.claude_skills.tests.unit.test_sdd_common.test_rich_ui.TestRichUiProgress" name="test_progress_with_description" time="0.001" /><testcase classname="src.claude_skills.claude_skills.tests.unit.test_sdd_common.test_rich_ui.TestRichUiPrintPanel" name="test_print_panel_basic" time="0.001" /><testcase classname="src.claude_skills.claude_skills.tests.unit.test_sdd_common.test_rich_ui.TestRichUiPrintPanel" name="test_print_panel_with_title" time="0.001" /><testcase classname="src.claude_skills.claude_skills.tests.unit.test_sdd_common.test_rich_ui.TestRichUiPrintPanel" name="test_print_panel_with_style" time="0.001" /><testcase classname="src.claude_skills.claude_skills.tests.unit.test_sdd_common.test_rich_ui.TestRichUiPrintStatus" name="test_print_status_action" time="0.001" /><testcase classname="src.claude_skills.claude_skills.tests.unit.test_sdd_common.test_rich_ui.TestRichUiPrintStatus" name="test_print_status_success" time="0.001" /><testcase classname="src.claude_skills.claude_skills.tests.unit.test_sdd_common.test_rich_ui.TestRichUiPrintStatus" name="test_print_status_error" time="0.001" /><testcase classname="src.claude_skills.claude_skills.tests.unit.test_sdd_common.test_rich_ui.TestRichUiPrintStatus" name="test_print_status_warning" time="0.001" /><testcase classname="src.claude_skills.claude_skills.tests.unit.test_sdd_common.test_rich_ui.TestRichUiPrintStatus" name="test_print_status_info" time="0.001" /><testcase classname="src.claude_skills.claude_skills.tests.unit.test_sdd_common.test_rich_ui.TestRichUiPrintStatus" name="test_print_status_all_levels" time="0.002" /><testcase classname="src.claude_skills.claude_skills.tests.unit.test_sdd_common.test_rich_ui.TestRichUiMessageCollection" name="test_collect_messages_mode" time="0.000" /><testcase classname="src.claude_skills.claude_skills.tests.unit.test_sdd_common.test_rich_ui.TestRichUiMessageCollection" name="test_messages_not_collected_by_default" time="0.001" /><testcase classname="src.claude_skills.claude_skills.tests.unit.test_sdd_common.test_rich_ui.TestRichUiIntegration" name="test_rich_ui_complete_workflow" time="0.003" /><testcase classname="src.claude_skills.claude_skills.tests.unit.test_sdd_common.test_rich_ui.TestRichUiIntegration" name="test_rich_ui_with_real_output" time="0.001" /><testcase classname="src.claude_skills.claude_skills.tests.unit.test_sdd_common.test_schema_loader" name="test_load_json_schema_prefers_env_override" time="0.002" /><testcase classname="src.claude_skills.claude_skills.tests.unit.test_sdd_common.test_schema_loader" name="test_load_json_schema_falls_back_when_missing" time="0.000" /><testcase classname="src.claude_skills.claude_skills.tests.unit.test_sdd_common.test_schema_loader" name="test_load_json_schema_uses_cache" time="0.002" /><testcase classname="src.claude_skills.claude_skills.tests.unit.test_sdd_common.test_schema_loader" name="test_load_json_schema_reports_decode_errors" time="0.002" /><testcase classname="src.claude_skills.claude_skills.tests.unit.test_sdd_common.test_spec.TestExtractFrontmatter" name="test_extract_frontmatter_from_json_spec" time="0.002" /><testcase classname="src.claude_skills.claude_skills.tests.unit.test_sdd_common.test_spec.TestExtractFrontmatter" name="test_extract_frontmatter_handles_missing_fields" time="0.001" /><testcase classname="src.claude_skills.claude_skills.tests.unit.test_sdd_common.test_spec.TestExtractFrontmatter" name="test_extract_frontmatter_invalid_json" time="0.001" /><testcase classname="src.claude_skills.claude_skills.tests.unit.test_sdd_common.test_spec.TestExtractFrontmatter" name="test_extract_frontmatter_markdown" time="0.002" /><testcase classname="src.claude_skills.claude_skills.tests.unit.test_sdd_common.test_spec.TestExtractFrontmatter" name="test_extract_frontmatter_missing_file" time="0.001" /><testcase classname="src.claude_skills.claude_skills.tests.unit.test_sdd_common.test_spec.TestLoadJsonSpec" name="test_load_existing_json_spec" time="0.002" /><testcase classname="src.claude_skills.claude_skills.tests.unit.test_sdd_common.test_spec.TestLoadJsonSpec" name="test_load_nonexistent_json_spec" time="0.002" /><testcase classname="src.claude_skills.claude_skills.tests.unit.test_sdd_common.test_spec.TestLoadJsonSpec" name="test_load_invalid_json_spec" time="0.002" /><testcase classname="src.claude_skills.claude_skills.tests.unit.test_sdd_common.test_spec.TestLoadJsonSpec" name="test_load_json_spec_with_dependencies" time="0.002" /><testcase classname="src.claude_skills.claude_skills.tests.unit.test_sdd_common.test_spec.TestSaveJsonSpec" name="test_save_new_json_spec" time="0.002" /><testcase classname="src.claude_skills.claude_skills.tests.unit.test_sdd_common.test_spec.TestSaveJsonSpec" name="test_save_updates_existing_json_spec" time="0.004" /><testcase classname="src.claude_skills.claude_skills.tests.unit.test_sdd_common.test_spec.TestSaveJsonSpec" name="test_save_json_spec_with_nonexistent_path_creates_dir" time="0.001" /><testcase classname="src.claude_skills.claude_skills.tests.unit.test_sdd_common.test_spec.TestBackupJsonSpec" name="test_create_backup_of_existing_json_spec" time="0.003" /><testcase classname="src.claude_skills.claude_skills.tests.unit.test_sdd_common.test_spec.TestBackupJsonSpec" name="test_backup_nonexistent_json_spec" time="0.002" /><testcase classname="src.claude_skills.claude_skills.tests.unit.test_sdd_common.test_spec.TestBackupJsonSpec" name="test_multiple_backups_dont_overwrite" time="0.003" /><testcase classname="src.claude_skills.claude_skills.tests.unit.test_sdd_common.test_spec.TestGetNode" name="test_get_existing_task_node" time="0.002" /><testcase classname="src.claude_skills.claude_skills.tests.unit.test_sdd_common.test_spec.TestGetNode" name="test_get_existing_phase_node" time="0.002" /><testcase classname="src.claude_skills.claude_skills.tests.unit.test_sdd_common.test_spec.TestGetNode" name="test_get_nonexistent_node" time="0.002" /><testcase classname="src.claude_skills.claude_skills.tests.unit.test_sdd_common.test_spec.TestGetNode" name="test_get_node_from_empty_hierarchy" time="0.000" /><testcase classname="src.claude_skills.claude_skills.tests.unit.test_sdd_common.test_spec.TestGetNode" name="test_get_node_validates_structure" time="0.002" /><testcase classname="src.claude_skills.claude_skills.tests.unit.test_sdd_common.test_spec.TestJsonSpecIntegration" name="test_load_modify_save_workflow" time="0.003" /><testcase classname="src.claude_skills.claude_skills.tests.unit.test_sdd_common.test_spec.TestJsonSpecIntegration" name="test_backup_before_modification" time="0.003" /><testcase classname="src.claude_skills.claude_skills.tests.unit.test_sdd_common.test_ui_factory.TestTTYDetection" name="test_is_tty_available_returns_bool" time="0.000" /><testcase classname="src.claude_skills.claude_skills.tests.unit.test_sdd_common.test_ui_factory.TestTTYDetection" name="test_is_tty_available_when_tty" time="0.001" /><testcase classname="src.claude_skills.claude_skills.tests.unit.test_sdd_common.test_ui_factory.TestTTYDetection" name="test_is_tty_available_when_not_tty" time="0.001" /><testcase classname="src.claude_skills.claude_skills.tests.unit.test_sdd_common.test_ui_factory.TestCIDetection" name="test_is_ci_environment_returns_bool" time="0.000" /><testcase classname="src.claude_skills.claude_skills.tests.unit.test_sdd_common.test_ui_factory.TestCIDetection" name="test_is_ci_environment_detects_github_actions" time="0.001" /><testcase classname="src.claude_skills.claude_skills.tests.unit.test_sdd_common.test_ui_factory.TestCIDetection" name="test_is_ci_environment_detects_gitlab_ci" time="0.001" /><testcase classname="src.claude_skills.claude_skills.tests.unit.test_sdd_common.test_ui_factory.TestCIDetection" name="test_is_ci_environment_detects_travis" time="0.001" /><testcase classname="src.claude_skills.claude_skills.tests.unit.test_sdd_common.test_ui_factory.TestCIDetection" name="test_is_ci_environment_detects_circleci" time="0.001" /><testcase classname="src.claude_skills.claude_skills.tests.unit.test_sdd_common.test_ui_factory.TestCIDetection" name="test_is_ci_environment_detects_jenkins" time="0.001" /><testcase classname="src.claude_skills.claude_skills.tests.unit.test_sdd_common.test_ui_factory.TestCIDetection" name="test_is_ci_environment_detects_generic_ci" time="0.001" /><testcase classname="src.claude_skills.claude_skills.tests.unit.test_sdd_common.test_ui_factory.TestCIDetection" name="test_is_ci_environment_no_ci_vars" time="0.001" /><testcase classname="src.claude_skills.claude_skills.tests.unit.test_sdd_common.test_ui_factory.TestShouldUsePlainUI" name="test_should_use_plain_ui_with_force_flag" time="0.000" /><testcase classname="src.claude_skills.claude_skills.tests.unit.test_sdd_common.test_ui_factory.TestShouldUsePlainUI" name="test_should_use_plain_ui_with_config_file" time="0.001" /><testcase classname="src.claude_skills.claude_skills.tests.unit.test_sdd_common.test_ui_factory.TestShouldUsePlainUI" name="test_should_use_plain_ui_no_tty" time="0.001" /><testcase classname="src.claude_skills.claude_skills.tests.unit.test_sdd_common.test_ui_factory.TestShouldUsePlainUI" name="test_should_use_plain_ui_in_ci" time="0.001" /><testcase classname="src.claude_skills.claude_skills.tests.unit.test_sdd_common.test_ui_factory.TestShouldUsePlainUI" name="test_should_use_plain_ui_interactive_terminal" time="0.001" /><testcase classname="src.claude_skills.claude_skills.tests.unit.test_sdd_common.test_ui_factory.TestCreateUI" name="test_create_ui_returns_ui_instance" time="0.001" /><testcase classname="src.claude_skills.claude_skills.tests.unit.test_sdd_common.test_ui_factory.TestCreateUI" name="test_create_ui_force_plain" time="0.001" /><testcase classname="src.claude_skills.claude_skills.tests.unit.test_sdd_common.test_ui_factory.TestCreateUI" name="test_create_ui_force_rich" time="0.001" /><testcase classname="src.claude_skills.claude_skills.tests.unit.test_sdd_common.test_ui_factory.TestCreateUI" name="test_create_ui_conflicting_flags_raises_error" time="0.000" /><testcase classname="src.claude_skills.claude_skills.tests.unit.test_sdd_common.test_ui_factory.TestCreateUI" name="test_create_ui_with_collect_messages" time="0.001" /><testcase classname="src.claude_skills.claude_skills.tests.unit.test_sdd_common.test_ui_factory.TestCreateUI" name="test_create_ui_with_quiet_mode" time="0.001" /><testcase classname="src.claude_skills.claude_skills.tests.unit.test_sdd_common.test_ui_factory.TestCreateUI" name="test_create_ui_auto_selects_rich_for_tty" time="0.002" /><testcase classname="src.claude_skills.claude_skills.tests.unit.test_sdd_common.test_ui_factory.TestCreateUI" name="test_create_ui_auto_selects_plain_for_non_tty" time="0.001" /><testcase classname="src.claude_skills.claude_skills.tests.unit.test_sdd_common.test_ui_factory.TestCreateUIFromArgs" name="test_create_ui_from_args_with_plain_flag" time="0.001" /><testcase classname="src.claude_skills.claude_skills.tests.unit.test_sdd_common.test_ui_factory.TestCreateUIFromArgs" name="test_create_ui_from_args_with_quiet_flag" time="0.000" /><testcase classname="src.claude_skills.claude_skills.tests.unit.test_sdd_common.test_ui_factory.TestCreateUIFromArgs" name="test_create_ui_from_args_missing_attributes" time="0.001" /><testcase classname="src.claude_skills.claude_skills.tests.unit.test_sdd_common.test_ui_factory.TestGetBackendName" name="test_get_backend_name_rich" time="0.001" /><testcase classname="src.claude_skills.claude_skills.tests.unit.test_sdd_common.test_ui_factory.TestGetBackendName" name="test_get_backend_name_plain" time="0.000" /><testcase classname="src.claude_skills.claude_skills.tests.unit.test_sdd_common.test_ui_factory.TestFormatBackendInfo" name="test_format_backend_info_returns_string" time="0.000" /><testcase classname="src.claude_skills.claude_skills.tests.unit.test_sdd_common.test_ui_factory.TestFormatBackendInfo" name="test_format_backend_info_contains_key_info" time="0.000" /><testcase classname="src.claude_skills.claude_skills.tests.unit.test_sdd_common.test_ui_factory.TestUIShorthand" name="test_ui_shorthand_creates_instance" time="0.001" /><testcase classname="src.claude_skills.claude_skills.tests.unit.test_sdd_common.test_ui_factory.TestUIShorthand" name="test_ui_shorthand_with_force_plain" time="0.000" /><testcase classname="src.claude_skills.claude_skills.tests.unit.test_sdd_common.test_ui_factory.TestUIShorthand" name="test_ui_shorthand_with_collect_messages" time="0.000" /><testcase classname="src.claude_skills.claude_skills.tests.unit.test_sdd_common.test_ui_factory.TestPlainVsRichOutput" name="test_plain_and_rich_ui_different_output" time="0.000" /><testcase classname="src.claude_skills.claude_skills.tests.unit.test_sdd_common.test_ui_factory.TestPlainVsRichOutput" name="test_plain_ui_print_methods_exist" time="0.000" /><testcase classname="src.claude_skills.claude_skills.tests.unit.test_sdd_common.test_ui_factory.TestPlainVsRichOutput" name="test_rich_ui_print_methods_exist" time="0.000" /><testcase classname="src.claude_skills.claude_skills.tests.unit.test_sdd_common.test_ui_factory.TestPlainVsRichOutput" name="test_plain_ui_uses_plain_console" time="0.000" /><testcase classname="src.claude_skills.claude_skills.tests.unit.test_sdd_common.test_ui_factory.TestPlainVsRichOutput" name="test_rich_ui_has_console" time="0.000" /><testcase classname="src.claude_skills.claude_skills.tests.unit.test_sdd_common.test_ui_protocol.TestMessageLevel" name="test_message_level_values" time="0.000" /><testcase classname="src.claude_skills.claude_skills.tests.unit.test_sdd_common.test_ui_protocol.TestMessageLevel" name="test_message_level_count" time="0.000" /><testcase classname="src.claude_skills.claude_skills.tests.unit.test_sdd_common.test_ui_protocol.TestMessageLevel" name="test_message_level_enum_members" time="0.000" /><testcase classname="src.claude_skills.claude_skills.tests.unit.test_sdd_common.test_ui_protocol.TestMessage" name="test_message_creation_minimal" time="0.000" /><testcase classname="src.claude_skills.claude_skills.tests.unit.test_sdd_common.test_ui_protocol.TestMessage" name="test_message_creation_full" time="0.000" /><testcase classname="src.claude_skills.claude_skills.tests.unit.test_sdd_common.test_ui_protocol.TestMessage" name="test_message_default_timestamp" time="0.000" /><testcase classname="src.claude_skills.claude_skills.tests.unit.test_sdd_common.test_ui_protocol.TestMessage" name="test_message_default_rendered_false" time="0.000" /><testcase classname="src.claude_skills.claude_skills.tests.unit.test_sdd_common.test_ui_protocol.TestMessage" name="test_message_context_mutable" time="0.000" /><testcase classname="src.claude_skills.claude_skills.tests.unit.test_sdd_common.test_ui_protocol.TestMessage" name="test_message_metadata_mutable" time="0.000" /><testcase classname="src.claude_skills.claude_skills.tests.unit.test_sdd_common.test_ui_protocol.TestUiProtocol" name="test_ui_is_runtime_checkable" time="0.000" /><testcase classname="src.claude_skills.claude_skills.tests.unit.test_sdd_common.test_ui_protocol.TestUiProtocol" name="test_ui_protocol_required_methods" time="0.001" /><testcase classname="src.claude_skills.claude_skills.tests.unit.test_sdd_fidelity_review.test_consultation" name="test_consult_ai_on_fidelity_raises_when_no_tools_available" time="0.001" /><testcase classname="src.claude_skills.claude_skills.tests.unit.test_sdd_fidelity_review.test_consultation" name="test_consult_ai_on_fidelity_validates_requested_tool" time="0.001" /><testcase classname="src.claude_skills.claude_skills.tests.unit.test_sdd_fidelity_review.test_consultation" name="test_consult_ai_on_fidelity_raises_on_timeout" time="0.003" /><testcase classname="src.claude_skills.claude_skills.tests.unit.test_sdd_fidelity_review.test_consultation" name="test_consult_ai_on_fidelity_returns_response_on_success" time="0.003" /><testcase classname="src.claude_skills.claude_skills.tests.unit.test_sdd_fidelity_review.test_consultation" name="test_consult_ai_on_fidelity_auto_detects_available_tool" time="0.001" /><testcase classname="src.claude_skills.claude_skills.tests.unit.test_sdd_fidelity_review.test_consultation" name="test_consult_ai_on_fidelity_wraps_unexpected_errors" time="0.001" /><testcase classname="src.claude_skills.claude_skills.tests.unit.test_sdd_fidelity_review.test_consultation" name="test_consult_multiple_ai_on_fidelity_returns_responses" time="0.006" /><testcase classname="src.claude_skills.claude_skills.tests.unit.test_sdd_fidelity_review.test_consultation" name="test_consult_multiple_ai_on_fidelity_raises_when_no_tools_available" time="0.003" /><testcase classname="src.claude_skills.claude_skills.tests.unit.test_sdd_fidelity_review.test_consultation" name="test_consult_multiple_ai_on_fidelity_handles_partial_failures" time="0.005" /><testcase classname="src.claude_skills.claude_skills.tests.unit.test_sdd_fidelity_review.test_consultation" name="test_consult_multiple_ai_on_fidelity_cache_hit_short_circuits" time="0.008" /><testcase classname="src.claude_skills.claude_skills.tests.unit.test_sdd_fidelity_review.test_consultation" name="test_consult_multiple_ai_on_fidelity_cache_save_failure_nonfatal" time="0.007" /><testcase classname="src.claude_skills.claude_skills.tests.unit.test_sdd_fidelity_review.test_consultation" name="test_parse_review_response_extracts_pass_verdict" time="0.002" /><testcase classname="src.claude_skills.claude_skills.tests.unit.test_sdd_fidelity_review.test_consultation" name="test_parse_review_response_extracts_fail_with_issues" time="0.001" /><testcase classname="src.claude_skills.claude_skills.tests.unit.test_sdd_fidelity_review.test_consultation" name="test_parse_review_response_parses_json_schema" time="0.001" /><testcase classname="src.claude_skills.claude_skills.tests.unit.test_sdd_fidelity_review.test_consultation" name="test_parse_review_response_parses_nested_response_field" time="0.000" /><testcase classname="src.claude_skills.claude_skills.tests.unit.test_sdd_fidelity_review.test_consultation" name="test_parse_review_response_parses_json_code_block_entries" time="0.001" /><testcase classname="src.claude_skills.claude_skills.tests.unit.test_sdd_fidelity_review.test_consultation" name="test_parse_review_response_handles_numbered_findings_section" time="0.001" /><testcase classname="src.claude_skills.claude_skills.tests.unit.test_sdd_fidelity_review.test_consultation" name="test_parse_review_response_handles_findings_heading_with_bullets" time="0.001" /><testcase classname="src.claude_skills.claude_skills.tests.unit.test_sdd_fidelity_review.test_consultation" name="test_parse_review_response_keeps_full_first_paragraph_summary" time="0.000" /><testcase classname="src.claude_skills.claude_skills.tests.unit.test_sdd_fidelity_review.test_consultation" name="test_parse_review_response_defaults_to_unknown" time="0.001" /><testcase classname="src.claude_skills.claude_skills.tests.unit.test_sdd_fidelity_review.test_consultation" name="test_parse_multiple_responses" time="0.001" /><testcase classname="src.claude_skills.claude_skills.tests.unit.test_sdd_fidelity_review.test_consultation" name="test_detect_consensus_majority" time="0.000" /><testcase classname="src.claude_skills.claude_skills.tests.unit.test_sdd_fidelity_review.test_consultation" name="test_detect_consensus_preserves_original_text" time="0.000" /><testcase classname="src.claude_skills.claude_skills.tests.unit.test_sdd_fidelity_review.test_consultation" name="test_categorize_issues_assigns_severity" time="0.000" /><testcase classname="src.claude_skills.claude_skills.tests.unit.test_sdd_fidelity_review.test_fidelity_cli_incremental" name="test_incremental_flag_registered" time="0.003" /><testcase classname="src.claude_skills.claude_skills.tests.unit.test_sdd_fidelity_review.test_fidelity_cli_incremental" name="test_incremental_flag_defaults_false" time="0.003" /><testcase classname="src.claude_skills.claude_skills.tests.unit.test_sdd_fidelity_review.test_fidelity_cli_incremental" name="test_incremental_flag_passed_to_reviewer" time="0.001" /><testcase classname="src.claude_skills.claude_skills.tests.unit.test_sdd_fidelity_review.test_fidelity_cli_incremental" name="test_incremental_false_passed_to_reviewer" time="0.001" /><testcase classname="src.claude_skills.claude_skills.tests.unit.test_sdd_fidelity_review.test_fidelity_cli_incremental" name="test_incremental_flag_help_text_mentions_incremental" time="0.004" /><testcase classname="src.claude_skills.claude_skills.tests.unit.test_sdd_fidelity_review.test_fidelity_cli_incremental" name="test_incremental_flag_backward_compatible" time="0.003" /><testcase classname="src.claude_skills.claude_skills.tests.unit.test_sdd_fidelity_review.test_fidelity_cli_incremental" name="test_incremental_hasattr_check_handles_missing_attribute" time="0.001" /><testcase classname="src.claude_skills.claude_skills.tests.unit.test_sdd_fidelity_review.test_fidelity_cli_incremental" name="test_incremental_cached_artifacts_exposed_to_prompt" time="0.001" /><testcase classname="src.claude_skills.claude_skills.tests.unit.test_sdd_fidelity_review.test_fidelity_cli_incremental" name="test_incremental_flag_passed_to_reviewer_when_ai_runs" time="0.002" /><testcase classname="src.claude_skills.claude_skills.tests.unit.test_sdd_fidelity_review.test_issue_aggregation_panel.TestIssueAggregationPanel" name="test_multiple_models_render_common_concerns" time="0.004" /><testcase classname="src.claude_skills.claude_skills.tests.unit.test_sdd_fidelity_review.test_issue_aggregation_panel.TestIssueAggregationPanel" name="test_frequency_sorting_keeps_most_common_first" time="0.003" /><testcase classname="src.claude_skills.claude_skills.tests.unit.test_sdd_fidelity_review.test_issue_aggregation_panel.TestIssueAggregationPanel" name="test_handles_no_issues_gracefully" time="0.000" /><testcase classname="src.claude_skills.claude_skills.tests.unit.test_sdd_fidelity_review.test_issue_aggregation_panel.TestIssueAggregationPanel" name="test_single_model_still_renders_panel" time="0.002" /><testcase classname="src.claude_skills.claude_skills.tests.unit.test_sdd_fidelity_review.test_issue_aggregation_panel.TestIssueAggregationPanel" name="test_percentage_calculation_matches_counts" time="0.003" /><testcase classname="src.claude_skills.claude_skills.tests.unit.test_sdd_fidelity_review.test_issue_aggregation_panel.TestIssueAggregationPanel" name="test_limits_to_top_ten_issues" time="0.005" /><testcase classname="src.claude_skills.claude_skills.tests.unit.test_sdd_fidelity_review.test_issue_aggregation_panel.TestIssueAggregationPanel" name="test_truncates_long_issue_descriptions" time="0.002" /><testcase classname="src.claude_skills.claude_skills.tests.unit.test_sdd_fidelity_review.test_issue_aggregation_panel.TestIssueAggregationPanel" name="test_color_coding_reflected_in_counts" time="0.004" /><testcase classname="src.claude_skills.claude_skills.tests.unit.test_sdd_fidelity_review.test_issue_aggregation_panel.TestIntegrationWithPrintConsoleRich" name="test_panel_included_for_multiple_models" time="0.005" /><testcase classname="src.claude_skills.claude_skills.tests.unit.test_sdd_fidelity_review.test_issue_aggregation_panel.TestIntegrationWithPrintConsoleRich" name="test_panel_omitted_for_single_model" time="0.002" /><testcase classname="src.claude_skills.claude_skills.tests.unit.test_sdd_fidelity_review.test_recommendation_consensus.TestRecommendationConsensusPanel" name="test_all_agree_indicator_present" time="0.003" /><testcase classname="src.claude_skills.claude_skills.tests.unit.test_sdd_fidelity_review.test_recommendation_consensus.TestRecommendationConsensusPanel" name="test_majority_indicator_present" time="0.003" /><testcase classname="src.claude_skills.claude_skills.tests.unit.test_sdd_fidelity_review.test_recommendation_consensus.TestRecommendationConsensusPanel" name="test_sorted_by_agreement_desc" time="0.003" /><testcase classname="src.claude_skills.claude_skills.tests.unit.test_sdd_fidelity_review.test_recommendation_consensus.TestRecommendationConsensusPanel" name="test_handles_absence_of_recommendations" time="0.001" /><testcase classname="src.claude_skills.claude_skills.tests.unit.test_sdd_fidelity_review.test_recommendation_consensus.TestRecommendationConsensusPanel" name="test_single_model_fallback" time="0.002" /><testcase classname="src.claude_skills.claude_skills.tests.unit.test_sdd_fidelity_review.test_recommendation_consensus.TestRecommendationConsensusPanel" name="test_percentage_calculation" time="0.003" /><testcase classname="src.claude_skills.claude_skills.tests.unit.test_sdd_fidelity_review.test_recommendation_consensus.TestRecommendationConsensusPanel" name="test_limits_to_top_ten_recommendations" time="0.005" /><testcase classname="src.claude_skills.claude_skills.tests.unit.test_sdd_fidelity_review.test_recommendation_consensus.TestRecommendationConsensusPanel" name="test_color_coding_in_html" time="0.003" /><testcase classname="src.claude_skills.claude_skills.tests.unit.test_sdd_fidelity_review.test_recommendation_consensus.TestIntegrationWithPrintConsoleRich" name="test_panel_included_with_multiple_models" time="0.004" /><testcase classname="src.claude_skills.claude_skills.tests.unit.test_sdd_fidelity_review.test_recommendation_consensus.TestIntegrationWithPrintConsoleRich" name="test_panel_omitted_with_single_model" time="0.002" /><testcase classname="src.claude_skills.claude_skills.tests.unit.test_sdd_fidelity_review.test_review" name="test_fidelity_reviewer_init_with_spec_path" time="0.002" /><testcase classname="src.claude_skills.claude_skills.tests.unit.test_sdd_fidelity_review.test_review" name="test_fidelity_reviewer_auto_discovers_specs" time="0.001" /><testcase classname="src.claude_skills.claude_skills.tests.unit.test_sdd_fidelity_review.test_review" name="test_fidelity_reviewer_handles_missing_specs_directory" time="0.001" /><testcase classname="src.claude_skills.claude_skills.tests.unit.test_sdd_fidelity_review.test_review" name="test_get_task_requirements_success" time="0.001" /><testcase classname="src.claude_skills.claude_skills.tests.unit.test_sdd_fidelity_review.test_review" name="test_get_task_requirements_missing_task" time="0.001" /><testcase classname="src.claude_skills.claude_skills.tests.unit.test_sdd_fidelity_review.test_review" name="test_get_phase_tasks_recursively_collects" time="0.001" /><testcase classname="src.claude_skills.claude_skills.tests.unit.test_sdd_fidelity_review.test_review" name="test_get_phase_tasks_handles_missing_phase" time="0.001" /><testcase classname="src.claude_skills.claude_skills.tests.unit.test_sdd_fidelity_review.test_review" name="test_get_all_tasks_handles_malformed_spec" time="0.001" /><testcase classname="src.claude_skills.claude_skills.tests.unit.test_sdd_fidelity_review.test_review" name="test_get_file_diff_success" time="0.002" /><testcase classname="src.claude_skills.claude_skills.tests.unit.test_sdd_fidelity_review.test_review" name="test_get_file_diff_handles_missing_repo" time="0.001" /><testcase classname="src.claude_skills.claude_skills.tests.unit.test_sdd_fidelity_review.test_review" name="test_get_file_diff_handles_git_error" time="0.001" /><testcase classname="src.claude_skills.claude_skills.tests.unit.test_sdd_fidelity_review.test_review" name="test_get_file_diff_handles_timeout" time="0.001" /><testcase classname="src.claude_skills.claude_skills.tests.unit.test_sdd_fidelity_review.test_review" name="test_parse_junit_xml_success" time="0.003" /><testcase classname="src.claude_skills.claude_skills.tests.unit.test_sdd_fidelity_review.test_review" name="test_compute_file_hash_success" time="0.002" /><testcase classname="src.claude_skills.claude_skills.tests.unit.test_sdd_fidelity_review.test_review" name="test_compute_file_hash_handles_missing_file" time="0.001" /><testcase classname="src.claude_skills.claude_skills.tests.unit.test_sdd_fidelity_review.test_review" name="test_get_file_changes_full_mode" time="0.002" /><testcase classname="src.claude_skills.claude_skills.tests.unit.test_sdd_fidelity_review.test_review" name="test_get_file_changes_incremental_detects_modifications" time="0.003" /><testcase classname="src.claude_skills.claude_skills.tests.unit.test_sdd_fidelity_review.test_review" name="test_save_file_state_requires_incremental" time="0.002" /><testcase classname="src.claude_skills.claude_skills.tests.unit.test_sdd_fidelity_review.test_review" name="test_save_file_state_incremental" time="0.002" /><testcase classname="src.claude_skills.claude_skills.tests.unit.test_sdd_fidelity_review.test_review" name="test_get_task_diffs_collects_primary_file" time="0.002" /><testcase classname="src.claude_skills.claude_skills.tests.unit.test_sdd_fidelity_review.test_review" name="test_get_task_test_results_runs_pytest" time="0.002" /><testcase classname="src.claude_skills.claude_skills.tests.unit.test_sdd_next.test_discovery.TestGetNextTask" name="test_get_next_task_returns_first_pending" time="0.002" /><testcase classname="src.claude_skills.claude_skills.tests.unit.test_sdd_next.test_discovery.TestGetNextTask" name="test_get_next_task_skips_completed" time="0.002" /><testcase classname="src.claude_skills.claude_skills.tests.unit.test_sdd_next.test_discovery.TestGetNextTask" name="test_get_next_task_respects_dependencies" time="0.002" /><testcase classname="src.claude_skills.claude_skills.tests.unit.test_sdd_next.test_discovery.TestGetNextTask" name="test_get_next_task_from_current_phase" time="0.002" /><testcase classname="src.claude_skills.claude_skills.tests.unit.test_sdd_next.test_discovery.TestGetNextTask" name="test_get_next_task_none_when_all_complete" time="0.002" /><testcase classname="src.claude_skills.claude_skills.tests.unit.test_sdd_next.test_discovery.TestGetNextTask" name="test_get_next_task_empty_hierarchy" time="0.000" /><testcase classname="src.claude_skills.claude_skills.tests.unit.test_sdd_next.test_discovery.TestGetNextTask" name="test_get_next_task_finds_verify_tasks" time="0.002" /><testcase classname="src.claude_skills.claude_skills.tests.unit.test_sdd_next.test_discovery.TestGetTaskInfo" name="test_get_task_info_existing_task" time="0.002" /><testcase classname="src.claude_skills.claude_skills.tests.unit.test_sdd_next.test_discovery.TestGetTaskInfo" name="test_get_task_info_nonexistent_task" time="0.002" /><testcase classname="src.claude_skills.claude_skills.tests.unit.test_sdd_next.test_discovery.TestGetTaskInfo" name="test_get_task_info_includes_all_fields" time="0.002" /><testcase classname="src.claude_skills.claude_skills.tests.unit.test_sdd_next.test_discovery.TestGetTaskInfo" name="test_get_task_info_for_different_tasks" time="0.002" /><testcase classname="src.claude_skills.claude_skills.tests.unit.test_sdd_next.test_discovery.TestCheckDependencies" name="test_check_dependencies_no_blockers" time="0.002" /><testcase classname="src.claude_skills.claude_skills.tests.unit.test_sdd_next.test_discovery.TestCheckDependencies" name="test_check_dependencies_with_blockers" time="0.002" /><testcase classname="src.claude_skills.claude_skills.tests.unit.test_sdd_next.test_discovery.TestCheckDependencies" name="test_check_dependencies_nonexistent_task" time="0.003" /><testcase classname="src.claude_skills.claude_skills.tests.unit.test_sdd_next.test_discovery.TestCheckDependencies" name="test_check_dependencies_includes_blocks" time="0.002" /><testcase classname="src.claude_skills.claude_skills.tests.unit.test_sdd_next.test_discovery.TestCheckDependencies" name="test_check_dependencies_resolved_when_complete" time="0.002" /><testcase classname="src.claude_skills.claude_skills.tests.unit.test_sdd_next.test_discovery.TestPrepareTask" name="test_prepare_task_success" time="0.407" /><testcase classname="src.claude_skills.claude_skills.tests.unit.test_sdd_next.test_discovery.TestPrepareTask" name="test_prepare_task_includes_dependencies" time="0.005" /><testcase classname="src.claude_skills.claude_skills.tests.unit.test_sdd_next.test_discovery.TestPrepareTask" name="test_prepare_task_returns_metadata_only" time="0.005" /><testcase classname="src.claude_skills.claude_skills.tests.unit.test_sdd_next.test_discovery.TestPrepareTask" name="test_prepare_task_nonexistent" time="0.004" /><testcase classname="src.claude_skills.claude_skills.tests.unit.test_sdd_next.test_discovery.TestPrepareTask" name="test_prepare_task_auto_finds_next" time="0.005" /><testcase classname="src.claude_skills.claude_skills.tests.unit.test_sdd_next.test_discovery.TestDiscoveryIntegration" name="test_complete_task_discovery_workflow" time="0.005" /><testcase classname="src.claude_skills.claude_skills.tests.unit.test_sdd_next.test_discovery.TestDiscoveryIntegration" name="test_task_progression_through_phase" time="0.003" /><testcase classname="src.claude_skills.claude_skills.tests.unit.test_sdd_next.test_doc_integration.TestDocIntegration" name="test_prepare_task_calls_check_doc_availability" time="0.005" /><testcase classname="src.claude_skills.claude_skills.tests.unit.test_sdd_next.test_doc_integration.TestDocIntegration" name="test_prepare_task_sets_flag_when_docs_missing" time="0.004" /><testcase classname="src.claude_skills.claude_skills.tests.unit.test_sdd_next.test_doc_integration.TestDocIntegration" name="test_prepare_task_sets_flag_when_docs_stale" time="0.004" /><testcase classname="src.claude_skills.claude_skills.tests.unit.test_sdd_next.test_doc_integration.TestDocIntegration" name="test_prepare_task_no_flag_when_docs_available" time="0.004" /><testcase classname="src.claude_skills.claude_skills.tests.unit.test_sdd_next.test_doc_integration.TestDocIntegration" name="test_graceful_degradation_continues_workflow" time="0.005" /><testcase classname="src.claude_skills.claude_skills.tests.unit.test_sdd_next.test_doc_integration.TestDocIntegration" name="test_graceful_degradation_with_error_status" time="0.004" /><testcase classname="src.claude_skills.claude_skills.tests.unit.test_sdd_next.test_project.TestDetectProject" name="test_detect_node_project" time="0.002" /><testcase classname="src.claude_skills.claude_skills.tests.unit.test_sdd_next.test_project.TestDetectProject" name="test_detect_python_project" time="0.002" /><testcase classname="src.claude_skills.claude_skills.tests.unit.test_sdd_next.test_project.TestDetectProject" name="test_detect_project_includes_config_files" time="0.002" /><testcase classname="src.claude_skills.claude_skills.tests.unit.test_sdd_next.test_project.TestDetectProject" name="test_detect_project_extracts_dependencies" time="0.002" /><testcase classname="src.claude_skills.claude_skills.tests.unit.test_sdd_next.test_project.TestDetectProject" name="test_detect_project_extracts_dev_dependencies" time="0.002" /><testcase classname="src.claude_skills.claude_skills.tests.unit.test_sdd_next.test_project.TestDetectProject" name="test_detect_unknown_project" time="0.002" /><testcase classname="src.claude_skills.claude_skills.tests.unit.test_sdd_next.test_project.TestFindTests" name="test_find_tests_in_node_project" time="0.003" /><testcase classname="src.claude_skills.claude_skills.tests.unit.test_sdd_next.test_project.TestFindTests" name="test_find_tests_in_python_project" time="0.003" /><testcase classname="src.claude_skills.claude_skills.tests.unit.test_sdd_next.test_project.TestFindTests" name="test_find_tests_detects_framework" time="0.003" /><testcase classname="src.claude_skills.claude_skills.tests.unit.test_sdd_next.test_project.TestFindTests" name="test_find_corresponding_test_file" time="0.003" /><testcase classname="src.claude_skills.claude_skills.tests.unit.test_sdd_next.test_project.TestFindTests" name="test_find_tests_empty_project" time="0.002" /><testcase classname="src.claude_skills.claude_skills.tests.unit.test_sdd_next.test_project.TestCheckEnvironment" name="test_check_environment_valid_project" time="0.003" /><testcase classname="src.claude_skills.claude_skills.tests.unit.test_sdd_next.test_project.TestCheckEnvironment" name="test_check_environment_with_requirements" time="0.002" /><testcase classname="src.claude_skills.claude_skills.tests.unit.test_sdd_next.test_project.TestCheckEnvironment" name="test_check_environment_missing_dependencies" time="0.002" /><testcase classname="src.claude_skills.claude_skills.tests.unit.test_sdd_next.test_project.TestCheckEnvironment" name="test_check_environment_includes_config_files" time="0.002" /><testcase classname="src.claude_skills.claude_skills.tests.unit.test_sdd_next.test_project.TestCheckEnvironment" name="test_check_environment_warnings" time="0.002" /><testcase classname="src.claude_skills.claude_skills.tests.unit.test_sdd_next.test_project.TestFindRelatedFiles" name="test_find_related_files_test_files" time="0.003" /><testcase classname="src.claude_skills.claude_skills.tests.unit.test_sdd_next.test_project.TestFindRelatedFiles" name="test_find_related_files_same_directory" time="0.003" /><testcase classname="src.claude_skills.claude_skills.tests.unit.test_sdd_next.test_project.TestFindRelatedFiles" name="test_find_related_files_similar_files" time="0.003" /><testcase classname="src.claude_skills.claude_skills.tests.unit.test_sdd_next.test_project.TestFindRelatedFiles" name="test_find_related_files_includes_source" time="0.003" /><testcase classname="src.claude_skills.claude_skills.tests.unit.test_sdd_next.test_project.TestFindRelatedFiles" name="test_find_related_files_nonexistent" time="0.002" /><testcase classname="src.claude_skills.claude_skills.tests.unit.test_sdd_next.test_project.TestProjectIntegration" name="test_complete_project_analysis_workflow" time="0.004" /><testcase classname="src.claude_skills.claude_skills.tests.unit.test_sdd_next.test_project.TestProjectIntegration" name="test_python_project_full_analysis" time="0.004" /><testcase classname="src.claude_skills.claude_skills.tests.unit.test_sdd_next.test_validation.TestValidateSpec" name="test_validate_valid_spec" time="0.003" /><testcase classname="src.claude_skills.claude_skills.tests.unit.test_sdd_next.test_validation.TestValidateSpec" name="test_validate_invalid_spec" time="0.002" /><testcase classname="src.claude_skills.claude_skills.tests.unit.test_sdd_next.test_validation.TestValidateSpec" name="test_validate_spec_checks_frontmatter" time="0.003" /><testcase classname="src.claude_skills.claude_skills.tests.unit.test_sdd_next.test_validation.TestValidateSpec" name="test_validate_spec_checks_json_spec" time="0.003" /><testcase classname="src.claude_skills.claude_skills.tests.unit.test_sdd_next.test_validation.TestValidateSpec" name="test_validate_nonexistent_spec" time="0.001" /><testcase classname="src.claude_skills.claude_skills.tests.unit.test_sdd_next.test_validation.TestFindCircularDeps" name="test_find_circular_deps_none" time="0.002" /><testcase classname="src.claude_skills.claude_skills.tests.unit.test_sdd_next.test_validation.TestFindCircularDeps" name="test_find_circular_deps_detected" time="0.002" /><testcase classname="src.claude_skills.claude_skills.tests.unit.test_sdd_next.test_validation.TestFindCircularDeps" name="test_find_circular_deps_shows_chains" time="0.003" /><testcase classname="src.claude_skills.claude_skills.tests.unit.test_sdd_next.test_validation.TestFindCircularDeps" name="test_find_orphaned_tasks" time="0.002" /><testcase classname="src.claude_skills.claude_skills.tests.unit.test_sdd_next.test_validation.TestValidatePaths" name="test_validate_existing_paths" time="0.002" /><testcase classname="src.claude_skills.claude_skills.tests.unit.test_sdd_next.test_validation.TestValidatePaths" name="test_validate_mixed_paths" time="0.002" /><testcase classname="src.claude_skills.claude_skills.tests.unit.test_sdd_next.test_validation.TestValidatePaths" name="test_validate_paths_with_base_dir" time="0.002" /><testcase classname="src.claude_skills.claude_skills.tests.unit.test_sdd_next.test_validation.TestSpecStats" name="test_spec_stats_basic" time="0.002" /><testcase classname="src.claude_skills.claude_skills.tests.unit.test_sdd_next.test_validation.TestSpecStats" name="test_spec_stats_counts" time="0.002" /><testcase classname="src.claude_skills.claude_skills.tests.unit.test_sdd_next.test_validation.TestSpecStats" name="test_spec_stats_with_json_spec" time="0.003" /><testcase classname="src.claude_skills.claude_skills.tests.unit.test_sdd_next.test_validation.TestSpecStats" name="test_spec_stats_nonexistent" time="0.002" /><testcase classname="src.claude_skills.claude_skills.tests.unit.test_sdd_next.test_workflow.TestInitEnvironment" name="test_init_environment_from_specs_dir" time="0.002" /><testcase classname="src.claude_skills.claude_skills.tests.unit.test_sdd_next.test_workflow.TestInitEnvironment" name="test_init_environment_creates_directories" time="0.002" /><testcase classname="src.claude_skills.claude_skills.tests.unit.test_sdd_next.test_workflow.TestFindPattern" name="test_find_pattern_simple" time="0.002" /><testcase classname="src.claude_skills.claude_skills.tests.unit.test_sdd_next.test_workflow.TestFindPattern" name="test_find_pattern_recursive" time="0.003" /><testcase classname="src.claude_skills.claude_skills.tests.unit.test_sdd_plan.test_hierarchy_validation.TestValidateStructure" name="test_valid_structure" time="0.002" /><testcase classname="src.claude_skills.claude_skills.tests.unit.test_sdd_plan.test_hierarchy_validation.TestValidateStructure" name="test_missing_required_fields" time="0.000" /><testcase classname="src.claude_skills.claude_skills.tests.unit.test_sdd_plan.test_hierarchy_validation.TestValidateStructure" name="test_empty_hierarchy" time="0.000" /><testcase classname="src.claude_skills.claude_skills.tests.unit.test_sdd_plan.test_hierarchy_validation.TestValidateStructure" name="test_invalid_json_types" time="0.000" /><testcase classname="src.claude_skills.claude_skills.tests.unit.test_sdd_plan.test_hierarchy_validation.TestValidateHierarchy" name="test_valid_hierarchy" time="0.002" /><testcase classname="src.claude_skills.claude_skills.tests.unit.test_sdd_plan.test_hierarchy_validation.TestValidateHierarchy" name="test_orphaned_nodes" time="0.002" /><testcase classname="src.claude_skills.claude_skills.tests.unit.test_sdd_plan.test_hierarchy_validation.TestValidateHierarchy" name="test_circular_parent_child" time="0.000" /><testcase classname="src.claude_skills.claude_skills.tests.unit.test_sdd_plan.test_hierarchy_validation.TestValidateNodes" name="test_valid_nodes" time="0.002" /><testcase classname="src.claude_skills.claude_skills.tests.unit.test_sdd_plan.test_hierarchy_validation.TestValidateNodes" name="test_node_missing_required_fields" time="0.002" /><testcase classname="src.claude_skills.claude_skills.tests.unit.test_sdd_plan.test_hierarchy_validation.TestValidateNodes" name="test_invalid_node_status" time="0.000" /><testcase classname="src.claude_skills.claude_skills.tests.unit.test_sdd_plan.test_hierarchy_validation.TestValidateNodes" name="test_invalid_node_type" time="0.000" /><testcase classname="src.claude_skills.claude_skills.tests.unit.test_sdd_plan.test_hierarchy_validation.TestValidateTaskCounts" name="test_valid_task_counts" time="0.002" /><testcase classname="src.claude_skills.claude_skills.tests.unit.test_sdd_plan.test_hierarchy_validation.TestValidateTaskCounts" name="test_children_count_mismatch" time="0.000" /><testcase classname="src.claude_skills.claude_skills.tests.unit.test_sdd_plan.test_hierarchy_validation.TestValidateDependencies" name="test_valid_dependencies" time="0.002" /><testcase classname="src.claude_skills.claude_skills.tests.unit.test_sdd_plan.test_hierarchy_validation.TestValidateDependencies" name="test_circular_dependencies" time="0.002" /><testcase classname="src.claude_skills.claude_skills.tests.unit.test_sdd_plan.test_hierarchy_validation.TestValidateDependencies" name="test_dependency_on_nonexistent_task" time="0.002" /><testcase classname="src.claude_skills.claude_skills.tests.unit.test_sdd_plan.test_hierarchy_validation.TestValidateDependencies" name="test_bidirectional_dependency_consistency" time="0.000" /><testcase classname="src.claude_skills.claude_skills.tests.unit.test_sdd_plan.test_hierarchy_validation.TestValidateMetadata" name="test_valid_metadata" time="0.003" /><testcase classname="src.claude_skills.claude_skills.tests.unit.test_sdd_plan.test_hierarchy_validation.TestValidateMetadata" name="test_task_missing_file_path" time="0.000" /><testcase classname="src.claude_skills.claude_skills.tests.unit.test_sdd_plan.test_hierarchy_validation.TestValidateMetadata" name="test_implementation_task_requires_file_path" time="0.000" /><testcase classname="src.claude_skills.claude_skills.tests.unit.test_sdd_plan.test_hierarchy_validation.TestValidateMetadata" name="test_investigation_task_no_file_path_required" time="0.000" /><testcase classname="src.claude_skills.claude_skills.tests.unit.test_sdd_plan.test_hierarchy_validation.TestValidateMetadata" name="test_missing_category_defaults_to_implementation" time="0.000" /><testcase classname="src.claude_skills.claude_skills.tests.unit.test_sdd_plan.test_hierarchy_validation.TestValidateMetadata" name="test_invalid_task_category_rejected" time="0.000" /><testcase classname="src.claude_skills.claude_skills.tests.unit.test_sdd_plan.test_hierarchy_validation.TestValidateMetadata" name="test_investigation_task_with_file_path_warns" time="0.000" /><testcase classname="src.claude_skills.claude_skills.tests.unit.test_sdd_plan.test_hierarchy_validation.TestValidateMetadata" name="test_backward_compat_no_category_with_file_path" time="0.000" /><testcase classname="src.claude_skills.claude_skills.tests.unit.test_sdd_plan.test_hierarchy_validation.TestValidateMetadata" name="test_backward_compat_old_style_spec" time="0.000" /><testcase classname="src.claude_skills.claude_skills.tests.unit.test_sdd_plan.test_hierarchy_validation.TestValidateJsonSpec" name="test_validate_valid_json_spec" time="0.003" /><testcase classname="src.claude_skills.claude_skills.tests.unit.test_sdd_plan.test_hierarchy_validation.TestValidateJsonSpec" name="test_validate_state_with_structure_issues" time="0.002" /><testcase classname="src.claude_skills.claude_skills.tests.unit.test_sdd_plan.test_hierarchy_validation.TestValidateJsonSpec" name="test_validate_state_with_circular_deps" time="0.003" /><testcase classname="src.claude_skills.claude_skills.tests.unit.test_sdd_plan.test_hierarchy_validation.TestValidateJsonSpec" name="test_validate_state_with_orphaned_nodes" time="0.003" /><testcase classname="src.claude_skills.claude_skills.tests.unit.test_sdd_plan.test_hierarchy_validation.TestValidateJsonSpec" name="test_validation_result_structure" time="0.003" /><testcase classname="src.claude_skills.claude_skills.tests.unit.test_sdd_plan.test_hierarchy_validation.TestValidateJsonSpec" name="test_validation_counts_nodes_correctly" time="0.003" /><testcase classname="src.claude_skills.claude_skills.tests.unit.test_sdd_plan.test_hierarchy_validation.TestSchemaValidationHelpers" name="test_validate_against_schema_missing_schema_emits_warning" time="0.000" /><testcase classname="src.claude_skills.claude_skills.tests.unit.test_sdd_plan.test_hierarchy_validation.TestSchemaValidationHelpers" name="test_validate_against_schema_missing_dependency_emits_warning" time="0.000" /><testcase classname="src.claude_skills.claude_skills.tests.unit.test_sdd_plan.test_hierarchy_validation.TestJsonSpecValidationIntegration" name="test_complete_validation_workflow" time="0.003" /><testcase classname="src.claude_skills.claude_skills.tests.unit.test_sdd_plan.test_hierarchy_validation.TestJsonSpecValidationIntegration" name="test_validation_catches_multiple_issues" time="0.003" /><testcase classname="src.claude_skills.claude_skills.tests.unit.test_sdd_plan.test_templates.TestInferTaskCategory" name="test_investigation_keywords" time="0.000" /><testcase classname="src.claude_skills.claude_skills.tests.unit.test_sdd_plan.test_templates.TestInferTaskCategory" name="test_implementation_keywords" time="0.000" /><testcase classname="src.claude_skills.claude_skills.tests.unit.test_sdd_plan.test_templates.TestInferTaskCategory" name="test_refactoring_keywords" time="0.000" /><testcase classname="src.claude_skills.claude_skills.tests.unit.test_sdd_plan.test_templates.TestInferTaskCategory" name="test_decision_keywords" time="0.000" /><testcase classname="src.claude_skills.claude_skills.tests.unit.test_sdd_plan.test_templates.TestInferTaskCategory" name="test_research_keywords" time="0.000" /><testcase classname="src.claude_skills.claude_skills.tests.unit.test_sdd_plan.test_templates.TestInferTaskCategory" name="test_default_fallback" time="0.000" /><testcase classname="src.claude_skills.claude_skills.tests.unit.test_sdd_plan.test_templates.TestInferTaskCategory" name="test_case_insensitivity" time="0.000" /><testcase classname="src.claude_skills.claude_skills.tests.unit.test_sdd_plan.test_templates.TestInferTaskCategory" name="test_priority_order" time="0.000" /><testcase classname="src.claude_skills.claude_skills.tests.unit.test_sdd_plan.test_templates.TestInferTaskCategory" name="test_empty_and_none_handling" time="0.001" /><testcase classname="src.claude_skills.claude_skills.tests.unit.test_sdd_plan.test_templates.TestInferTaskCategory" name="test_task_type_parameter" time="0.000" /><testcase classname="src.claude_skills.claude_skills.tests.unit.test_sdd_plan.test_templates.TestInferTaskCategory" name="test_multi_word_phrases" time="0.000" /><testcase classname="src.claude_skills.claude_skills.tests.unit.test_sdd_plan.test_templates.TestTemplates" name="test_list_templates_returns_dict" time="0.001" /><testcase classname="src.claude_skills.claude_skills.tests.unit.test_sdd_plan.test_templates.TestTemplates" name="test_get_template_valid" time="0.000" /><testcase classname="src.claude_skills.claude_skills.tests.unit.test_sdd_plan.test_templates.TestTemplates" name="test_get_template_invalid" time="0.000" /><testcase classname="src.claude_skills.claude_skills.tests.unit.test_sdd_plan.test_templates.TestGenerateSpecWithCategory" name="test_generate_spec_with_category" time="0.000" /><testcase classname="src.claude_skills.claude_skills.tests.unit.test_sdd_plan.test_templates.TestGenerateSpecWithCategory" name="test_generate_spec_without_category" time="0.001" /><testcase classname="src.claude_skills.claude_skills.tests.unit.test_sdd_plan.test_templates.TestGenerateSpecWithCategory" name="test_generate_spec_all_categories" time="0.001" /><testcase classname="src.claude_skills.claude_skills.tests.unit.test_sdd_plan.test_templates.TestGenerateSpecWithCategory" name="test_generate_spec_category_none" time="0.000" /><testcase classname="src.claude_skills.claude_skills.tests.unit.test_sdd_plan_review.test_cli_artifacts" name="test_cmd_review_persists_markdown_and_json" time="0.003" /><testcase classname="src.claude_skills.claude_skills.tests.unit.test_sdd_plan_review.test_cli_artifacts" name="test_cmd_review_respects_output_flag_while_persisting_defaults" time="0.003" /><testcase classname="src.claude_skills.claude_skills.tests.unit.test_sdd_plan_review.test_cli_artifacts" name="test_cmd_review_passes_model_override" time="0.003" /><testcase classname="src.claude_skills.claude_skills.tests.unit.test_sdd_plan_review.test_cli_artifacts" name="test_parse_model_override_helpers" time="0.000" /><testcase classname="src.claude_skills.claude_skills.tests.unit.test_sdd_plan_review.test_models" name="test_review_with_tools_uses_shared_model_resolver" time="3.493" /><testcase classname="src.claude_skills.claude_skills.tests.unit.test_sdd_render.test_ai_models" name="test_executive_summary_uses_model_override" time="0.004" /><testcase classname="src.claude_skills.claude_skills.tests.unit.test_sdd_render.test_ai_models" name="test_narrative_enhancer_uses_model_override" time="0.003" /><testcase classname="src.claude_skills.claude_skills.tests.unit.test_sdd_render.test_cli_models" name="test_parse_model_override_helper" time="0.000" /><testcase classname="src.claude_skills.claude_skills.tests.unit.test_sdd_render.test_cli_models" name="test_cmd_render_passes_model_override" time="0.002" /><testcase classname="src.claude_skills.claude_skills.tests.unit.test_sdd_render.test_complexity_scorer.TestComplexityScorer" name="test_initialization" time="0.000" /><testcase classname="src.claude_skills.claude_skills.tests.unit.test_sdd_render.test_complexity_scorer.TestComplexityScorer" name="test_simple_task_scoring" time="0.001" /><testcase classname="src.claude_skills.claude_skills.tests.unit.test_sdd_render.test_complexity_scorer.TestComplexityScorer" name="test_complex_task_scoring" time="0.000" /><testcase classname="src.claude_skills.claude_skills.tests.unit.test_sdd_render.test_complexity_scorer.TestComplexityScorer" name="test_depth_score_calculation" time="0.000" /><testcase classname="src.claude_skills.claude_skills.tests.unit.test_sdd_render.test_complexity_scorer.TestComplexityScorer" name="test_dependency_score_calculation" time="0.001" /><testcase classname="src.claude_skills.claude_skills.tests.unit.test_sdd_render.test_complexity_scorer.TestComplexityScorer" name="test_effort_score_calculation" time="0.001" /><testcase classname="src.claude_skills.claude_skills.tests.unit.test_sdd_render.test_complexity_scorer.TestComplexityScorer" name="test_complexity_levels" time="0.001" /><testcase classname="src.claude_skills.claude_skills.tests.unit.test_sdd_render.test_complexity_scorer.TestComplexityScorer" name="test_all_tasks_scoreable" time="0.001" /><testcase classname="src.claude_skills.claude_skills.tests.unit.test_sdd_render.test_complexity_scorer.TestComplexityScorer" name="test_rationale_generation" time="0.001" /><testcase classname="src.claude_skills.claude_skills.tests.unit.test_sdd_render.test_complexity_scorer.TestComplexityScorer" name="test_score_consistency" time="0.001" /><testcase classname="src.claude_skills.claude_skills.tests.unit.test_sdd_render.test_complexity_scorer.TestComplexityScorer" name="test_invalid_task_handling" time="0.001" /><testcase classname="src.claude_skills.claude_skills.tests.unit.test_sdd_render.test_dependency_graph.TestDependencyGraphGenerator" name="test_initialization" time="0.000" /><testcase classname="src.claude_skills.claude_skills.tests.unit.test_sdd_render.test_dependency_graph.TestDependencyGraphGenerator" name="test_basic_mermaid_generation" time="0.001" /><testcase classname="src.claude_skills.claude_skills.tests.unit.test_sdd_render.test_dependency_graph.TestDependencyGraphGenerator" name="test_flowchart_style" time="0.000" /><testcase classname="src.claude_skills.claude_skills.tests.unit.test_sdd_render.test_dependency_graph.TestDependencyGraphGenerator" name="test_graph_style" time="0.000" /><testcase classname="src.claude_skills.claude_skills.tests.unit.test_sdd_render.test_dependency_graph.TestDependencyGraphGenerator" name="test_nodes_generated" time="0.000" /><testcase classname="src.claude_skills.claude_skills.tests.unit.test_sdd_render.test_dependency_graph.TestDependencyGraphGenerator" name="test_edges_generated" time="0.000" /><testcase classname="src.claude_skills.claude_skills.tests.unit.test_sdd_render.test_dependency_graph.TestDependencyGraphGenerator" name="test_status_styling" time="0.000" /><testcase classname="src.claude_skills.claude_skills.tests.unit.test_sdd_render.test_dependency_graph.TestDependencyGraphGenerator" name="test_phase_grouping" time="0.001" /><testcase classname="src.claude_skills.claude_skills.tests.unit.test_sdd_render.test_dependency_graph.TestDependencyGraphGenerator" name="test_simplified_view" time="0.001" /><testcase classname="src.claude_skills.claude_skills.tests.unit.test_sdd_render.test_dependency_graph.TestDependencyGraphGenerator" name="test_critical_path_highlighting" time="0.000" /><testcase classname="src.claude_skills.claude_skills.tests.unit.test_sdd_render.test_dependency_graph.TestDependencyGraphGenerator" name="test_empty_spec_handling" time="0.000" /><testcase classname="src.claude_skills.claude_skills.tests.unit.test_sdd_render.test_dependency_graph.TestDependencyGraphGenerator" name="test_phase_filtering" time="0.000" /><testcase classname="src.claude_skills.claude_skills.tests.unit.test_sdd_render.test_dependency_graph.TestDependencyGraphGenerator" name="test_node_shapes_by_type" time="0.000" /><testcase classname="src.claude_skills.claude_skills.tests.unit.test_sdd_render.test_dependency_graph.TestDependencyGraphGenerator" name="test_blocked_task_highlighting" time="0.000" /><testcase classname="src.claude_skills.claude_skills.tests.unit.test_sdd_render.test_dependency_graph.TestDependencyGraphGenerator" name="test_dependency_arrow_types" time="0.000" /><testcase classname="src.claude_skills.claude_skills.tests.unit.test_sdd_render.test_markdown_parser.TestMarkdownParser" name="test_parse_header" time="0.000" /><testcase classname="src.claude_skills.claude_skills.tests.unit.test_sdd_render.test_markdown_parser.TestMarkdownParser" name="test_parse_objectives" time="0.000" /><testcase classname="src.claude_skills.claude_skills.tests.unit.test_sdd_render.test_markdown_parser.TestMarkdownParser" name="test_parse_complete_spec" time="0.001" /><testcase classname="src.claude_skills.claude_skills.tests.unit.test_sdd_render.test_markdown_parser.TestMarkdownParser" name="test_parse_phase" time="0.001" /><testcase classname="src.claude_skills.claude_skills.tests.unit.test_sdd_render.test_markdown_parser.TestMarkdownParser" name="test_parse_group" time="0.001" /><testcase classname="src.claude_skills.claude_skills.tests.unit.test_sdd_render.test_markdown_parser.TestMarkdownParser" name="test_parse_task" time="0.001" /><testcase classname="src.claude_skills.claude_skills.tests.unit.test_sdd_render.test_markdown_parser.TestMarkdownParser" name="test_parse_task_with_all_fields" time="0.000" /><testcase classname="src.claude_skills.claude_skills.tests.unit.test_sdd_render.test_markdown_parser.TestMarkdownParser" name="test_parse_verification" time="0.001" /><testcase classname="src.claude_skills.claude_skills.tests.unit.test_sdd_render.test_markdown_parser.TestMarkdownParser" name="test_parse_empty_spec" time="0.000" /><testcase classname="src.claude_skills.claude_skills.tests.unit.test_sdd_render.test_markdown_parser.TestMarkdownParser" name="test_parse_task_status_icons" time="0.000" /><testcase classname="src.claude_skills.claude_skills.tests.unit.test_sdd_render.test_markdown_parser.TestMarkdownParser" name="test_parse_preserves_raw_markdown" time="0.001" /><testcase classname="src.claude_skills.claude_skills.tests.unit.test_sdd_render.test_markdown_parser.TestMarkdownParserEdgeCases" name="test_parse_phase_without_progress" time="0.000" /><testcase classname="src.claude_skills.claude_skills.tests.unit.test_sdd_render.test_markdown_parser.TestMarkdownParserEdgeCases" name="test_parse_task_without_file_path" time="0.000" /><testcase classname="src.claude_skills.claude_skills.tests.unit.test_sdd_render.test_markdown_parser.TestMarkdownParserEdgeCases" name="test_parse_verification_without_command" time="0.000" /><testcase classname="src.claude_skills.claude_skills.tests.unit.test_sdd_render.test_markdown_parser.TestMarkdownParserEdgeCases" name="test_parse_multiple_phases" time="0.000" /><testcase classname="src.claude_skills.claude_skills.tests.unit.test_sdd_render.test_priority_ranker.TestPriorityRanker" name="test_initialization" time="0.000" /><testcase classname="src.claude_skills.claude_skills.tests.unit.test_sdd_render.test_priority_ranker.TestPriorityRanker" name="test_initialization_with_analyzer" time="0.000" /><testcase classname="src.claude_skills.claude_skills.tests.unit.test_sdd_render.test_priority_ranker.TestPriorityRanker" name="test_calculate_priority" time="0.000" /><testcase classname="src.claude_skills.claude_skills.tests.unit.test_sdd_render.test_priority_ranker.TestPriorityRanker" name="test_deterministic_ranking_single_run" time="0.001" /><testcase classname="src.claude_skills.claude_skills.tests.unit.test_sdd_render.test_priority_ranker.TestPriorityRanker" name="test_deterministic_priority_calculation" time="0.000" /><testcase classname="src.claude_skills.claude_skills.tests.unit.test_sdd_render.test_priority_ranker.TestPriorityRanker" name="test_deterministic_across_instances" time="0.001" /><testcase classname="src.claude_skills.claude_skills.tests.unit.test_sdd_render.test_priority_ranker.TestPriorityRanker" name="test_rank_tasks_pending_only" time="0.001" /><testcase classname="src.claude_skills.claude_skills.tests.unit.test_sdd_render.test_priority_ranker.TestPriorityRanker" name="test_rank_tasks_with_min_score" time="0.001" /><testcase classname="src.claude_skills.claude_skills.tests.unit.test_sdd_render.test_priority_ranker.TestPriorityRanker" name="test_get_top_priorities" time="0.000" /><testcase classname="src.claude_skills.claude_skills.tests.unit.test_sdd_render.test_priority_ranker.TestPriorityRanker" name="test_get_priority_breakdown" time="0.000" /><testcase classname="src.claude_skills.claude_skills.tests.unit.test_sdd_render.test_priority_ranker.TestPriorityRanker" name="test_high_risk_task_prioritization" time="0.000" /><testcase classname="src.claude_skills.claude_skills.tests.unit.test_sdd_render.test_priority_ranker.TestPriorityRanker" name="test_blocking_task_prioritization" time="0.000" /><testcase classname="src.claude_skills.claude_skills.tests.unit.test_sdd_render.test_priority_ranker.TestPriorityRanker" name="test_invalid_task_raises_error" time="0.001" /><testcase classname="src.claude_skills.claude_skills.tests.unit.test_sdd_render.test_priority_ranker.TestPriorityRanker" name="test_spec_root_excluded_from_ranking" time="0.000" /><testcase classname="src.claude_skills.claude_skills.tests.unit.test_sdd_render.test_priority_ranker.TestPriorityRanker" name="test_empty_spec_handles_gracefully" time="0.000" /><testcase classname="src.claude_skills.claude_skills.tests.unit.test_sdd_render.test_priority_ranker.TestPriorityRanker" name="test_deterministic_ordering_with_ties" time="0.000" /><testcase classname="src.claude_skills.claude_skills.tests.unit.test_sdd_render.test_priority_ranker.TestPriorityRanker" name="test_category_weights_applied_correctly" time="0.000" /><testcase classname="src.claude_skills.claude_skills.tests.unit.test_sdd_render.test_priority_ranker.TestPriorityRanker" name="test_effort_factor_affects_score" time="0.001" /><testcase classname="src.claude_skills.claude_skills.tests.unit.test_sdd_render.test_priority_ranker.TestPriorityRanker" name="test_dependency_penalty_applied" time="0.000" /><testcase classname="src.claude_skills.claude_skills.tests.unit.test_sdd_render.test_priority_ranker.TestPriorityRanker" name="test_rationale_generation" time="0.000" /><testcase classname="src.claude_skills.claude_skills.tests.unit.test_sdd_render.test_progressive_disclosure.TestDetailLevelCalculator" name="test_initialization" time="0.000" /><testcase classname="src.claude_skills.claude_skills.tests.unit.test_sdd_render.test_progressive_disclosure.TestDetailLevelCalculator" name="test_in_progress_task_gets_full_detail" time="0.000" /><testcase classname="src.claude_skills.claude_skills.tests.unit.test_sdd_render.test_progressive_disclosure.TestDetailLevelCalculator" name="test_completed_task_gets_summary" time="0.000" /><testcase classname="src.claude_skills.claude_skills.tests.unit.test_sdd_render.test_progressive_disclosure.TestDetailLevelCalculator" name="test_blocked_task_gets_medium_detail" time="0.000" /><testcase classname="src.claude_skills.claude_skills.tests.unit.test_sdd_render.test_progressive_disclosure.TestDetailLevelCalculator" name="test_high_priority_gets_more_detail" time="0.000" /><testcase classname="src.claude_skills.claude_skills.tests.unit.test_sdd_render.test_progressive_disclosure.TestDetailLevelCalculator" name="test_blocking_task_gets_more_detail" time="0.000" /><testcase classname="src.claude_skills.claude_skills.tests.unit.test_sdd_render.test_progressive_disclosure.TestDetailLevelCalculator" name="test_high_risk_gets_more_detail" time="0.000" /><testcase classname="src.claude_skills.claude_skills.tests.unit.test_sdd_render.test_progressive_disclosure.TestDetailLevelCalculator" name="test_user_focus_overrides_default" time="0.000" /><testcase classname="src.claude_skills.claude_skills.tests.unit.test_sdd_render.test_progressive_disclosure.TestDetailLevelCalculator" name="test_depth_level_affects_detail" time="0.000" /><testcase classname="src.claude_skills.claude_skills.tests.unit.test_sdd_render.test_progressive_disclosure.TestDetailLevelCalculator" name="test_all_detail_levels_achievable" time="0.000" /><testcase classname="src.claude_skills.claude_skills.tests.unit.test_sdd_render.test_progressive_disclosure.TestDetailLevelCalculator" name="test_context_validation" time="0.000" /><testcase classname="src.claude_skills.claude_skills.tests.unit.test_sdd_render.test_progressive_disclosure.TestDetailLevelCalculator" name="test_priority_score_bounds" time="0.000" /><testcase classname="src.claude_skills.claude_skills.tests.unit.test_sdd_render.test_spec_analyzer.TestSpecAnalyzer" name="test_initialization" time="0.000" /><testcase classname="src.claude_skills.claude_skills.tests.unit.test_sdd_render.test_spec_analyzer.TestSpecAnalyzer" name="test_graph_building" time="0.000" /><testcase classname="src.claude_skills.claude_skills.tests.unit.test_sdd_render.test_spec_analyzer.TestSpecAnalyzer" name="test_critical_path" time="0.000" /><testcase classname="src.claude_skills.claude_skills.tests.unit.test_sdd_render.test_spec_analyzer.TestSpecAnalyzer" name="test_bottlenecks" time="0.000" /><testcase classname="src.claude_skills.claude_skills.tests.unit.test_sdd_render.test_spec_analyzer.TestSpecAnalyzer" name="test_topological_sort" time="0.001" /><testcase classname="src.claude_skills.claude_skills.tests.unit.test_sdd_render.test_spec_analyzer.TestSpecAnalyzer" name="test_task_depth" time="0.000" /><testcase classname="src.claude_skills.claude_skills.tests.unit.test_sdd_render.test_spec_analyzer.TestSpecAnalyzer" name="test_parallelizable_tasks" time="0.000" /><testcase classname="src.claude_skills.claude_skills.tests.unit.test_sdd_render.test_spec_analyzer.TestSpecAnalyzer" name="test_stats" time="0.000" /><testcase classname="src.claude_skills.claude_skills.tests.unit.test_sdd_render.test_spec_analyzer.TestSpecAnalyzer" name="test_empty_spec" time="0.000" /><testcase classname="src.claude_skills.claude_skills.tests.unit.test_sdd_render.test_task_grouper.TestTaskGrouper" name="test_initialization" time="0.000" /><testcase classname="src.claude_skills.claude_skills.tests.unit.test_sdd_render.test_task_grouper.TestTaskGrouper" name="test_initialization_with_analyzer" time="0.000" /><testcase classname="src.claude_skills.claude_skills.tests.unit.test_sdd_render.test_task_grouper.TestTaskGrouper" name="test_group_by_file" time="0.001" /><testcase classname="src.claude_skills.claude_skills.tests.unit.test_sdd_render.test_task_grouper.TestTaskGrouper" name="test_group_by_directory" time="0.000" /><testcase classname="src.claude_skills.claude_skills.tests.unit.test_sdd_render.test_task_grouper.TestTaskGrouper" name="test_group_by_category" time="0.001" /><testcase classname="src.claude_skills.claude_skills.tests.unit.test_sdd_render.test_task_grouper.TestTaskGrouper" name="test_group_by_risk" time="0.000" /><testcase classname="src.claude_skills.claude_skills.tests.unit.test_sdd_render.test_task_grouper.TestTaskGrouper" name="test_group_by_dependency" time="0.001" /><testcase classname="src.claude_skills.claude_skills.tests.unit.test_sdd_render.test_task_grouper.TestTaskGrouper" name="test_group_by_status" time="0.000" /><testcase classname="src.claude_skills.claude_skills.tests.unit.test_sdd_render.test_task_grouper.TestTaskGrouper" name="test_group_by_effort" time="0.000" /><testcase classname="src.claude_skills.claude_skills.tests.unit.test_sdd_render.test_task_grouper.TestTaskGrouper" name="test_complete_coverage" time="0.001" /><testcase classname="src.claude_skills.claude_skills.tests.unit.test_sdd_render.test_task_grouper.TestTaskGrouper" name="test_no_duplicate_coverage_within_strategy" time="0.001" /><testcase classname="src.claude_skills.claude_skills.tests.unit.test_sdd_render.test_task_grouper.TestTaskGrouper" name="test_status_filter" time="0.000" /><testcase classname="src.claude_skills.claude_skills.tests.unit.test_sdd_render.test_task_grouper.TestTaskGrouper" name="test_get_groups_with_strategy_enum" time="0.001" /><testcase classname="src.claude_skills.claude_skills.tests.unit.test_sdd_render.test_task_grouper.TestTaskGrouper" name="test_invalid_grouping_strategy" time="0.000" /><testcase classname="src.claude_skills.claude_skills.tests.unit.test_sdd_render.test_task_grouper.TestTaskGrouper" name="test_empty_spec_handles_gracefully" time="0.000" /><testcase classname="src.claude_skills.claude_skills.tests.unit.test_sdd_render.test_task_grouper.TestTaskGrouper" name="test_task_group_dataclass" time="0.000" /><testcase classname="src.claude_skills.claude_skills.tests.unit.test_sdd_render.test_task_grouper.TestTaskGrouper" name="test_metadata_consistency" time="0.000" /><testcase classname="src.claude_skills.claude_skills.tests.unit.test_sdd_render.test_task_grouper.TestTaskGrouper" name="test_group_descriptions_are_meaningful" time="0.001" /><testcase classname="src.claude_skills.claude_skills.tests.unit.test_sdd_render.test_task_grouper.TestTaskGrouper" name="test_tasks_without_metadata_handled_gracefully" time="0.000" /><testcase classname="src.claude_skills.claude_skills.tests.unit.test_sdd_spec_mod.test_add_node.TestAddNode" name="test_add_task_to_phase" time="0.001" /><testcase classname="src.claude_skills.claude_skills.tests.unit.test_sdd_spec_mod.test_add_node.TestAddNode" name="test_add_task_updates_parent_counts" time="0.000" /><testcase classname="src.claude_skills.claude_skills.tests.unit.test_sdd_spec_mod.test_add_node.TestAddNode" name="test_add_subtask_to_task" time="0.000" /><testcase classname="src.claude_skills.claude_skills.tests.unit.test_sdd_spec_mod.test_add_node.TestAddNode" name="test_add_node_at_position" time="0.000" /><testcase classname="src.claude_skills.claude_skills.tests.unit.test_sdd_spec_mod.test_add_node.TestAddNode" name="test_add_node_with_metadata" time="0.000" /><testcase classname="src.claude_skills.claude_skills.tests.unit.test_sdd_spec_mod.test_add_node.TestAddNode" name="test_add_node_with_dependencies" time="0.000" /><testcase classname="src.claude_skills.claude_skills.tests.unit.test_sdd_spec_mod.test_add_node.TestAddNode" name="test_add_node_duplicate_id_fails" time="0.000" /><testcase classname="src.claude_skills.claude_skills.tests.unit.test_sdd_spec_mod.test_add_node.TestAddNode" name="test_add_node_invalid_parent_raises_error" time="0.000" /><testcase classname="src.claude_skills.claude_skills.tests.unit.test_sdd_spec_mod.test_add_node.TestAddNode" name="test_add_node_missing_required_fields_raises_error" time="0.000" /><testcase classname="src.claude_skills.claude_skills.tests.unit.test_sdd_spec_mod.test_add_node.TestAddNode" name="test_add_node_invalid_type_fails" time="0.000" /><testcase classname="src.claude_skills.claude_skills.tests.unit.test_sdd_spec_mod.test_add_node.TestAddNode" name="test_add_node_empty_title_fails" time="0.000" /><testcase classname="src.claude_skills.claude_skills.tests.unit.test_sdd_spec_mod.test_add_node.TestAddNode" name="test_add_verify_node" time="0.000" /><testcase classname="src.claude_skills.claude_skills.tests.unit.test_sdd_spec_mod.test_add_node.TestAddNode" name="test_add_group_node" time="0.000" /><testcase classname="src.claude_skills.claude_skills.tests.unit.test_sdd_spec_mod.test_add_node.TestAddNode" name="test_propagate_task_count_increase" time="0.000" /><testcase classname="src.claude_skills.claude_skills.tests.unit.test_sdd_spec_mod.test_move_node.TestMoveNode" name="test_move_task_between_phases" time="0.000" /><testcase classname="src.claude_skills.claude_skills.tests.unit.test_sdd_spec_mod.test_move_node.TestMoveNode" name="test_move_task_with_position" time="0.000" /><testcase classname="src.claude_skills.claude_skills.tests.unit.test_sdd_spec_mod.test_move_node.TestMoveNode" name="test_move_task_with_subtasks" time="0.000" /><testcase classname="src.claude_skills.claude_skills.tests.unit.test_sdd_spec_mod.test_move_node.TestMoveNode" name="test_move_prevents_circular_dependency" time="0.000" /><testcase classname="src.claude_skills.claude_skills.tests.unit.test_sdd_spec_mod.test_move_node.TestMoveNode" name="test_move_to_same_parent_without_position" time="0.000" /><testcase classname="src.claude_skills.claude_skills.tests.unit.test_sdd_spec_mod.test_move_node.TestMoveNode" name="test_reposition_within_same_parent" time="0.000" /><testcase classname="src.claude_skills.claude_skills.tests.unit.test_sdd_spec_mod.test_move_node.TestMoveNode" name="test_move_nonexistent_node" time="0.000" /><testcase classname="src.claude_skills.claude_skills.tests.unit.test_sdd_spec_mod.test_move_node.TestMoveNode" name="test_move_to_nonexistent_parent" time="0.000" /><testcase classname="src.claude_skills.claude_skills.tests.unit.test_sdd_spec_mod.test_move_node.TestMoveNode" name="test_move_spec_root" time="0.001" /><testcase classname="src.claude_skills.claude_skills.tests.unit.test_sdd_spec_mod.test_move_node.TestMoveNode" name="test_move_with_invalid_position" time="0.000" /><testcase classname="src.claude_skills.claude_skills.tests.unit.test_sdd_spec_mod.test_move_node.TestMoveNode" name="test_move_with_negative_position" time="0.000" /><testcase classname="src.claude_skills.claude_skills.tests.unit.test_sdd_spec_mod.test_move_node.TestMoveNode" name="test_move_preserves_completed_tasks" time="0.000" /><testcase classname="src.claude_skills.claude_skills.tests.unit.test_sdd_spec_mod.test_move_node.TestMoveNode" name="test_move_updates_spec_root_counts" time="0.000" /><testcase classname="src.claude_skills.claude_skills.tests.unit.test_sdd_spec_mod.test_move_node.TestMoveNode" name="test_move_invalid_spec_data" time="0.001" /><testcase classname="src.claude_skills.claude_skills.tests.unit.test_sdd_spec_mod.test_remove_node.TestRemoveNode" name="test_remove_leaf_task" time="0.000" /><testcase classname="src.claude_skills.claude_skills.tests.unit.test_sdd_spec_mod.test_remove_node.TestRemoveNode" name="test_remove_node_updates_dependencies" time="0.000" /><testcase classname="src.claude_skills.claude_skills.tests.unit.test_sdd_spec_mod.test_remove_node.TestRemoveNode" name="test_remove_node_with_children_fails_without_cascade" time="0.000" /><testcase classname="src.claude_skills.claude_skills.tests.unit.test_sdd_spec_mod.test_remove_node.TestRemoveNode" name="test_remove_node_with_cascade" time="0.000" /><testcase classname="src.claude_skills.claude_skills.tests.unit.test_sdd_spec_mod.test_remove_node.TestRemoveNode" name="test_remove_node_nonexistent_raises_error" time="0.000" /><testcase classname="src.claude_skills.claude_skills.tests.unit.test_sdd_spec_mod.test_remove_node.TestRemoveNode" name="test_remove_spec_root_raises_error" time="0.001" /><testcase classname="src.claude_skills.claude_skills.tests.unit.test_sdd_spec_mod.test_remove_node.TestRemoveNode" name="test_remove_from_middle_of_children_list" time="0.000" /><testcase classname="src.claude_skills.claude_skills.tests.unit.test_sdd_spec_mod.test_remove_node.TestRemoveNode" name="test_remove_completed_task_updates_completed_count" time="0.000" /><testcase classname="src.claude_skills.claude_skills.tests.unit.test_sdd_spec_mod.test_remove_node.TestRemoveNode" name="test_collect_descendants" time="0.000" /><testcase classname="src.claude_skills.claude_skills.tests.unit.test_sdd_spec_mod.test_remove_node.TestRemoveNode" name="test_collect_descendants_with_nested_hierarchy" time="0.000" /><testcase classname="src.claude_skills.claude_skills.tests.unit.test_sdd_spec_mod.test_remove_node.TestRemoveNode" name="test_cleanup_dependencies" time="0.000" /><testcase classname="src.claude_skills.claude_skills.tests.unit.test_sdd_spec_mod.test_remove_node.TestRemoveNode" name="test_propagate_task_count_decrease" time="0.000" /><testcase classname="src.claude_skills.claude_skills.tests.unit.test_sdd_spec_mod.test_remove_node.TestRemoveNode" name="test_propagate_task_count_decrease_prevents_negative" time="0.000" /><testcase classname="src.claude_skills.claude_skills.tests.unit.test_sdd_spec_mod.test_remove_node.TestRemoveNode" name="test_remove_group_node" time="0.000" /><testcase classname="src.claude_skills.claude_skills.tests.unit.test_sdd_spec_mod.test_remove_node.TestRemoveNode" name="test_remove_verify_node" time="0.000" /><testcase classname="src.claude_skills.claude_skills.tests.unit.test_sdd_spec_mod.test_remove_node.TestRemoveNode" name="test_remove_node_with_complex_dependencies" time="0.000" /><testcase classname="src.claude_skills.claude_skills.tests.unit.test_sdd_spec_mod.test_transaction_support.TestSpecTransaction" name="test_transaction_commits_on_success" time="0.000" /><testcase classname="src.claude_skills.claude_skills.tests.unit.test_sdd_spec_mod.test_transaction_support.TestSpecTransaction" name="test_transaction_rolls_back_on_exception" time="0.000" /><testcase classname="src.claude_skills.claude_skills.tests.unit.test_sdd_spec_mod.test_transaction_support.TestSpecTransaction" name="test_transaction_with_multiple_operations" time="0.000" /><testcase classname="src.claude_skills.claude_skills.tests.unit.test_sdd_spec_mod.test_transaction_support.TestSpecTransaction" name="test_transaction_rollback_multiple_operations" time="0.000" /><testcase classname="src.claude_skills.claude_skills.tests.unit.test_sdd_spec_mod.test_transaction_support.TestTransactionalModify" name="test_transactional_modify_with_success" time="0.000" /><testcase classname="src.claude_skills.claude_skills.tests.unit.test_sdd_spec_mod.test_transaction_support.TestTransactionalModify" name="test_transactional_modify_with_operation_failure" time="0.001" /><testcase classname="src.claude_skills.claude_skills.tests.unit.test_sdd_spec_mod.test_transaction_support.TestTransactionalModify" name="test_transactional_modify_without_validation" time="0.000" /><testcase classname="src.claude_skills.claude_skills.tests.unit.test_sdd_spec_mod.test_transaction_support.TestTransactionalModify" name="test_transactional_modify_with_validation_failure" time="0.000" /><testcase classname="src.claude_skills.claude_skills.tests.unit.test_sdd_spec_mod.test_transaction_support.TestValidateSpecIntegrity" name="test_validate_valid_spec" time="0.000" /><testcase classname="src.claude_skills.claude_skills.tests.unit.test_sdd_spec_mod.test_transaction_support.TestValidateSpecIntegrity" name="test_validate_missing_parent" time="0.000" /><testcase classname="src.claude_skills.claude_skills.tests.unit.test_sdd_spec_mod.test_transaction_support.TestValidateSpecIntegrity" name="test_validate_missing_child" time="0.000" /><testcase classname="src.claude_skills.claude_skills.tests.unit.test_sdd_spec_mod.test_transaction_support.TestValidateSpecIntegrity" name="test_validate_bidirectional_parent_child" time="0.000" /><testcase classname="src.claude_skills.claude_skills.tests.unit.test_sdd_spec_mod.test_transaction_support.TestValidateSpecIntegrity" name="test_validate_spec_root_with_parent" time="0.000" /><testcase classname="src.claude_skills.claude_skills.tests.unit.test_sdd_spec_mod.test_transaction_support.TestValidateSpecIntegrity" name="test_validate_orphaned_node" time="0.000" /><testcase classname="src.claude_skills.claude_skills.tests.unit.test_sdd_spec_mod.test_transaction_support.TestValidateSpecIntegrity" name="test_validate_child_wrong_parent" time="0.000" /><testcase classname="src.claude_skills.claude_skills.tests.unit.test_sdd_spec_mod.test_transaction_support.TestTransactionIntegration" name="test_transaction_with_remove_node" time="0.000" /><testcase classname="src.claude_skills.claude_skills.tests.unit.test_sdd_spec_mod.test_transaction_support.TestTransactionIntegration" name="test_transactional_modify_with_complex_operation" time="0.000" /><testcase classname="src.claude_skills.claude_skills.tests.unit.test_sdd_spec_mod.test_update_node_field.TestUpdateNodeField" name="test_update_title" time="0.000" /><testcase classname="src.claude_skills.claude_skills.tests.unit.test_sdd_spec_mod.test_update_node_field.TestUpdateNodeField" name="test_update_description" time="0.000" /><testcase classname="src.claude_skills.claude_skills.tests.unit.test_sdd_spec_mod.test_update_node_field.TestUpdateNodeField" name="test_update_status" time="0.000" /><testcase classname="src.claude_skills.claude_skills.tests.unit.test_sdd_spec_mod.test_update_node_field.TestUpdateNodeField" name="test_update_status_invalid_value" time="0.000" /><testcase classname="src.claude_skills.claude_skills.tests.unit.test_sdd_spec_mod.test_update_node_field.TestUpdateNodeField" name="test_update_type" time="0.000" /><testcase classname="src.claude_skills.claude_skills.tests.unit.test_sdd_spec_mod.test_update_node_field.TestUpdateNodeField" name="test_update_type_invalid_value" time="0.000" /><testcase classname="src.claude_skills.claude_skills.tests.unit.test_sdd_spec_mod.test_update_node_field.TestUpdateNodeField" name="test_update_metadata_merges" time="0.000" /><testcase classname="src.claude_skills.claude_skills.tests.unit.test_sdd_spec_mod.test_update_node_field.TestUpdateNodeField" name="test_update_metadata_non_dict_fails" time="0.000" /><testcase classname="src.claude_skills.claude_skills.tests.unit.test_sdd_spec_mod.test_update_node_field.TestUpdateNodeField" name="test_update_dependencies" time="0.000" /><testcase classname="src.claude_skills.claude_skills.tests.unit.test_sdd_spec_mod.test_update_node_field.TestUpdateNodeField" name="test_update_dependencies_adds_missing_keys" time="0.000" /><testcase classname="src.claude_skills.claude_skills.tests.unit.test_sdd_spec_mod.test_update_node_field.TestUpdateNodeField" name="test_update_dependencies_non_dict_fails" time="0.000" /><testcase classname="src.claude_skills.claude_skills.tests.unit.test_sdd_spec_mod.test_update_node_field.TestUpdateNodeField" name="test_update_dependencies_invalid_list_fails" time="0.000" /><testcase classname="src.claude_skills.claude_skills.tests.unit.test_sdd_spec_mod.test_update_node_field.TestUpdateNodeField" name="test_update_protected_field_raises_error" time="0.000" /><testcase classname="src.claude_skills.claude_skills.tests.unit.test_sdd_spec_mod.test_update_node_field.TestUpdateNodeField" name="test_update_nonexistent_node_raises_error" time="0.000" /><testcase classname="src.claude_skills.claude_skills.tests.unit.test_sdd_spec_mod.test_update_node_field.TestUpdateNodeField" name="test_update_title_empty_fails" time="0.000" /><testcase classname="src.claude_skills.claude_skills.tests.unit.test_sdd_spec_mod.test_update_node_field.TestUpdateNodeField" name="test_update_title_strips_whitespace" time="0.000" /><testcase classname="src.claude_skills.claude_skills.tests.unit.test_sdd_spec_mod.test_update_node_field.TestUpdateNodeField" name="test_update_custom_field" time="0.000" /><testcase classname="src.claude_skills.claude_skills.tests.unit.test_sdd_spec_mod.test_update_node_field.TestUpdateNodeField" name="test_update_multiple_fields_sequentially" time="0.000" /><testcase classname="src.claude_skills.claude_skills.tests.unit.test_sdd_spec_mod.test_update_node_field.TestUpdateNodeField" name="test_update_field_returns_old_value" time="0.000" /><testcase classname="src.claude_skills.claude_skills.tests.unit.test_sdd_spec_mod.test_update_node_field.TestUpdateNodeField" name="test_update_field_none_old_value" time="0.001" /><testcase classname="src.claude_skills.claude_skills.tests.unit.test_sdd_spec_mod.test_update_node_field.TestUpdateNodeField" name="test_update_all_valid_statuses" time="0.000" /><testcase classname="src.claude_skills.claude_skills.tests.unit.test_sdd_spec_mod.test_update_node_field.TestUpdateNodeField" name="test_update_all_valid_types" time="0.000" /><testcase classname="src.claude_skills.claude_skills.tests.unit.test_sdd_update.test_journal.TestAddJournalEntry" name="test_add_journal_entry_basic" time="0.011" /><testcase classname="src.claude_skills.claude_skills.tests.unit.test_sdd_update.test_journal.TestAddJournalEntry" name="test_add_journal_entry_with_task_id" time="0.007" /><testcase classname="src.claude_skills.claude_skills.tests.unit.test_sdd_update.test_journal.TestAddJournalEntry" name="test_add_journal_entry_custom_author" time="0.007" /><testcase classname="src.claude_skills.claude_skills.tests.unit.test_sdd_update.test_journal.TestAddJournalEntry" name="test_add_journal_entry_updates_timestamp" time="0.006" /><testcase classname="src.claude_skills.claude_skills.tests.unit.test_sdd_update.test_journal.TestAddJournalEntry" name="test_add_journal_entry_dry_run" time="0.004" /><testcase classname="src.claude_skills.claude_skills.tests.unit.test_sdd_update.test_journal.TestAddJournalEntry" name="test_add_journal_entry_invalid_spec" time="0.003" /><testcase classname="src.claude_skills.claude_skills.tests.unit.test_sdd_update.test_journal.TestUpdateMetadata" name="test_update_metadata_simple" time="0.004" /><testcase classname="src.claude_skills.claude_skills.tests.unit.test_sdd_update.test_journal.TestUpdateMetadata" name="test_update_metadata_numeric_value" time="0.004" /><testcase classname="src.claude_skills.claude_skills.tests.unit.test_sdd_update.test_journal.TestUpdateMetadata" name="test_update_metadata_creates_metadata_object" time="0.004" /><testcase classname="src.claude_skills.claude_skills.tests.unit.test_sdd_update.test_journal.TestUpdateMetadata" name="test_update_metadata_dry_run" time="0.003" /><testcase classname="src.claude_skills.claude_skills.tests.unit.test_sdd_update.test_journal.TestAddRevisionEntry" name="test_add_revision_entry_basic" time="0.003" /><testcase classname="src.claude_skills.claude_skills.tests.unit.test_sdd_update.test_journal.TestAddRevisionEntry" name="test_add_revision_entry_custom_author" time="0.004" /><testcase classname="src.claude_skills.claude_skills.tests.unit.test_sdd_update.test_journal.TestAddRevisionEntry" name="test_add_revision_entry_multiple" time="0.004" /><testcase classname="src.claude_skills.claude_skills.tests.unit.test_sdd_update.test_journal.TestAddRevisionEntry" name="test_add_revision_entry_dry_run" time="0.003" /><testcase classname="src.claude_skills.claude_skills.tests.unit.test_sdd_update.test_journal.TestSyncMetadataFromState" name="test_sync_metadata_calculates_progress" time="0.004" /><testcase classname="src.claude_skills.claude_skills.tests.unit.test_sdd_update.test_journal.TestSyncMetadataFromState" name="test_sync_metadata_sets_completed_status" time="0.004" /><testcase classname="src.claude_skills.claude_skills.tests.unit.test_sdd_update.test_journal.TestSyncMetadataFromState" name="test_sync_metadata_finds_current_phase" time="0.004" /><testcase classname="src.claude_skills.claude_skills.tests.unit.test_sdd_update.test_journal.TestSyncMetadataFromState" name="test_sync_metadata_dry_run" time="0.003" /><testcase classname="src.claude_skills.claude_skills.tests.unit.test_sdd_update.test_lifecycle.TestMoveSpec" name="test_move_spec_to_completed" time="0.002" /><testcase classname="src.claude_skills.claude_skills.tests.unit.test_sdd_update.test_lifecycle.TestMoveSpec" name="test_move_spec_to_archived" time="0.002" /><testcase classname="src.claude_skills.claude_skills.tests.unit.test_sdd_update.test_lifecycle.TestMoveSpec" name="test_move_spec_to_active" time="0.002" /><testcase classname="src.claude_skills.claude_skills.tests.unit.test_sdd_update.test_lifecycle.TestMoveSpec" name="test_move_spec_invalid_target" time="0.002" /><testcase classname="src.claude_skills.claude_skills.tests.unit.test_sdd_update.test_lifecycle.TestMoveSpec" name="test_move_spec_file_not_found" time="0.002" /><testcase classname="src.claude_skills.claude_skills.tests.unit.test_sdd_update.test_lifecycle.TestMoveSpec" name="test_move_spec_target_exists" time="0.002" /><testcase classname="src.claude_skills.claude_skills.tests.unit.test_sdd_update.test_lifecycle.TestMoveSpec" name="test_move_spec_dry_run" time="0.002" /><testcase classname="src.claude_skills.claude_skills.tests.unit.test_sdd_update.test_lifecycle.TestCompleteSpec" name="test_complete_spec_all_tasks_done" time="0.003" /><testcase classname="src.claude_skills.claude_skills.tests.unit.test_sdd_update.test_lifecycle.TestCompleteSpec" name="test_complete_spec_without_actual_hours" time="0.004" /><testcase classname="src.claude_skills.claude_skills.tests.unit.test_sdd_update.test_lifecycle.TestCompleteSpec" name="test_complete_spec_without_time_data" time="0.004" /><testcase classname="src.claude_skills.claude_skills.tests.unit.test_sdd_update.test_lifecycle.TestCompleteSpec" name="test_complete_spec_incomplete_tasks" time="0.003" /><testcase classname="src.claude_skills.claude_skills.tests.unit.test_sdd_update.test_lifecycle.TestCompleteSpec" name="test_complete_spec_dry_run" time="0.003" /><testcase classname="src.claude_skills.claude_skills.tests.unit.test_sdd_update.test_lifecycle.TestCompleteSpec" name="test_complete_spec_creates_metadata" time="0.272" /><testcase classname="src.claude_skills.claude_skills.tests.unit.test_sdd_update.test_lifecycle.TestCompleteSpec" name="test_complete_spec_updates_last_updated" time="0.290" /><testcase classname="src.claude_skills.claude_skills.tests.unit.test_sdd_update.test_lifecycle.TestActivateSpec" name="test_activate_spec_success" time="0.003" /><testcase classname="src.claude_skills.claude_skills.tests.unit.test_sdd_update.test_lifecycle.TestActivateSpec" name="test_activate_spec_not_found" time="0.002" /><testcase classname="src.claude_skills.claude_skills.tests.unit.test_sdd_update.test_lifecycle.TestActivateSpec" name="test_activate_spec_already_active" time="0.003" /><testcase classname="src.claude_skills.claude_skills.tests.unit.test_sdd_update.test_query_operations.TestQueryTasks" name="test_query_all_tasks" time="0.003" /><testcase classname="src.claude_skills.claude_skills.tests.unit.test_sdd_update.test_query_operations.TestQueryTasks" name="test_query_by_status_pending" time="0.003" /><testcase classname="src.claude_skills.claude_skills.tests.unit.test_sdd_update.test_query_operations.TestQueryTasks" name="test_query_by_status_blocked" time="0.003" /><testcase classname="src.claude_skills.claude_skills.tests.unit.test_sdd_update.test_query_operations.TestQueryTasks" name="test_query_by_status_completed" time="0.003" /><testcase classname="src.claude_skills.claude_skills.tests.unit.test_sdd_update.test_query_operations.TestQueryTasks" name="test_query_by_type_task" time="0.003" /><testcase classname="src.claude_skills.claude_skills.tests.unit.test_sdd_update.test_query_operations.TestQueryTasks" name="test_query_by_type_phase" time="0.003" /><testcase classname="src.claude_skills.claude_skills.tests.unit.test_sdd_update.test_query_operations.TestQueryTasks" name="test_query_by_parent" time="0.003" /><testcase classname="src.claude_skills.claude_skills.tests.unit.test_sdd_update.test_query_operations.TestQueryTasks" name="test_query_invalid_spec_id" time="0.002" /><testcase classname="src.claude_skills.claude_skills.tests.unit.test_sdd_update.test_query_operations.TestGetTask" name="test_get_existing_task" time="0.003" /><testcase classname="src.claude_skills.claude_skills.tests.unit.test_sdd_update.test_query_operations.TestGetTask" name="test_get_task_with_metadata" time="0.002" /><testcase classname="src.claude_skills.claude_skills.tests.unit.test_sdd_update.test_query_operations.TestGetTask" name="test_get_task_with_dependencies" time="0.003" /><testcase classname="src.claude_skills.claude_skills.tests.unit.test_sdd_update.test_query_operations.TestGetTask" name="test_get_nonexistent_task" time="0.003" /><testcase classname="src.claude_skills.claude_skills.tests.unit.test_sdd_update.test_query_operations.TestGetTask" name="test_get_task_invalid_spec" time="0.002" /><testcase classname="src.claude_skills.claude_skills.tests.unit.test_sdd_update.test_query_operations.TestListPhases" name="test_list_all_phases" time="0.003" /><testcase classname="src.claude_skills.claude_skills.tests.unit.test_sdd_update.test_query_operations.TestListPhases" name="test_list_phases_with_progress" time="0.002" /><testcase classname="src.claude_skills.claude_skills.tests.unit.test_sdd_update.test_query_operations.TestListPhases" name="test_list_phases_invalid_spec" time="0.002" /><testcase classname="src.claude_skills.claude_skills.tests.unit.test_sdd_update.test_query_operations.TestListPhases" name="test_list_phases_empty" time="0.002" /><testcase classname="src.claude_skills.claude_skills.tests.unit.test_sdd_update.test_query_operations.TestCheckComplete" name="test_check_completed_spec" time="0.002" /><testcase classname="src.claude_skills.claude_skills.tests.unit.test_sdd_update.test_query_operations.TestCheckComplete" name="test_check_incomplete_spec" time="0.002" /><testcase classname="src.claude_skills.claude_skills.tests.unit.test_sdd_update.test_query_operations.TestCheckComplete" name="test_check_phase_complete" time="0.002" /><testcase classname="src.claude_skills.claude_skills.tests.unit.test_sdd_update.test_query_operations.TestCheckComplete" name="test_check_phase_incomplete" time="0.003" /><testcase classname="src.claude_skills.claude_skills.tests.unit.test_sdd_update.test_query_operations.TestCheckComplete" name="test_check_nonexistent_phase" time="0.003" /><testcase classname="src.claude_skills.claude_skills.tests.unit.test_sdd_update.test_query_operations.TestCheckComplete" name="test_check_invalid_spec" time="0.002" /><testcase classname="src.claude_skills.claude_skills.tests.unit.test_sdd_update.test_query_operations.TestPhaseTime" name="test_phase_with_time_data" time="0.002" /><testcase classname="src.claude_skills.claude_skills.tests.unit.test_sdd_update.test_query_operations.TestPhaseTime" name="test_phase_without_time_data" time="0.002" /><testcase classname="src.claude_skills.claude_skills.tests.unit.test_sdd_update.test_query_operations.TestPhaseTime" name="test_phase_time_variance_positive" time="0.002" /><testcase classname="src.claude_skills.claude_skills.tests.unit.test_sdd_update.test_query_operations.TestPhaseTime" name="test_phase_time_variance_negative" time="0.002" /><testcase classname="src.claude_skills.claude_skills.tests.unit.test_sdd_update.test_query_operations.TestPhaseTime" name="test_phase_time_nonexistent_phase" time="0.002" /><testcase classname="src.claude_skills.claude_skills.tests.unit.test_sdd_update.test_query_operations.TestPhaseTime" name="test_phase_time_invalid_spec" time="0.002" /><testcase classname="src.claude_skills.claude_skills.tests.unit.test_sdd_update.test_query_operations.TestListBlockers" name="test_list_blocked_tasks" time="0.002" /><testcase classname="src.claude_skills.claude_skills.tests.unit.test_sdd_update.test_query_operations.TestListBlockers" name="test_list_no_blockers" time="0.003" /><testcase classname="src.claude_skills.claude_skills.tests.unit.test_sdd_update.test_query_operations.TestListBlockers" name="test_list_blockers_metadata" time="0.003" /><testcase classname="src.claude_skills.claude_skills.tests.unit.test_sdd_update.test_query_operations.TestListBlockers" name="test_list_blockers_invalid_spec" time="0.002" /><testcase classname="src.claude_skills.claude_skills.tests.unit.test_sdd_update.test_query_operations.TestGetJournalEntries" name="test_get_all_journal_entries" time="0.002" /><testcase classname="src.claude_skills.claude_skills.tests.unit.test_sdd_update.test_query_operations.TestGetJournalEntries" name="test_get_journal_entries_filtered_by_task" time="0.002" /><testcase classname="src.claude_skills.claude_skills.tests.unit.test_sdd_update.test_query_operations.TestGetJournalEntries" name="test_get_journal_entries_empty" time="0.002" /><testcase classname="src.claude_skills.claude_skills.tests.unit.test_sdd_update.test_query_operations.TestGetJournalEntries" name="test_get_journal_entries_no_matching_task" time="0.002" /><testcase classname="src.claude_skills.claude_skills.tests.unit.test_sdd_update.test_query_operations.TestGetJournalEntries" name="test_get_journal_entries_invalid_spec" time="0.002" /><testcase classname="src.claude_skills.claude_skills.tests.unit.test_sdd_update.test_query_operations.TestGetTaskJournal" name="test_get_task_journal" time="0.002" /><testcase classname="src.claude_skills.claude_skills.tests.unit.test_sdd_update.test_query_operations.TestGetTaskWithJournal" name="test_get_task_with_journal" time="0.002" /><testcase classname="src.claude_skills.claude_skills.tests.unit.test_sdd_update.test_query_operations.TestGetTaskWithJournal" name="test_get_task_without_journal" time="0.002" /><testcase classname="src.claude_skills.claude_skills.tests.unit.test_sdd_update.test_query_operations.TestGetTaskWithJournal" name="test_get_task_with_journal_no_entries" time="0.002" /><testcase classname="src.claude_skills.claude_skills.tests.unit.test_sdd_update.test_status.TestUpdateTaskStatus" name="test_started_at_resets_on_each_in_progress_transition" time="0.025" /><testcase classname="src.claude_skills.claude_skills.tests.unit.test_sdd_update.test_status.TestUpdateTaskStatus" name="test_started_at_set_on_first_in_progress" time="0.003" /><testcase classname="src.claude_skills.claude_skills.tests.unit.test_sdd_update.test_status.TestUpdateTaskStatus" name="test_completed_at_set_on_completion" time="0.002" /><testcase classname="src.claude_skills.claude_skills.tests.unit.test_sdd_update.test_status_report_layout.TestPhasePreparation" name="test_prepare_phases_table_data_returns_sorted_rows" time="0.001" /><testcase classname="src.claude_skills.claude_skills.tests.unit.test_sdd_update.test_status_report_layout.TestPhasePreparation" name="test_prepare_phases_table_handles_empty_spec" time="0.001" /><testcase classname="src.claude_skills.claude_skills.tests.unit.test_sdd_update.test_status_report_layout.TestProgressPreparation" name="test_prepare_progress_data_populates_metrics" time="0.000" /><testcase classname="src.claude_skills.claude_skills.tests.unit.test_sdd_update.test_status_report_layout.TestProgressPreparation" name="test_prepare_progress_data_with_no_tasks" time="0.000" /><testcase classname="src.claude_skills.claude_skills.tests.unit.test_sdd_update.test_status_report_layout.TestBlockerPreparation" name="test_prepare_blockers_data_includes_reason" time="0.000" /><testcase classname="src.claude_skills.claude_skills.tests.unit.test_sdd_update.test_status_report_layout.TestBlockerPreparation" name="test_prepare_blockers_data_without_blockers" time="0.000" /><testcase classname="src.claude_skills.claude_skills.tests.unit.test_sdd_update.test_status_report_layout.TestBlockerPreparation" name="test_prepare_blockers_data_limits_display" time="0.000" /><testcase classname="src.claude_skills.claude_skills.tests.unit.test_sdd_update.test_status_report_layout.TestLayoutRendering" name="test_create_status_layout_renders_panels" time="0.007" /><testcase classname="src.claude_skills.claude_skills.tests.unit.test_sdd_update.test_status_report_layout.TestLayoutRendering" name="test_print_status_report_uses_rich_ui" time="0.005" /><testcase classname="src.claude_skills.claude_skills.tests.unit.test_sdd_update.test_status_report_layout.TestStatusSummary" name="test_get_status_summary_counts_tasks" time="0.000" /><testcase classname="src.claude_skills.claude_skills.tests.unit.test_sdd_update.test_status_report_layout.TestStatusSummary" name="test_get_status_summary_handles_empty_spec" time="0.001" /><testcase classname="src.claude_skills.claude_skills.tests.unit.test_sdd_update.test_time_tracking.TestCalculateTimeFromTimestamps" name="test_calculate_time_basic" time="0.000" /><testcase classname="src.claude_skills.claude_skills.tests.unit.test_sdd_update.test_time_tracking.TestCalculateTimeFromTimestamps" name="test_calculate_time_whole_hours" time="0.000" /><testcase classname="src.claude_skills.claude_skills.tests.unit.test_sdd_update.test_time_tracking.TestCalculateTimeFromTimestamps" name="test_calculate_time_fractional" time="0.000" /><testcase classname="src.claude_skills.claude_skills.tests.unit.test_sdd_update.test_time_tracking.TestCalculateTimeFromTimestamps" name="test_calculate_time_across_days" time="0.000" /><testcase classname="src.claude_skills.claude_skills.tests.unit.test_sdd_update.test_time_tracking.TestCalculateTimeFromTimestamps" name="test_calculate_time_with_timezone_offset" time="0.000" /><testcase classname="src.claude_skills.claude_skills.tests.unit.test_sdd_update.test_time_tracking.TestCalculateTimeFromTimestamps" name="test_calculate_time_invalid_format" time="0.000" /><testcase classname="src.claude_skills.claude_skills.tests.unit.test_sdd_update.test_time_tracking.TestCalculateTimeFromTimestamps" name="test_calculate_time_negative_duration" time="0.000" /><testcase classname="src.claude_skills.claude_skills.tests.unit.test_sdd_update.test_time_tracking.TestCalculateTimeFromTimestamps" name="test_calculate_time_same_timestamp" time="0.000" /><testcase classname="src.claude_skills.claude_skills.tests.unit.test_sdd_update.test_time_tracking.TestCalculateTimeFromTimestamps" name="test_calculate_time_with_seconds" time="0.000" /><testcase classname="src.claude_skills.claude_skills.tests.unit.test_sdd_update.test_time_tracking.TestCalculateTimeFromTimestamps" name="test_calculate_time_missing_z_suffix" time="0.000" /><testcase classname="src.claude_skills.claude_skills.tests.unit.test_sdd_update.test_time_tracking.TestCalculateTimeFromTimestamps" name="test_calculate_time_one_hour" time="0.000" /><testcase classname="src.claude_skills.claude_skills.tests.unit.test_sdd_update.test_time_tracking.TestCalculateTimeFromTimestamps" name="test_calculate_time_two_and_half_hours" time="0.000" /><testcase classname="src.claude_skills.claude_skills.tests.unit.test_sdd_update.test_time_tracking.TestCalculateTimeFromTimestamps" name="test_calculate_time_six_minutes" time="0.000" /><testcase classname="src.claude_skills.claude_skills.tests.unit.test_sdd_update.test_time_tracking.TestCalculateTimeFromTimestamps" name="test_calculate_time_over_24_hours" time="0.000" /><testcase classname="src.claude_skills.claude_skills.tests.unit.test_sdd_update.test_time_tracking.TestCalculateTimeFromTimestamps" name="test_calculate_time_none_input" time="0.000" /><testcase classname="src.claude_skills.claude_skills.tests.unit.test_sdd_update.test_time_tracking.TestCalculateTimeFromTimestamps" name="test_calculate_time_empty_string" time="0.000" /><testcase classname="src.claude_skills.claude_skills.tests.unit.test_sdd_update.test_time_tracking.TestCalculateTimeFromTimestamps" name="test_calculate_time_both_none" time="0.000" /><testcase classname="src.claude_skills.claude_skills.tests.unit.test_sdd_update.test_time_tracking.TestCalculateTimeFromTimestamps" name="test_calculate_time_end_none" time="0.000" /><testcase classname="src.claude_skills.claude_skills.tests.unit.test_sdd_update.test_time_tracking.TestCalculateTimeFromTimestamps" name="test_calculate_time_whitespace_strings" time="0.000" /><testcase classname="src.claude_skills.claude_skills.tests.unit.test_sdd_update.test_time_tracking.TestCalculateTimeFromTimestamps" name="test_calculate_time_very_large_difference" time="0.001" /><testcase classname="src.claude_skills.claude_skills.tests.unit.test_sdd_update.test_time_tracking.TestCalculateTimeFromTimestamps" name="test_calculate_time_with_printer_none_input" time="0.000" /><testcase classname="src.claude_skills.claude_skills.tests.unit.test_sdd_update.test_time_tracking.TestCalculateTimeFromTimestamps" name="test_calculate_time_with_printer_invalid_format" time="0.000" /><testcase classname="src.claude_skills.claude_skills.tests.unit.test_sdd_update.test_time_tracking.TestCalculateTimeFromTimestamps" name="test_calculate_time_with_printer_negative_duration" time="0.000" /><testcase classname="src.claude_skills.claude_skills.tests.unit.test_sdd_update.test_time_tracking.TestValidateTimestampPair" name="test_validate_timestamp_pair_valid" time="0.000" /><testcase classname="src.claude_skills.claude_skills.tests.unit.test_sdd_update.test_time_tracking.TestValidateTimestampPair" name="test_validate_timestamp_pair_none_start" time="0.000" /><testcase classname="src.claude_skills.claude_skills.tests.unit.test_sdd_update.test_time_tracking.TestValidateTimestampPair" name="test_validate_timestamp_pair_none_end" time="0.000" /><testcase classname="src.claude_skills.claude_skills.tests.unit.test_sdd_update.test_time_tracking.TestValidateTimestampPair" name="test_validate_timestamp_pair_empty_start" time="0.000" /><testcase classname="src.claude_skills.claude_skills.tests.unit.test_sdd_update.test_time_tracking.TestValidateTimestampPair" name="test_validate_timestamp_pair_invalid_format" time="0.000" /><testcase classname="src.claude_skills.claude_skills.tests.unit.test_sdd_update.test_time_tracking.TestValidateTimestampPair" name="test_validate_timestamp_pair_negative_disallowed" time="0.000" /><testcase classname="src.claude_skills.claude_skills.tests.unit.test_sdd_update.test_time_tracking.TestValidateTimestampPair" name="test_validate_timestamp_pair_negative_allowed" time="0.000" /><testcase classname="src.claude_skills.claude_skills.tests.unit.test_sdd_update.test_time_tracking.TestValidateTimestampPair" name="test_validate_timestamp_pair_with_printer" time="0.000" /><testcase classname="src.claude_skills.claude_skills.tests.unit.test_sdd_update.test_time_tracking.TestAggregateTaskTimes" name="test_aggregate_task_times_basic" time="0.001" /><testcase classname="src.claude_skills.claude_skills.tests.unit.test_sdd_update.test_time_tracking.TestAggregateTaskTimes" name="test_aggregate_task_times_no_data" time="0.001" /><testcase classname="src.claude_skills.claude_skills.tests.unit.test_sdd_update.test_time_tracking.TestAggregateTaskTimes" name="test_aggregate_task_times_partial_data" time="0.001" /><testcase classname="src.claude_skills.claude_skills.tests.unit.test_sdd_update.test_time_tracking.TestAggregateTaskTimes" name="test_aggregate_task_times_nonexistent_spec" time="0.001" /><testcase classname="src.claude_skills.claude_skills.tests.unit.test_sdd_update.test_time_tracking.TestAggregateTaskTimes" name="test_aggregate_task_times_empty_hierarchy" time="0.001" /><testcase classname="src.claude_skills.claude_skills.tests.unit.test_sdd_update.test_time_tracking.TestAggregateTaskTimes" name="test_aggregate_task_times_mixed_node_types" time="0.001" /><testcase classname="src.claude_skills.claude_skills.tests.unit.test_sdd_update.test_time_tracking.TestAggregateTaskTimes" name="test_aggregate_task_times_invalid_values" time="0.001" /><testcase classname="src.claude_skills.claude_skills.tests.unit.test_sdd_update.test_time_tracking.TestAggregateTaskTimes" name="test_aggregate_task_times_precision" time="0.001" /><testcase classname="src.claude_skills.claude_skills.tests.unit.test_sdd_update.test_time_tracking.TestAggregateTaskTimes" name="test_aggregate_task_times_with_printer" time="0.001" /><testcase classname="src.claude_skills.claude_skills.tests.unit.test_sdd_update.test_time_tracking.TestAggregateTaskTimes" name="test_aggregate_task_times_single_task" time="0.001" /><testcase classname="src.claude_skills.claude_skills.tests.unit.test_sdd_update.test_time_tracking.TestAggregateTaskTimes" name="test_aggregate_task_times_zero_hours" time="0.001" /><testcase classname="src.claude_skills.claude_skills.tests.unit.test_sdd_update.test_time_tracking.TestAggregateTaskTimes" name="test_aggregate_task_times_negative_hours" time="0.001" /><testcase classname="src.claude_skills.claude_skills.tests.unit.test_sdd_update.test_verification.TestAddVerificationResult" name="test_add_verification_result_passed" time="0.003" /><testcase classname="src.claude_skills.claude_skills.tests.unit.test_sdd_update.test_verification.TestAddVerificationResult" name="test_add_verification_result_failed" time="0.003" /><testcase classname="src.claude_skills.claude_skills.tests.unit.test_sdd_update.test_verification.TestAddVerificationResult" name="test_add_verification_result_partial" time="0.003" /><testcase classname="src.claude_skills.claude_skills.tests.unit.test_sdd_update.test_verification.TestAddVerificationResult" name="test_add_verification_result_updates_timestamp" time="0.004" /><testcase classname="src.claude_skills.claude_skills.tests.unit.test_sdd_update.test_verification.TestAddVerificationResult" name="test_add_verification_result_invalid_status" time="0.002" /><testcase classname="src.claude_skills.claude_skills.tests.unit.test_sdd_update.test_verification.TestAddVerificationResult" name="test_add_verification_result_nonexistent_verify_id" time="0.002" /><testcase classname="src.claude_skills.claude_skills.tests.unit.test_sdd_update.test_verification.TestAddVerificationResult" name="test_add_verification_result_dry_run" time="0.003" /><testcase classname="src.claude_skills.claude_skills.tests.unit.test_sdd_update.test_verification.TestAddVerificationResult" name="test_add_verification_result_minimal" time="0.003" /><testcase classname="src.claude_skills.claude_skills.tests.unit.test_sdd_update.test_verification.TestFormatVerificationSummary" name="test_format_verification_summary_all_passed" time="0.000" /><testcase classname="src.claude_skills.claude_skills.tests.unit.test_sdd_update.test_verification.TestFormatVerificationSummary" name="test_format_verification_summary_mixed_results" time="0.000" /><testcase classname="src.claude_skills.claude_skills.tests.unit.test_sdd_update.test_verification.TestFormatVerificationSummary" name="test_format_verification_summary_empty_list" time="0.000" /><testcase classname="src.claude_skills.claude_skills.tests.unit.test_sdd_update.test_verification.TestFormatVerificationSummary" name="test_format_verification_summary_includes_command" time="0.000" /><testcase classname="src.claude_skills.claude_skills.tests.unit.test_sdd_update.test_verification.TestFormatVerificationSummary" name="test_format_verification_summary_includes_notes" time="0.001" /><testcase classname="src.claude_skills.claude_skills.tests.unit.test_sdd_update.test_workflow.TestCompleteTaskWorkflow" name="test_complete_task_workflow_auto_calculates_time" time="0.003" /><testcase classname="src.claude_skills.claude_skills.tests.unit.test_sdd_update.test_workflow.TestCompleteTaskWorkflow" name="test_complete_task_workflow_manual_hours_not_overridden" time="0.003" /><testcase classname="src.claude_skills.claude_skills.tests.unit.test_sdd_update.test_workflow.TestCompleteTaskWorkflow" name="test_complete_task_workflow_no_started_at_no_calculation" time="0.003" /><testcase classname="src.claude_skills.claude_skills.tests.unit.test_sdd_update.test_workflow.TestCompleteTaskWorkflow" name="test_complete_task_workflow_journals_parent_nodes" time="0.004" /><testcase classname="src.claude_skills.claude_skills.tests.unit.test_sdd_update.test_workflow.TestCompleteTaskWorkflow" name="test_complete_task_workflow_journals_multiple_parent_levels" time="0.005" /><testcase classname="src.claude_skills.claude_skills.tests.unit.test_sdd_update.test_workflow.TestCompleteTaskWorkflow" name="test_complete_task_workflow_does_not_journal_already_completed_parents" time="0.003" /><testcase classname="src.claude_skills.claude_skills.tests.unit.test_sdd_validate.test_fix" name="test_collect_fix_actions_empty" time="0.001" /><testcase classname="src.claude_skills.claude_skills.tests.unit.test_sdd_validate.test_fix" name="test_collect_fix_actions_with_enhanced_errors" time="0.000" /><testcase classname="src.claude_skills.claude_skills.tests.unit.test_sdd_validate.test_fix" name="test_build_counts_action" time="0.000" /><testcase classname="src.claude_skills.claude_skills.tests.unit.test_sdd_validate.test_fix" name="test_build_metadata_action" time="0.000" /><testcase classname="src.claude_skills.claude_skills.tests.unit.test_sdd_validate.test_fix" name="test_build_metadata_action_verify" time="0.000" /><testcase classname="src.claude_skills.claude_skills.tests.unit.test_sdd_validate.test_fix" name="test_build_task_category_action" time="0.000" /><testcase classname="src.claude_skills.claude_skills.tests.unit.test_sdd_validate.test_fix" name="test_build_task_category_action_investigation" time="0.000" /><testcase classname="src.claude_skills.claude_skills.tests.unit.test_sdd_validate.test_fix" name="test_build_hierarchy_action" time="0.000" /><testcase classname="src.claude_skills.claude_skills.tests.unit.test_sdd_validate.test_fix" name="test_build_date_action" time="0.001" /><testcase classname="src.claude_skills.claude_skills.tests.unit.test_sdd_validate.test_fix" name="test_build_status_action" time="0.000" /><testcase classname="src.claude_skills.claude_skills.tests.unit.test_sdd_validate.test_fix" name="test_normalize_timestamp" time="0.001" /><testcase classname="src.claude_skills.claude_skills.tests.unit.test_sdd_validate.test_fix" name="test_normalize_status" time="0.000" /><testcase classname="src.claude_skills.claude_skills.tests.unit.test_sdd_validate.test_fix" name="test_apply_fix_actions_dry_run" time="0.002" /><testcase classname="src.claude_skills.claude_skills.tests.unit.test_sdd_validate.test_fix" name="test_apply_fix_actions_real_apply" time="0.004" /><testcase classname="src.claude_skills.claude_skills.tests.unit.test_sdd_validate.test_fix" name="test_apply_fix_actions_handles_errors" time="0.003" /><testcase classname="src.claude_skills.claude_skills.tests.unit.test_sdd_validate.test_fix" name="test_collect_fix_actions_deduplicates" time="0.000" /><testcase classname="src.claude_skills.claude_skills.tests.unit.test_sdd_validate.test_fix" name="test_build_placeholder_file_path_action_category_name" time="0.000" /><testcase classname="src.claude_skills.claude_skills.tests.unit.test_sdd_validate.test_fix" name="test_build_placeholder_file_path_action_tbd" time="0.000" /><testcase classname="src.claude_skills.claude_skills.tests.unit.test_sdd_validate.test_fix" name="test_build_placeholder_file_path_action_case_insensitive" time="0.000" /><testcase classname="src.claude_skills.claude_skills.tests.unit.test_sdd_validate.test_fix" name="test_build_placeholder_file_path_action_all_placeholders" time="0.000" /><testcase classname="src.claude_skills.claude_skills.tests.unit.test_sdd_validate.test_fix" name="test_build_placeholder_file_path_action_non_placeholder" time="0.000" /><testcase classname="src.claude_skills.claude_skills.tests.unit.test_sdd_validate.test_fix" name="test_build_placeholder_file_path_action_no_file_path" time="0.000" /><testcase classname="src.claude_skills.claude_skills.tests.unit.test_sdd_validate.test_fix" name="test_build_placeholder_file_path_action_subtask" time="0.000" /><testcase classname="src.claude_skills.claude_skills.tests.unit.test_sdd_validate.test_fix" name="test_build_placeholder_file_path_action_non_task_node" time="0.000" /><testcase classname="src.claude_skills.claude_skills.tests.unit.test_sdd_validate.test_fix" name="test_build_placeholder_file_path_action_preserves_existing_category" time="0.000" /><testcase classname="src.claude_skills.claude_skills.tests.unit.test_sdd_validate.test_fix" name="test_build_placeholder_file_path_action_whitespace" time="0.001" /><testcase classname="src.claude_skills.claude_skills.tests.unit.test_sdd_validate.test_fix" name="test_build_placeholder_file_path_action_tbd_maps_to_decision" time="0.000" /><testcase classname="src.claude_skills.claude_skills.tests.unit.test_sdd_validate.test_fix" name="test_build_placeholder_file_path_action_category_mapping" time="0.000" /><testcase classname="src.claude_skills.claude_skills.tests.unit.test_sdd_validate.test_fix" name="test_build_placeholder_file_path_action_generic_placeholder_uses_title" time="0.000" /><testcase classname="src.claude_skills.claude_skills.tests.unit.test_sdd_validate.test_fix" name="test_build_placeholder_file_path_action_preview_shows_category" time="0.000" /><testcase classname="src.claude_skills.claude_skills.tests.unit.test_sdd_validate.test_formatting" name="test_normalize_validation_result_clean" time="0.000" /><testcase classname="src.claude_skills.claude_skills.tests.unit.test_sdd_validate.test_formatting" name="test_normalize_validation_result_with_errors" time="0.000" /><testcase classname="src.claude_skills.claude_skills.tests.unit.test_sdd_validate.test_formatting" name="test_normalize_validation_result_with_warnings" time="0.000" /><testcase classname="src.claude_skills.claude_skills.tests.unit.test_sdd_validate.test_formatting" name="test_format_validation_summary_basic" time="0.000" /><testcase classname="src.claude_skills.claude_skills.tests.unit.test_sdd_validate.test_formatting" name="test_format_validation_summary_verbose" time="0.000" /><testcase classname="src.claude_skills.claude_skills.tests.unit.test_sdd_validate.test_formatting" name="test_normalized_validation_result_properties" time="0.000" /><testcase classname="src.claude_skills.claude_skills.tests.unit.test_sdd_validate.test_reporting" name="test_generate_report_markdown_clean" time="0.000" /><testcase classname="src.claude_skills.claude_skills.tests.unit.test_sdd_validate.test_reporting" name="test_generate_report_markdown_with_errors" time="0.000" /><testcase classname="src.claude_skills.claude_skills.tests.unit.test_sdd_validate.test_reporting" name="test_generate_report_markdown_with_warnings" time="0.000" /><testcase classname="src.claude_skills.claude_skills.tests.unit.test_sdd_validate.test_reporting" name="test_generate_report_json_clean" time="0.000" /><testcase classname="src.claude_skills.claude_skills.tests.unit.test_sdd_validate.test_reporting" name="test_generate_report_json_with_errors" time="0.000" /><testcase classname="src.claude_skills.claude_skills.tests.unit.test_sdd_validate.test_reporting" name="test_generate_report_with_stats" time="0.000" /><testcase classname="src.claude_skills.claude_skills.tests.unit.test_sdd_validate.test_reporting" name="test_generate_report_with_stats_json" time="0.000" /><testcase classname="src.claude_skills.claude_skills.tests.unit.test_sdd_validate.test_reporting" name="test_generate_report_with_dependencies_cycles" time="0.000" /><testcase classname="src.claude_skills.claude_skills.tests.unit.test_sdd_validate.test_reporting" name="test_generate_report_with_dependencies_orphaned" time="0.000" /><testcase classname="src.claude_skills.claude_skills.tests.unit.test_sdd_validate.test_reporting" name="test_generate_report_with_dependencies_deadlocks" time="0.000" /><testcase classname="src.claude_skills.claude_skills.tests.unit.test_sdd_validate.test_reporting" name="test_generate_report_with_dependencies_bottlenecks" time="0.001" /><testcase classname="src.claude_skills.claude_skills.tests.unit.test_sdd_validate.test_reporting" name="test_generate_report_with_dependencies_all_types" time="0.000" /><testcase classname="src.claude_skills.claude_skills.tests.unit.test_sdd_validate.test_reporting" name="test_generate_report_with_dependencies_json" time="0.001" /><testcase classname="src.claude_skills.claude_skills.tests.unit.test_sdd_validate.test_reporting" name="test_generate_report_legacy_dependency_keys" time="0.000" /><testcase classname="src.claude_skills.claude_skills.tests.unit.test_sdd_validate.test_reporting" name="test_generate_report_mixed_dependency_keys" time="0.000" /><testcase classname="src.claude_skills.claude_skills.tests.unit.test_sdd_validate.test_reporting" name="test_generate_report_invalid_format" time="0.000" /><testcase classname="src.claude_skills.claude_skills.tests.unit.test_sdd_validate.test_reporting" name="test_generate_report_empty_dependency_analysis" time="0.000" /><testcase classname="src.claude_skills.claude_skills.tests.unit.test_sdd_validate.test_stats" name="test_calculate_statistics_basic" time="0.000" /><testcase classname="src.claude_skills.claude_skills.tests.unit.test_sdd_validate.test_stats" name="test_calculate_statistics_with_verifications" time="0.000" /><testcase classname="src.claude_skills.claude_skills.tests.unit.test_sdd_validate.test_stats" name="test_calculate_statistics_empty_hierarchy" time="0.000" /><testcase classname="src.claude_skills.claude_skills.tests.unit.test_sdd_validate.test_stats" name="test_calculate_statistics_status_counts" time="0.000" /><testcase classname="src.claude_skills.claude_skills.tests.unit.test_sdd_validate.test_stats" name="test_render_statistics_text" time="0.000" /><testcase classname="src.claude_skills.claude_skills.tests.unit.test_sdd_validate.test_stats" name="test_render_statistics_json" time="0.000" /><testcase classname="src.claude_skills.claude_skills.tests.unit.test_suggest_modifications.TestSuggestModifications" name="test_empty_issues_returns_empty_list" time="0.000" /><testcase classname="src.claude_skills.claude_skills.tests.unit.test_suggest_modifications.TestSuggestModifications" name="test_processes_critical_issues_first" time="0.000" /><testcase classname="src.claude_skills.claude_skills.tests.unit.test_suggest_modifications.TestSuggestModifications" name="test_handles_missing_severity_keys" time="0.000" /><testcase classname="src.claude_skills.claude_skills.tests.unit.test_suggest_modifications.TestSuggestModifications" name="test_processes_multiple_issues" time="0.000" /><testcase classname="src.claude_skills.claude_skills.tests.unit.test_suggest_modifications.TestSuggestForIssue" name="test_missing_description_generates_update" time="0.000" /><testcase classname="src.claude_skills.claude_skills.tests.unit.test_suggest_modifications.TestSuggestForIssue" name="test_unclear_description_generates_update" time="0.000" /><testcase classname="src.claude_skills.claude_skills.tests.unit.test_suggest_modifications.TestSuggestForIssue" name="test_missing_dependency_generates_update" time="0.000" /><testcase classname="src.claude_skills.claude_skills.tests.unit.test_suggest_modifications.TestSuggestForIssue" name="test_incorrect_estimate_generates_metadata_update" time="0.000" /><testcase classname="src.claude_skills.claude_skills.tests.unit.test_suggest_modifications.TestSuggestForIssue" name="test_missing_verification_generates_add_node" time="0.000" /><testcase classname="src.claude_skills.claude_skills.tests.unit.test_suggest_modifications.TestSuggestForIssue" name="test_missing_task_generates_add_node" time="0.000" /><testcase classname="src.claude_skills.claude_skills.tests.unit.test_suggest_modifications.TestSuggestForIssue" name="test_task_ordering_generates_note" time="0.000" /><testcase classname="src.claude_skills.claude_skills.tests.unit.test_suggest_modifications.TestSuggestForIssue" name="test_generic_update_generates_review_note" time="0.000" /><testcase classname="src.claude_skills.claude_skills.tests.unit.test_suggest_modifications.TestSuggestForIssue" name="test_no_node_id_returns_empty_list" time="0.000" /><testcase classname="src.claude_skills.claude_skills.tests.unit.test_suggest_modifications.TestSuggestForIssue" name="test_unmatched_pattern_returns_empty_list" time="0.000" /><testcase classname="src.claude_skills.claude_skills.tests.unit.test_suggest_modifications.TestSuggestForIssue" name="test_reason_field_includes_severity_and_title" time="0.000" /><testcase classname="src.claude_skills.claude_skills.tests.unit.test_suggest_modifications.TestIntegrationScenarios" name="test_full_review_with_multiple_issue_types" time="0.000" /><testcase classname="src.claude_skills.claude_skills.tests.unit.test_suggest_modifications.TestIntegrationScenarios" name="test_handles_malformed_issue_gracefully" time="0.008" /></testsuite></testsuites>